// Jest Snapshot v1, https://goo.gl/fbAQLP

exports[`mini-split-chunks should process mini-split-chunks 1`] = `40`;
