// Jest Snapshot v1, https://goo.gl/fbAQLP

exports[`vue should build vue app 1`] = `12`;

exports[`vue should build vue app 2`] = `
"
/** filePath: dist/app.js **/
require(\\"./runtime\\");

require(\\"./taro\\");

(wx[\\"webpackJsonp\\"] = wx[\\"webpackJsonp\\"] || []).push([ [ 2 ], {
    3: function(module, exports, __webpack_require__) {},
    6: function(module, __webpack_exports__, __webpack_require__) {
        \\"use strict\\";
        __webpack_require__.r(__webpack_exports__);
        var taro_runtime = __webpack_require__(0);
        var vue = \\"vue-mock\\";
        var app = __webpack_require__(3);
        var app_App = new vue({
            onShow: function onShow() {},
            render: function render(h) {
                return h(\\"block\\", this.$slots.default);
            }
        });
        var lib_src_app = app_App;
        var config = {
            pages: [ \\"pages/index/index\\" ],
            window: {
                backgroundTextStyle: \\"light\\",
                navigationBarBackgroundColor: \\"#fff\\",
                navigationBarTitleText: \\"WeChat\\",
                navigationBarTextStyle: \\"black\\"
            }
        };
        taro_runtime[\\"window\\"].__taroAppConfig = config;
        var inst = App(Object(taro_runtime[\\"createVueApp\\"])(lib_src_app, vue, config));
    }
}, [ [ 6, 0, 1 ] ] ]);



/** filePath: dist/app.json **/
{\\"pages\\":[\\"pages/index/index\\"],\\"window\\":{\\"backgroundTextStyle\\":\\"light\\",\\"navigationBarBackgroundColor\\":\\"#fff\\",\\"navigationBarTitleText\\":\\"WeChat\\",\\"navigationBarTextStyle\\":\\"black\\"}}

/** filePath: dist/app.wxss **/


/** filePath: dist/base.wxml **/
<wxs module=\\"xs\\" src=\\"./utils.wxs\\" />
<template name=\\"taro_tmpl\\">
  <block wx:for=\\"{{root.cn}}\\" wx:key=\\"uid\\">
    <template is=\\"tmpl_0_container\\" data=\\"{{i:item,l:''}}\\" />
  </block>
</template>

<template name=\\"tmpl_0_view\\">
  <view hover-class=\\"{{xs.b(i.hoverClass,'none')}}\\" hover-stop-propagation=\\"{{xs.b(i.hoverStopPropagation,false)}}\\" hover-start-time=\\"{{xs.b(i.hoverStartTime,50)}}\\" hover-stay-time=\\"{{xs.b(i.hoverStayTime,400)}}\\" animation=\\"{{i.animation}}\\" bindanimationstart=\\"eh\\" bindanimationiteration=\\"eh\\" bindanimationend=\\"eh\\" bindtransitionend=\\"eh\\" bindtouchstart=\\"eh\\" bindtouchmove=\\"eh\\" bindtouchend=\\"eh\\" bindtouchcancel=\\"eh\\" bindlongpress=\\"eh\\" style=\\"{{i.st}}\\" class=\\"{{i.cl}}\\" bindtap=\\"eh\\"  id=\\"{{i.uid}}\\">
    <block wx:for=\\"{{i.cn}}\\" wx:key=\\"uid\\">
      <template is=\\"{{xs.e(cid+1)}}\\" data=\\"{{i:item,l:l}}\\" />
    </block>
  </view>
</template>

<template name=\\"tmpl_0_text\\">
  <text selectable=\\"{{xs.b(i.selectable,false)}}\\" space=\\"{{i.space}}\\" decode=\\"{{xs.b(i.decode,false)}}\\" style=\\"{{i.st}}\\" class=\\"{{i.cl}}\\" bindtap=\\"eh\\"  id=\\"{{i.uid}}\\">
    <block wx:for=\\"{{i.cn}}\\" wx:key=\\"uid\\">
      <template is=\\"{{xs.e(cid+1)}}\\" data=\\"{{i:item,l:l}}\\" />
    </block>
  </text>
</template>

<template name=\\"tmpl_0_scroll-view\\">
  <scroll-view scroll-x=\\"{{xs.b(i.scrollX,false)}}\\" scroll-y=\\"{{xs.b(i.scrollY,false)}}\\" upper-threshold=\\"{{xs.b(i.upperThreshold,50)}}\\" lower-threshold=\\"{{xs.b(i.lowerThreshold,50)}}\\" scroll-top=\\"{{i.scrollTop}}\\" scroll-left=\\"{{i.scrollLeft}}\\" scroll-into-view=\\"{{i.scrollIntoView}}\\" scroll-with-animation=\\"{{xs.b(i.scrollWithAnimation,false)}}\\" enable-back-to-top=\\"{{xs.b(i.enableBackToTop,false)}}\\" enable-flex=\\"{{xs.b(i.enableFlex,false)}}\\" scroll-anchoring=\\"{{xs.b(i.scrollAnchoring,false)}}\\" refresher-enabled=\\"{{xs.b(i.refresherEnabled,false)}}\\" refresher-threshold=\\"{{xs.b(i.refresherThreshold,45)}}\\" refresher-default-style=\\"{{xs.b(i.refresherDefaultStyle,'black')}}\\" refresher-background=\\"{{xs.b(i.refresherBackground,'#FFF')}}\\" refresher-triggered=\\"{{xs.b(i.refresherTriggered,false)}}\\" enhanced=\\"{{xs.b(i.enhanced,false)}}\\" bounces=\\"{{xs.b(i.bounces,true)}}\\" show-scrollbar=\\"{{xs.b(i.showScrollbar,true)}}\\" paging-enabled=\\"{{xs.b(i.pagingEnabled,false)}}\\" fast-deceleration=\\"{{xs.b(i.fastDeceleration,false)}}\\" bindrefresherpulling=\\"eh\\" bindrefresherrefresh=\\"eh\\" bindrefresherrestore=\\"eh\\" bindrefresherabort=\\"eh\\" bindscrolltoupper=\\"eh\\" bindscrolltolower=\\"eh\\" bindscroll=\\"eh\\" animation=\\"{{i.animation}}\\" bindtransitionend=\\"eh\\" bindanimationstart=\\"eh\\" bindanimationiteration=\\"eh\\" bindanimationend=\\"eh\\" binddragstart=\\"eh\\" binddragging=\\"eh\\" binddragend=\\"eh\\" bindtouchstart=\\"eh\\" bindtouchmove=\\"eh\\" bindtouchend=\\"eh\\" bindtouchcancel=\\"eh\\" bindlongpress=\\"eh\\" style=\\"{{i.st}}\\" class=\\"{{i.cl}}\\" bindtap=\\"eh\\"  id=\\"{{i.uid}}\\">
    <block wx:for=\\"{{i.cn}}\\" wx:key=\\"uid\\">
      <template is=\\"{{xs.e(cid+1)}}\\" data=\\"{{i:item,l:l}}\\" />
    </block>
  </scroll-view>
</template>

<template name=\\"tmpl_0_image\\">
  <image src=\\"{{i.src}}\\" mode=\\"{{xs.b(i.mode,'scaleToFill')}}\\" webp=\\"{{xs.b(i.webp,false)}}\\" lazy-load=\\"{{xs.b(i.lazyLoad,false)}}\\" show-menu-by-longpress=\\"{{xs.b(i.showMenuByLongpress,false)}}\\" binderror=\\"eh\\" bindload=\\"eh\\" bindtouchstart=\\"eh\\" bindtouchmove=\\"eh\\" bindtouchend=\\"eh\\" bindtouchcancel=\\"eh\\" bindlongpress=\\"eh\\" style=\\"{{i.st}}\\" class=\\"{{i.cl}}\\" bindtap=\\"eh\\"  id=\\"{{i.uid}}\\">
    <block wx:for=\\"{{i.cn}}\\" wx:key=\\"uid\\">
      <template is=\\"{{xs.e(cid+1)}}\\" data=\\"{{i:item,l:l}}\\" />
    </block>
  </image>
</template>

<template name=\\"tmpl_0_#text\\" data=\\"{{i:i}}\\">
  <block>{{i.v}}</block>
</template>

<template name=\\"tmpl_0_container\\">
  <template is=\\"{{xs.a(0, i.nn, l)}}\\" data=\\"{{i:i,cid:0,l:xs.f(l,i.nn)}}\\" />
</template>

<template name=\\"tmpl_1_view\\">
  <view hover-class=\\"{{xs.b(i.hoverClass,'none')}}\\" hover-stop-propagation=\\"{{xs.b(i.hoverStopPropagation,false)}}\\" hover-start-time=\\"{{xs.b(i.hoverStartTime,50)}}\\" hover-stay-time=\\"{{xs.b(i.hoverStayTime,400)}}\\" animation=\\"{{i.animation}}\\" bindanimationstart=\\"eh\\" bindanimationiteration=\\"eh\\" bindanimationend=\\"eh\\" bindtransitionend=\\"eh\\" bindtouchstart=\\"eh\\" bindtouchmove=\\"eh\\" bindtouchend=\\"eh\\" bindtouchcancel=\\"eh\\" bindlongpress=\\"eh\\" style=\\"{{i.st}}\\" class=\\"{{i.cl}}\\" bindtap=\\"eh\\"  id=\\"{{i.uid}}\\">
    <block wx:for=\\"{{i.cn}}\\" wx:key=\\"uid\\">
      <template is=\\"{{xs.e(cid+1)}}\\" data=\\"{{i:item,l:l}}\\" />
    </block>
  </view>
</template>

<template name=\\"tmpl_1_text\\">
  <text selectable=\\"{{xs.b(i.selectable,false)}}\\" space=\\"{{i.space}}\\" decode=\\"{{xs.b(i.decode,false)}}\\" style=\\"{{i.st}}\\" class=\\"{{i.cl}}\\" bindtap=\\"eh\\"  id=\\"{{i.uid}}\\">
    <block wx:for=\\"{{i.cn}}\\" wx:key=\\"uid\\">
      <template is=\\"{{xs.e(cid+1)}}\\" data=\\"{{i:item,l:l}}\\" />
    </block>
  </text>
</template>

<template name=\\"tmpl_1_scroll-view\\">
  <scroll-view scroll-x=\\"{{xs.b(i.scrollX,false)}}\\" scroll-y=\\"{{xs.b(i.scrollY,false)}}\\" upper-threshold=\\"{{xs.b(i.upperThreshold,50)}}\\" lower-threshold=\\"{{xs.b(i.lowerThreshold,50)}}\\" scroll-top=\\"{{i.scrollTop}}\\" scroll-left=\\"{{i.scrollLeft}}\\" scroll-into-view=\\"{{i.scrollIntoView}}\\" scroll-with-animation=\\"{{xs.b(i.scrollWithAnimation,false)}}\\" enable-back-to-top=\\"{{xs.b(i.enableBackToTop,false)}}\\" enable-flex=\\"{{xs.b(i.enableFlex,false)}}\\" scroll-anchoring=\\"{{xs.b(i.scrollAnchoring,false)}}\\" refresher-enabled=\\"{{xs.b(i.refresherEnabled,false)}}\\" refresher-threshold=\\"{{xs.b(i.refresherThreshold,45)}}\\" refresher-default-style=\\"{{xs.b(i.refresherDefaultStyle,'black')}}\\" refresher-background=\\"{{xs.b(i.refresherBackground,'#FFF')}}\\" refresher-triggered=\\"{{xs.b(i.refresherTriggered,false)}}\\" enhanced=\\"{{xs.b(i.enhanced,false)}}\\" bounces=\\"{{xs.b(i.bounces,true)}}\\" show-scrollbar=\\"{{xs.b(i.showScrollbar,true)}}\\" paging-enabled=\\"{{xs.b(i.pagingEnabled,false)}}\\" fast-deceleration=\\"{{xs.b(i.fastDeceleration,false)}}\\" bindrefresherpulling=\\"eh\\" bindrefresherrefresh=\\"eh\\" bindrefresherrestore=\\"eh\\" bindrefresherabort=\\"eh\\" bindscrolltoupper=\\"eh\\" bindscrolltolower=\\"eh\\" bindscroll=\\"eh\\" animation=\\"{{i.animation}}\\" bindtransitionend=\\"eh\\" bindanimationstart=\\"eh\\" bindanimationiteration=\\"eh\\" bindanimationend=\\"eh\\" binddragstart=\\"eh\\" binddragging=\\"eh\\" binddragend=\\"eh\\" bindtouchstart=\\"eh\\" bindtouchmove=\\"eh\\" bindtouchend=\\"eh\\" bindtouchcancel=\\"eh\\" bindlongpress=\\"eh\\" style=\\"{{i.st}}\\" class=\\"{{i.cl}}\\" bindtap=\\"eh\\"  id=\\"{{i.uid}}\\">
    <block wx:for=\\"{{i.cn}}\\" wx:key=\\"uid\\">
      <template is=\\"{{xs.e(cid+1)}}\\" data=\\"{{i:item,l:l}}\\" />
    </block>
  </scroll-view>
</template>

<template name=\\"tmpl_1_container\\">
  <template is=\\"{{xs.a(1, i.nn, l)}}\\" data=\\"{{i:i,cid:1,l:xs.f(l,i.nn)}}\\" />
</template>

<template name=\\"tmpl_2_view\\">
  <view hover-class=\\"{{xs.b(i.hoverClass,'none')}}\\" hover-stop-propagation=\\"{{xs.b(i.hoverStopPropagation,false)}}\\" hover-start-time=\\"{{xs.b(i.hoverStartTime,50)}}\\" hover-stay-time=\\"{{xs.b(i.hoverStayTime,400)}}\\" animation=\\"{{i.animation}}\\" bindanimationstart=\\"eh\\" bindanimationiteration=\\"eh\\" bindanimationend=\\"eh\\" bindtransitionend=\\"eh\\" bindtouchstart=\\"eh\\" bindtouchmove=\\"eh\\" bindtouchend=\\"eh\\" bindtouchcancel=\\"eh\\" bindlongpress=\\"eh\\" style=\\"{{i.st}}\\" class=\\"{{i.cl}}\\" bindtap=\\"eh\\"  id=\\"{{i.uid}}\\">
    <block wx:for=\\"{{i.cn}}\\" wx:key=\\"uid\\">
      <template is=\\"{{xs.e(cid+1)}}\\" data=\\"{{i:item,l:l}}\\" />
    </block>
  </view>
</template>

<template name=\\"tmpl_2_text\\">
  <text selectable=\\"{{xs.b(i.selectable,false)}}\\" space=\\"{{i.space}}\\" decode=\\"{{xs.b(i.decode,false)}}\\" style=\\"{{i.st}}\\" class=\\"{{i.cl}}\\" bindtap=\\"eh\\"  id=\\"{{i.uid}}\\">
    <block wx:for=\\"{{i.cn}}\\" wx:key=\\"uid\\">
      <template is=\\"{{xs.e(cid+1)}}\\" data=\\"{{i:item,l:l}}\\" />
    </block>
  </text>
</template>

<template name=\\"tmpl_2_scroll-view\\">
  <scroll-view scroll-x=\\"{{xs.b(i.scrollX,false)}}\\" scroll-y=\\"{{xs.b(i.scrollY,false)}}\\" upper-threshold=\\"{{xs.b(i.upperThreshold,50)}}\\" lower-threshold=\\"{{xs.b(i.lowerThreshold,50)}}\\" scroll-top=\\"{{i.scrollTop}}\\" scroll-left=\\"{{i.scrollLeft}}\\" scroll-into-view=\\"{{i.scrollIntoView}}\\" scroll-with-animation=\\"{{xs.b(i.scrollWithAnimation,false)}}\\" enable-back-to-top=\\"{{xs.b(i.enableBackToTop,false)}}\\" enable-flex=\\"{{xs.b(i.enableFlex,false)}}\\" scroll-anchoring=\\"{{xs.b(i.scrollAnchoring,false)}}\\" refresher-enabled=\\"{{xs.b(i.refresherEnabled,false)}}\\" refresher-threshold=\\"{{xs.b(i.refresherThreshold,45)}}\\" refresher-default-style=\\"{{xs.b(i.refresherDefaultStyle,'black')}}\\" refresher-background=\\"{{xs.b(i.refresherBackground,'#FFF')}}\\" refresher-triggered=\\"{{xs.b(i.refresherTriggered,false)}}\\" enhanced=\\"{{xs.b(i.enhanced,false)}}\\" bounces=\\"{{xs.b(i.bounces,true)}}\\" show-scrollbar=\\"{{xs.b(i.showScrollbar,true)}}\\" paging-enabled=\\"{{xs.b(i.pagingEnabled,false)}}\\" fast-deceleration=\\"{{xs.b(i.fastDeceleration,false)}}\\" bindrefresherpulling=\\"eh\\" bindrefresherrefresh=\\"eh\\" bindrefresherrestore=\\"eh\\" bindrefresherabort=\\"eh\\" bindscrolltoupper=\\"eh\\" bindscrolltolower=\\"eh\\" bindscroll=\\"eh\\" animation=\\"{{i.animation}}\\" bindtransitionend=\\"eh\\" bindanimationstart=\\"eh\\" bindanimationiteration=\\"eh\\" bindanimationend=\\"eh\\" binddragstart=\\"eh\\" binddragging=\\"eh\\" binddragend=\\"eh\\" bindtouchstart=\\"eh\\" bindtouchmove=\\"eh\\" bindtouchend=\\"eh\\" bindtouchcancel=\\"eh\\" bindlongpress=\\"eh\\" style=\\"{{i.st}}\\" class=\\"{{i.cl}}\\" bindtap=\\"eh\\"  id=\\"{{i.uid}}\\">
    <block wx:for=\\"{{i.cn}}\\" wx:key=\\"uid\\">
      <template is=\\"{{xs.e(cid+1)}}\\" data=\\"{{i:item,l:l}}\\" />
    </block>
  </scroll-view>
</template>

<template name=\\"tmpl_2_container\\">
  <template is=\\"{{xs.a(2, i.nn, l)}}\\" data=\\"{{i:i,cid:2,l:xs.f(l,i.nn)}}\\" />
</template>

<template name=\\"tmpl_3_view\\">
  <view hover-class=\\"{{xs.b(i.hoverClass,'none')}}\\" hover-stop-propagation=\\"{{xs.b(i.hoverStopPropagation,false)}}\\" hover-start-time=\\"{{xs.b(i.hoverStartTime,50)}}\\" hover-stay-time=\\"{{xs.b(i.hoverStayTime,400)}}\\" animation=\\"{{i.animation}}\\" bindanimationstart=\\"eh\\" bindanimationiteration=\\"eh\\" bindanimationend=\\"eh\\" bindtransitionend=\\"eh\\" bindtouchstart=\\"eh\\" bindtouchmove=\\"eh\\" bindtouchend=\\"eh\\" bindtouchcancel=\\"eh\\" bindlongpress=\\"eh\\" style=\\"{{i.st}}\\" class=\\"{{i.cl}}\\" bindtap=\\"eh\\"  id=\\"{{i.uid}}\\">
    <block wx:for=\\"{{i.cn}}\\" wx:key=\\"uid\\">
      <template is=\\"{{xs.e(cid+1)}}\\" data=\\"{{i:item,l:l}}\\" />
    </block>
  </view>
</template>

<template name=\\"tmpl_3_text\\">
  <text selectable=\\"{{xs.b(i.selectable,false)}}\\" space=\\"{{i.space}}\\" decode=\\"{{xs.b(i.decode,false)}}\\" style=\\"{{i.st}}\\" class=\\"{{i.cl}}\\" bindtap=\\"eh\\"  id=\\"{{i.uid}}\\">
    <block wx:for=\\"{{i.cn}}\\" wx:key=\\"uid\\">
      <template is=\\"{{xs.e(cid+1)}}\\" data=\\"{{i:item,l:l}}\\" />
    </block>
  </text>
</template>

<template name=\\"tmpl_3_scroll-view\\">
  <scroll-view scroll-x=\\"{{xs.b(i.scrollX,false)}}\\" scroll-y=\\"{{xs.b(i.scrollY,false)}}\\" upper-threshold=\\"{{xs.b(i.upperThreshold,50)}}\\" lower-threshold=\\"{{xs.b(i.lowerThreshold,50)}}\\" scroll-top=\\"{{i.scrollTop}}\\" scroll-left=\\"{{i.scrollLeft}}\\" scroll-into-view=\\"{{i.scrollIntoView}}\\" scroll-with-animation=\\"{{xs.b(i.scrollWithAnimation,false)}}\\" enable-back-to-top=\\"{{xs.b(i.enableBackToTop,false)}}\\" enable-flex=\\"{{xs.b(i.enableFlex,false)}}\\" scroll-anchoring=\\"{{xs.b(i.scrollAnchoring,false)}}\\" refresher-enabled=\\"{{xs.b(i.refresherEnabled,false)}}\\" refresher-threshold=\\"{{xs.b(i.refresherThreshold,45)}}\\" refresher-default-style=\\"{{xs.b(i.refresherDefaultStyle,'black')}}\\" refresher-background=\\"{{xs.b(i.refresherBackground,'#FFF')}}\\" refresher-triggered=\\"{{xs.b(i.refresherTriggered,false)}}\\" enhanced=\\"{{xs.b(i.enhanced,false)}}\\" bounces=\\"{{xs.b(i.bounces,true)}}\\" show-scrollbar=\\"{{xs.b(i.showScrollbar,true)}}\\" paging-enabled=\\"{{xs.b(i.pagingEnabled,false)}}\\" fast-deceleration=\\"{{xs.b(i.fastDeceleration,false)}}\\" bindrefresherpulling=\\"eh\\" bindrefresherrefresh=\\"eh\\" bindrefresherrestore=\\"eh\\" bindrefresherabort=\\"eh\\" bindscrolltoupper=\\"eh\\" bindscrolltolower=\\"eh\\" bindscroll=\\"eh\\" animation=\\"{{i.animation}}\\" bindtransitionend=\\"eh\\" bindanimationstart=\\"eh\\" bindanimationiteration=\\"eh\\" bindanimationend=\\"eh\\" binddragstart=\\"eh\\" binddragging=\\"eh\\" binddragend=\\"eh\\" bindtouchstart=\\"eh\\" bindtouchmove=\\"eh\\" bindtouchend=\\"eh\\" bindtouchcancel=\\"eh\\" bindlongpress=\\"eh\\" style=\\"{{i.st}}\\" class=\\"{{i.cl}}\\" bindtap=\\"eh\\"  id=\\"{{i.uid}}\\">
    <block wx:for=\\"{{i.cn}}\\" wx:key=\\"uid\\">
      <template is=\\"{{xs.e(cid+1)}}\\" data=\\"{{i:item,l:l}}\\" />
    </block>
  </scroll-view>
</template>

<template name=\\"tmpl_3_container\\">
  <template is=\\"{{xs.a(3, i.nn, l)}}\\" data=\\"{{i:i,cid:3,l:xs.f(l,i.nn)}}\\" />
</template>

<template name=\\"tmpl_4_view\\">
  <view hover-class=\\"{{xs.b(i.hoverClass,'none')}}\\" hover-stop-propagation=\\"{{xs.b(i.hoverStopPropagation,false)}}\\" hover-start-time=\\"{{xs.b(i.hoverStartTime,50)}}\\" hover-stay-time=\\"{{xs.b(i.hoverStayTime,400)}}\\" animation=\\"{{i.animation}}\\" bindanimationstart=\\"eh\\" bindanimationiteration=\\"eh\\" bindanimationend=\\"eh\\" bindtransitionend=\\"eh\\" bindtouchstart=\\"eh\\" bindtouchmove=\\"eh\\" bindtouchend=\\"eh\\" bindtouchcancel=\\"eh\\" bindlongpress=\\"eh\\" style=\\"{{i.st}}\\" class=\\"{{i.cl}}\\" bindtap=\\"eh\\"  id=\\"{{i.uid}}\\">
    <block wx:for=\\"{{i.cn}}\\" wx:key=\\"uid\\">
      <template is=\\"{{xs.e(cid+1)}}\\" data=\\"{{i:item,l:l}}\\" />
    </block>
  </view>
</template>

<template name=\\"tmpl_4_text\\">
  <text selectable=\\"{{xs.b(i.selectable,false)}}\\" space=\\"{{i.space}}\\" decode=\\"{{xs.b(i.decode,false)}}\\" style=\\"{{i.st}}\\" class=\\"{{i.cl}}\\" bindtap=\\"eh\\"  id=\\"{{i.uid}}\\">
    <block wx:for=\\"{{i.cn}}\\" wx:key=\\"uid\\">
      <template is=\\"{{xs.e(cid+1)}}\\" data=\\"{{i:item,l:l}}\\" />
    </block>
  </text>
</template>

<template name=\\"tmpl_4_container\\">
  <template is=\\"{{xs.a(4, i.nn, l)}}\\" data=\\"{{i:i,cid:4,l:xs.f(l,i.nn)}}\\" />
</template>

<template name=\\"tmpl_5_view\\">
  <view hover-class=\\"{{xs.b(i.hoverClass,'none')}}\\" hover-stop-propagation=\\"{{xs.b(i.hoverStopPropagation,false)}}\\" hover-start-time=\\"{{xs.b(i.hoverStartTime,50)}}\\" hover-stay-time=\\"{{xs.b(i.hoverStayTime,400)}}\\" animation=\\"{{i.animation}}\\" bindanimationstart=\\"eh\\" bindanimationiteration=\\"eh\\" bindanimationend=\\"eh\\" bindtransitionend=\\"eh\\" bindtouchstart=\\"eh\\" bindtouchmove=\\"eh\\" bindtouchend=\\"eh\\" bindtouchcancel=\\"eh\\" bindlongpress=\\"eh\\" style=\\"{{i.st}}\\" class=\\"{{i.cl}}\\" bindtap=\\"eh\\"  id=\\"{{i.uid}}\\">
    <block wx:for=\\"{{i.cn}}\\" wx:key=\\"uid\\">
      <template is=\\"{{xs.e(cid+1)}}\\" data=\\"{{i:item,l:l}}\\" />
    </block>
  </view>
</template>

<template name=\\"tmpl_5_text\\">
  <text selectable=\\"{{xs.b(i.selectable,false)}}\\" space=\\"{{i.space}}\\" decode=\\"{{xs.b(i.decode,false)}}\\" style=\\"{{i.st}}\\" class=\\"{{i.cl}}\\" bindtap=\\"eh\\"  id=\\"{{i.uid}}\\">
    <block wx:for=\\"{{i.cn}}\\" wx:key=\\"uid\\">
      <template is=\\"{{xs.e(cid+1)}}\\" data=\\"{{i:item,l:l}}\\" />
    </block>
  </text>
</template>

<template name=\\"tmpl_5_container\\">
  <template is=\\"{{xs.a(5, i.nn, l)}}\\" data=\\"{{i:i,cid:5,l:xs.f(l,i.nn)}}\\" />
</template>

<template name=\\"tmpl_6_view\\">
  <view hover-class=\\"{{xs.b(i.hoverClass,'none')}}\\" hover-stop-propagation=\\"{{xs.b(i.hoverStopPropagation,false)}}\\" hover-start-time=\\"{{xs.b(i.hoverStartTime,50)}}\\" hover-stay-time=\\"{{xs.b(i.hoverStayTime,400)}}\\" animation=\\"{{i.animation}}\\" bindanimationstart=\\"eh\\" bindanimationiteration=\\"eh\\" bindanimationend=\\"eh\\" bindtransitionend=\\"eh\\" bindtouchstart=\\"eh\\" bindtouchmove=\\"eh\\" bindtouchend=\\"eh\\" bindtouchcancel=\\"eh\\" bindlongpress=\\"eh\\" style=\\"{{i.st}}\\" class=\\"{{i.cl}}\\" bindtap=\\"eh\\"  id=\\"{{i.uid}}\\">
    <block wx:for=\\"{{i.cn}}\\" wx:key=\\"uid\\">
      <template is=\\"{{xs.e(cid+1)}}\\" data=\\"{{i:item,l:l}}\\" />
    </block>
  </view>
</template>

<template name=\\"tmpl_6_text\\">
  <text selectable=\\"{{xs.b(i.selectable,false)}}\\" space=\\"{{i.space}}\\" decode=\\"{{xs.b(i.decode,false)}}\\" style=\\"{{i.st}}\\" class=\\"{{i.cl}}\\" bindtap=\\"eh\\"  id=\\"{{i.uid}}\\">
    <block wx:for=\\"{{i.cn}}\\" wx:key=\\"uid\\">
      <template is=\\"{{xs.e(cid+1)}}\\" data=\\"{{i:item,l:l}}\\" />
    </block>
  </text>
</template>

<template name=\\"tmpl_6_container\\">
  <template is=\\"{{xs.a(6, i.nn, l)}}\\" data=\\"{{i:i,cid:6,l:xs.f(l,i.nn)}}\\" />
</template>

<template name=\\"tmpl_7_view\\">
  <view hover-class=\\"{{xs.b(i.hoverClass,'none')}}\\" hover-stop-propagation=\\"{{xs.b(i.hoverStopPropagation,false)}}\\" hover-start-time=\\"{{xs.b(i.hoverStartTime,50)}}\\" hover-stay-time=\\"{{xs.b(i.hoverStayTime,400)}}\\" animation=\\"{{i.animation}}\\" bindanimationstart=\\"eh\\" bindanimationiteration=\\"eh\\" bindanimationend=\\"eh\\" bindtransitionend=\\"eh\\" bindtouchstart=\\"eh\\" bindtouchmove=\\"eh\\" bindtouchend=\\"eh\\" bindtouchcancel=\\"eh\\" bindlongpress=\\"eh\\" style=\\"{{i.st}}\\" class=\\"{{i.cl}}\\" bindtap=\\"eh\\"  id=\\"{{i.uid}}\\">
    <block wx:for=\\"{{i.cn}}\\" wx:key=\\"uid\\">
      <template is=\\"{{xs.e(cid+1)}}\\" data=\\"{{i:item,l:l}}\\" />
    </block>
  </view>
</template>

<template name=\\"tmpl_7_text\\">
  <text selectable=\\"{{xs.b(i.selectable,false)}}\\" space=\\"{{i.space}}\\" decode=\\"{{xs.b(i.decode,false)}}\\" style=\\"{{i.st}}\\" class=\\"{{i.cl}}\\" bindtap=\\"eh\\"  id=\\"{{i.uid}}\\">
    <block wx:for=\\"{{i.cn}}\\" wx:key=\\"uid\\">
      <template is=\\"{{xs.e(cid+1)}}\\" data=\\"{{i:item,l:l}}\\" />
    </block>
  </text>
</template>

<template name=\\"tmpl_7_container\\">
  <template is=\\"{{xs.a(7, i.nn, l)}}\\" data=\\"{{i:i,cid:7,l:xs.f(l,i.nn)}}\\" />
</template>

<template name=\\"tmpl_8_view\\">
  <view hover-class=\\"{{xs.b(i.hoverClass,'none')}}\\" hover-stop-propagation=\\"{{xs.b(i.hoverStopPropagation,false)}}\\" hover-start-time=\\"{{xs.b(i.hoverStartTime,50)}}\\" hover-stay-time=\\"{{xs.b(i.hoverStayTime,400)}}\\" animation=\\"{{i.animation}}\\" bindanimationstart=\\"eh\\" bindanimationiteration=\\"eh\\" bindanimationend=\\"eh\\" bindtransitionend=\\"eh\\" bindtouchstart=\\"eh\\" bindtouchmove=\\"eh\\" bindtouchend=\\"eh\\" bindtouchcancel=\\"eh\\" bindlongpress=\\"eh\\" style=\\"{{i.st}}\\" class=\\"{{i.cl}}\\" bindtap=\\"eh\\"  id=\\"{{i.uid}}\\">
    <block wx:for=\\"{{i.cn}}\\" wx:key=\\"uid\\">
      <template is=\\"{{xs.e(cid+1)}}\\" data=\\"{{i:item,l:l}}\\" />
    </block>
  </view>
</template>

<template name=\\"tmpl_8_text\\">
  <text selectable=\\"{{xs.b(i.selectable,false)}}\\" space=\\"{{i.space}}\\" decode=\\"{{xs.b(i.decode,false)}}\\" style=\\"{{i.st}}\\" class=\\"{{i.cl}}\\" bindtap=\\"eh\\"  id=\\"{{i.uid}}\\">
    <block wx:for=\\"{{i.cn}}\\" wx:key=\\"uid\\">
      <template is=\\"{{xs.e(cid+1)}}\\" data=\\"{{i:item,l:l}}\\" />
    </block>
  </text>
</template>

<template name=\\"tmpl_8_container\\">
  <template is=\\"{{xs.a(8, i.nn, l)}}\\" data=\\"{{i:i,cid:8,l:xs.f(l,i.nn)}}\\" />
</template>

<template name=\\"tmpl_9_view\\">
  <view hover-class=\\"{{xs.b(i.hoverClass,'none')}}\\" hover-stop-propagation=\\"{{xs.b(i.hoverStopPropagation,false)}}\\" hover-start-time=\\"{{xs.b(i.hoverStartTime,50)}}\\" hover-stay-time=\\"{{xs.b(i.hoverStayTime,400)}}\\" animation=\\"{{i.animation}}\\" bindanimationstart=\\"eh\\" bindanimationiteration=\\"eh\\" bindanimationend=\\"eh\\" bindtransitionend=\\"eh\\" bindtouchstart=\\"eh\\" bindtouchmove=\\"eh\\" bindtouchend=\\"eh\\" bindtouchcancel=\\"eh\\" bindlongpress=\\"eh\\" style=\\"{{i.st}}\\" class=\\"{{i.cl}}\\" bindtap=\\"eh\\"  id=\\"{{i.uid}}\\">
    <block wx:for=\\"{{i.cn}}\\" wx:key=\\"uid\\">
      <template is=\\"{{xs.e(cid+1)}}\\" data=\\"{{i:item,l:l}}\\" />
    </block>
  </view>
</template>

<template name=\\"tmpl_9_text\\">
  <text selectable=\\"{{xs.b(i.selectable,false)}}\\" space=\\"{{i.space}}\\" decode=\\"{{xs.b(i.decode,false)}}\\" style=\\"{{i.st}}\\" class=\\"{{i.cl}}\\" bindtap=\\"eh\\"  id=\\"{{i.uid}}\\">
    <block wx:for=\\"{{i.cn}}\\" wx:key=\\"uid\\">
      <template is=\\"{{xs.e(cid+1)}}\\" data=\\"{{i:item,l:l}}\\" />
    </block>
  </text>
</template>

<template name=\\"tmpl_9_container\\">
  <template is=\\"{{xs.a(9, i.nn, l)}}\\" data=\\"{{i:i,cid:9,l:xs.f(l,i.nn)}}\\" />
</template>

<template name=\\"tmpl_10_view\\">
  <view hover-class=\\"{{xs.b(i.hoverClass,'none')}}\\" hover-stop-propagation=\\"{{xs.b(i.hoverStopPropagation,false)}}\\" hover-start-time=\\"{{xs.b(i.hoverStartTime,50)}}\\" hover-stay-time=\\"{{xs.b(i.hoverStayTime,400)}}\\" animation=\\"{{i.animation}}\\" bindanimationstart=\\"eh\\" bindanimationiteration=\\"eh\\" bindanimationend=\\"eh\\" bindtransitionend=\\"eh\\" bindtouchstart=\\"eh\\" bindtouchmove=\\"eh\\" bindtouchend=\\"eh\\" bindtouchcancel=\\"eh\\" bindlongpress=\\"eh\\" style=\\"{{i.st}}\\" class=\\"{{i.cl}}\\" bindtap=\\"eh\\"  id=\\"{{i.uid}}\\">
    <block wx:for=\\"{{i.cn}}\\" wx:key=\\"uid\\">
      <template is=\\"{{xs.e(cid+1)}}\\" data=\\"{{i:item,l:l}}\\" />
    </block>
  </view>
</template>

<template name=\\"tmpl_10_text\\">
  <text selectable=\\"{{xs.b(i.selectable,false)}}\\" space=\\"{{i.space}}\\" decode=\\"{{xs.b(i.decode,false)}}\\" style=\\"{{i.st}}\\" class=\\"{{i.cl}}\\" bindtap=\\"eh\\"  id=\\"{{i.uid}}\\">
    <block wx:for=\\"{{i.cn}}\\" wx:key=\\"uid\\">
      <template is=\\"{{xs.e(cid+1)}}\\" data=\\"{{i:item,l:l}}\\" />
    </block>
  </text>
</template>

<template name=\\"tmpl_10_container\\">
  <template is=\\"{{xs.a(10, i.nn, l)}}\\" data=\\"{{i:i,cid:10,l:xs.f(l,i.nn)}}\\" />
</template>

<template name=\\"tmpl_11_view\\">
  <view hover-class=\\"{{xs.b(i.hoverClass,'none')}}\\" hover-stop-propagation=\\"{{xs.b(i.hoverStopPropagation,false)}}\\" hover-start-time=\\"{{xs.b(i.hoverStartTime,50)}}\\" hover-stay-time=\\"{{xs.b(i.hoverStayTime,400)}}\\" animation=\\"{{i.animation}}\\" bindanimationstart=\\"eh\\" bindanimationiteration=\\"eh\\" bindanimationend=\\"eh\\" bindtransitionend=\\"eh\\" bindtouchstart=\\"eh\\" bindtouchmove=\\"eh\\" bindtouchend=\\"eh\\" bindtouchcancel=\\"eh\\" bindlongpress=\\"eh\\" style=\\"{{i.st}}\\" class=\\"{{i.cl}}\\" bindtap=\\"eh\\"  id=\\"{{i.uid}}\\">
    <block wx:for=\\"{{i.cn}}\\" wx:key=\\"uid\\">
      <template is=\\"{{xs.e(cid+1)}}\\" data=\\"{{i:item,l:l}}\\" />
    </block>
  </view>
</template>

<template name=\\"tmpl_11_text\\">
  <text selectable=\\"{{xs.b(i.selectable,false)}}\\" space=\\"{{i.space}}\\" decode=\\"{{xs.b(i.decode,false)}}\\" style=\\"{{i.st}}\\" class=\\"{{i.cl}}\\" bindtap=\\"eh\\"  id=\\"{{i.uid}}\\">
    <block wx:for=\\"{{i.cn}}\\" wx:key=\\"uid\\">
      <template is=\\"{{xs.e(cid+1)}}\\" data=\\"{{i:item,l:l}}\\" />
    </block>
  </text>
</template>

<template name=\\"tmpl_11_container\\">
  <template is=\\"{{xs.a(11, i.nn, l)}}\\" data=\\"{{i:i,cid:11,l:xs.f(l,i.nn)}}\\" />
</template>

<template name=\\"tmpl_12_view\\">
  <view hover-class=\\"{{xs.b(i.hoverClass,'none')}}\\" hover-stop-propagation=\\"{{xs.b(i.hoverStopPropagation,false)}}\\" hover-start-time=\\"{{xs.b(i.hoverStartTime,50)}}\\" hover-stay-time=\\"{{xs.b(i.hoverStayTime,400)}}\\" animation=\\"{{i.animation}}\\" bindanimationstart=\\"eh\\" bindanimationiteration=\\"eh\\" bindanimationend=\\"eh\\" bindtransitionend=\\"eh\\" bindtouchstart=\\"eh\\" bindtouchmove=\\"eh\\" bindtouchend=\\"eh\\" bindtouchcancel=\\"eh\\" bindlongpress=\\"eh\\" style=\\"{{i.st}}\\" class=\\"{{i.cl}}\\" bindtap=\\"eh\\"  id=\\"{{i.uid}}\\">
    <block wx:for=\\"{{i.cn}}\\" wx:key=\\"uid\\">
      <template is=\\"{{xs.e(cid+1)}}\\" data=\\"{{i:item,l:l}}\\" />
    </block>
  </view>
</template>

<template name=\\"tmpl_12_text\\">
  <text selectable=\\"{{xs.b(i.selectable,false)}}\\" space=\\"{{i.space}}\\" decode=\\"{{xs.b(i.decode,false)}}\\" style=\\"{{i.st}}\\" class=\\"{{i.cl}}\\" bindtap=\\"eh\\"  id=\\"{{i.uid}}\\">
    <block wx:for=\\"{{i.cn}}\\" wx:key=\\"uid\\">
      <template is=\\"{{xs.e(cid+1)}}\\" data=\\"{{i:item,l:l}}\\" />
    </block>
  </text>
</template>

<template name=\\"tmpl_12_container\\">
  <template is=\\"{{xs.a(12, i.nn, l)}}\\" data=\\"{{i:i,cid:12,l:xs.f(l,i.nn)}}\\" />
</template>

<template name=\\"tmpl_13_view\\">
  <view hover-class=\\"{{xs.b(i.hoverClass,'none')}}\\" hover-stop-propagation=\\"{{xs.b(i.hoverStopPropagation,false)}}\\" hover-start-time=\\"{{xs.b(i.hoverStartTime,50)}}\\" hover-stay-time=\\"{{xs.b(i.hoverStayTime,400)}}\\" animation=\\"{{i.animation}}\\" bindanimationstart=\\"eh\\" bindanimationiteration=\\"eh\\" bindanimationend=\\"eh\\" bindtransitionend=\\"eh\\" bindtouchstart=\\"eh\\" bindtouchmove=\\"eh\\" bindtouchend=\\"eh\\" bindtouchcancel=\\"eh\\" bindlongpress=\\"eh\\" style=\\"{{i.st}}\\" class=\\"{{i.cl}}\\" bindtap=\\"eh\\"  id=\\"{{i.uid}}\\">
    <block wx:for=\\"{{i.cn}}\\" wx:key=\\"uid\\">
      <template is=\\"{{xs.e(cid+1)}}\\" data=\\"{{i:item,l:l}}\\" />
    </block>
  </view>
</template>

<template name=\\"tmpl_13_text\\">
  <text selectable=\\"{{xs.b(i.selectable,false)}}\\" space=\\"{{i.space}}\\" decode=\\"{{xs.b(i.decode,false)}}\\" style=\\"{{i.st}}\\" class=\\"{{i.cl}}\\" bindtap=\\"eh\\"  id=\\"{{i.uid}}\\">
    <block wx:for=\\"{{i.cn}}\\" wx:key=\\"uid\\">
      <template is=\\"{{xs.e(cid+1)}}\\" data=\\"{{i:item,l:l}}\\" />
    </block>
  </text>
</template>

<template name=\\"tmpl_13_container\\">
  <template is=\\"{{xs.a(13, i.nn, l)}}\\" data=\\"{{i:i,cid:13,l:xs.f(l,i.nn)}}\\" />
</template>

<template name=\\"tmpl_14_view\\">
  <view hover-class=\\"{{xs.b(i.hoverClass,'none')}}\\" hover-stop-propagation=\\"{{xs.b(i.hoverStopPropagation,false)}}\\" hover-start-time=\\"{{xs.b(i.hoverStartTime,50)}}\\" hover-stay-time=\\"{{xs.b(i.hoverStayTime,400)}}\\" animation=\\"{{i.animation}}\\" bindanimationstart=\\"eh\\" bindanimationiteration=\\"eh\\" bindanimationend=\\"eh\\" bindtransitionend=\\"eh\\" bindtouchstart=\\"eh\\" bindtouchmove=\\"eh\\" bindtouchend=\\"eh\\" bindtouchcancel=\\"eh\\" bindlongpress=\\"eh\\" style=\\"{{i.st}}\\" class=\\"{{i.cl}}\\" bindtap=\\"eh\\"  id=\\"{{i.uid}}\\">
    <block wx:for=\\"{{i.cn}}\\" wx:key=\\"uid\\">
      <template is=\\"{{xs.e(cid+1)}}\\" data=\\"{{i:item,l:l}}\\" />
    </block>
  </view>
</template>

<template name=\\"tmpl_14_text\\">
  <text selectable=\\"{{xs.b(i.selectable,false)}}\\" space=\\"{{i.space}}\\" decode=\\"{{xs.b(i.decode,false)}}\\" style=\\"{{i.st}}\\" class=\\"{{i.cl}}\\" bindtap=\\"eh\\"  id=\\"{{i.uid}}\\">
    <block wx:for=\\"{{i.cn}}\\" wx:key=\\"uid\\">
      <template is=\\"{{xs.e(cid+1)}}\\" data=\\"{{i:item,l:l}}\\" />
    </block>
  </text>
</template>

<template name=\\"tmpl_14_container\\">
  <template is=\\"{{xs.a(14, i.nn, l)}}\\" data=\\"{{i:i,cid:14,l:xs.f(l,i.nn)}}\\" />
</template>

<template name=\\"tmpl_15_container\\">
  <comp i=\\"{{i}}\\" l=\\"{{l}}\\" />
</template>


/** filePath: dist/comp.js **/
(wx[\\"webpackJsonp\\"] = wx[\\"webpackJsonp\\"] || []).push([ [ 4 ], {
    4: function(module, __webpack_exports__, __webpack_require__) {
        \\"use strict\\";
        __webpack_require__.r(__webpack_exports__);
        var _tarojs_runtime__WEBPACK_IMPORTED_MODULE_0__ = __webpack_require__(0);
        Component(Object(_tarojs_runtime__WEBPACK_IMPORTED_MODULE_0__[\\"createRecursiveComponentConfig\\"])());
    }
}, [ [ 4, 0, 1 ] ] ]);

/** filePath: dist/comp.json **/
{\\"component\\":true,\\"usingComponents\\":{\\"comp\\":\\"./comp\\"}}

/** filePath: dist/comp.wxml **/
<import src=\\"./base.wxml\\" />
  <template is=\\"tmpl_0_container\\" data=\\"{{i:i,l:l}}\\" />

/** filePath: dist/pages/index/index.js **/
(wx[\\"webpackJsonp\\"] = wx[\\"webpackJsonp\\"] || []).push([ [ 5 ], {
    5: function(module, __webpack_exports__, __webpack_require__) {
        \\"use strict\\";
        __webpack_require__.r(__webpack_exports__);
        var taro_runtime = __webpack_require__(0);
        var render = function() {
            var _vm = this;
            var _h = _vm.$createElement;
            var _c = _vm._self._c || _h;
            return _c(\\"view\\", {
                staticClass: \\"index\\"
            }, [ _c(\\"text\\", [ _vm._v(_vm._s(_vm.msg)) ]) ]);
        };
        var staticRenderFns = [];
        render._withStripped = true;
        var indexvue_type_script_lang_js_ = {
            data: function data() {
                return {
                    msg: \\"Hello world!\\"
                };
            }
        };
        var pages_indexvue_type_script_lang_js_ = indexvue_type_script_lang_js_;
        function normalizeComponent(scriptExports, render, staticRenderFns, functionalTemplate, injectStyles, scopeId, moduleIdentifier, shadowMode) {
            var options = typeof scriptExports === \\"function\\" ? scriptExports.options : scriptExports;
            if (render) {
                options.render = render;
                options.staticRenderFns = staticRenderFns;
                options._compiled = true;
            }
            if (functionalTemplate) {
                options.functional = true;
            }
            if (scopeId) {
                options._scopeId = \\"data-v-\\" + scopeId;
            }
            var hook;
            if (moduleIdentifier) {
                hook = function(context) {
                    context = context || this.$vnode && this.$vnode.ssrContext || this.parent && this.parent.$vnode && this.parent.$vnode.ssrContext;
                    if (!context && typeof __VUE_SSR_CONTEXT__ !== \\"undefined\\") {
                        context = __VUE_SSR_CONTEXT__;
                    }
                    if (injectStyles) {
                        injectStyles.call(this, context);
                    }
                    if (context && context._registeredComponents) {
                        context._registeredComponents.add(moduleIdentifier);
                    }
                };
                options._ssrRegister = hook;
            } else if (injectStyles) {
                hook = shadowMode ? function() {
                    injectStyles.call(this, (options.functional ? this.parent : this).$root.$options.shadowRoot);
                } : injectStyles;
            }
            if (hook) {
                if (options.functional) {
                    options._injectStyles = hook;
                    var originalRender = options.render;
                    options.render = function renderWithStyleInjection(h, context) {
                        hook.call(context);
                        return originalRender(h, context);
                    };
                } else {
                    var existing = options.beforeCreate;
                    options.beforeCreate = existing ? [].concat(existing, hook) : [ hook ];
                }
            }
            return {
                exports: scriptExports,
                options: options
            };
        }
        var component = normalizeComponent(pages_indexvue_type_script_lang_js_, render, staticRenderFns, false, null, null, null);
        if (false) {
            var api;
        }
        component.options.__file = \\"src/pages/index/index.vue\\";
        var index = component.exports;
        var config = {
            navigationBarTitleText: \\"\\\\u9996\\\\u9875\\"
        };
        var inst = Page(Object(taro_runtime[\\"createPageConfig\\"])(index, \\"pages/index/index\\", {}, config || {}));
    }
}, [ [ 5, 0, 1 ] ] ]);

/** filePath: dist/pages/index/index.json **/
{\\"navigationBarTitleText\\":\\"首页\\",\\"usingComponents\\":{\\"comp\\":\\"../../comp\\"}}

/** filePath: dist/pages/index/index.wxml **/
<import src=\\"../../base.wxml\\"/>
  <template is=\\"taro_tmpl\\" data=\\"{{root:root}}\\" />

/** filePath: dist/runtime.js **/
(function(modules) {
    function webpackJsonpCallback(data) {
        var chunkIds = data[0];
        var moreModules = data[1];
        var executeModules = data[2];
        var moduleId, chunkId, i = 0, resolves = [];
        for (;i < chunkIds.length; i++) {
            chunkId = chunkIds[i];
            if (Object.prototype.hasOwnProperty.call(installedChunks, chunkId) && installedChunks[chunkId]) {
                resolves.push(installedChunks[chunkId][0]);
            }
            installedChunks[chunkId] = 0;
        }
        for (moduleId in moreModules) {
            if (Object.prototype.hasOwnProperty.call(moreModules, moduleId)) {
                modules[moduleId] = moreModules[moduleId];
            }
        }
        if (parentJsonpFunction) parentJsonpFunction(data);
        while (resolves.length) {
            resolves.shift()();
        }
        deferredModules.push.apply(deferredModules, executeModules || []);
        return checkDeferredModules();
    }
    function checkDeferredModules() {
        var result;
        for (var i = 0; i < deferredModules.length; i++) {
            var deferredModule = deferredModules[i];
            var fulfilled = true;
            for (var j = 1; j < deferredModule.length; j++) {
                var depId = deferredModule[j];
                if (installedChunks[depId] !== 0) fulfilled = false;
            }
            if (fulfilled) {
                deferredModules.splice(i--, 1);
                result = __webpack_require__(__webpack_require__.s = deferredModule[0]);
            }
        }
        return result;
    }
    var installedModules = {};
    var installedChunks = {
        0: 0
    };
    var deferredModules = [];
    function __webpack_require__(moduleId) {
        if (installedModules[moduleId]) {
            return installedModules[moduleId].exports;
        }
        var module = installedModules[moduleId] = {
            i: moduleId,
            l: false,
            exports: {}
        };
        modules[moduleId].call(module.exports, module, module.exports, __webpack_require__);
        module.l = true;
        return module.exports;
    }
    __webpack_require__.m = modules;
    __webpack_require__.c = installedModules;
    __webpack_require__.d = function(exports, name, getter) {
        if (!__webpack_require__.o(exports, name)) {
            Object.defineProperty(exports, name, {
                enumerable: true,
                get: getter
            });
        }
    };
    __webpack_require__.r = function(exports) {
        if (typeof Symbol !== \\"undefined\\" && Symbol.toStringTag) {
            Object.defineProperty(exports, Symbol.toStringTag, {
                value: \\"Module\\"
            });
        }
        Object.defineProperty(exports, \\"__esModule\\", {
            value: true
        });
    };
    __webpack_require__.t = function(value, mode) {
        if (mode & 1) value = __webpack_require__(value);
        if (mode & 8) return value;
        if (mode & 4 && typeof value === \\"object\\" && value && value.__esModule) return value;
        var ns = Object.create(null);
        __webpack_require__.r(ns);
        Object.defineProperty(ns, \\"default\\", {
            enumerable: true,
            value: value
        });
        if (mode & 2 && typeof value != \\"string\\") for (var key in value) __webpack_require__.d(ns, key, function(key) {
            return value[key];
        }.bind(null, key));
        return ns;
    };
    __webpack_require__.n = function(module) {
        var getter = module && module.__esModule ? function getDefault() {
            return module[\\"default\\"];
        } : function getModuleExports() {
            return module;
        };
        __webpack_require__.d(getter, \\"a\\", getter);
        return getter;
    };
    __webpack_require__.o = function(object, property) {
        return Object.prototype.hasOwnProperty.call(object, property);
    };
    __webpack_require__.p = \\"/\\";
    var jsonpArray = wx[\\"webpackJsonp\\"] = wx[\\"webpackJsonp\\"] || [];
    var oldJsonpFunction = jsonpArray.push.bind(jsonpArray);
    jsonpArray.push = webpackJsonpCallback;
    jsonpArray = jsonpArray.slice();
    for (var i = 0; i < jsonpArray.length; i++) webpackJsonpCallback(jsonpArray[i]);
    var parentJsonpFunction = oldJsonpFunction;
    checkDeferredModules();
})([]);

/** filePath: dist/taro.js **/
(wx[\\"webpackJsonp\\"] = wx[\\"webpackJsonp\\"] || []).push([ [ 1 ], [ function(module, __webpack_exports__, __webpack_require__) {
    \\"use strict\\";
    var _unused_webpack_default_export = \\"taro-runtime-mock\\";
} ] ]);
"
`;
