// Jest Snapshot v1, https://goo.gl/fbAQLP

exports[`scanCode should render scanCode success 1`] = `
<View
  style={
    [
      {
        "alignItems": "center",
        "backgroundColor": "#FFF",
        "flex": 1,
        "justifyContent": "center",
        "position": "absolute",
        "zIndex": 1000,
      },
    ]
  }
>
  <ViewManagerAdapter_ExpoCamera
    barCodeScannerEnabled={true}
    barCodeScannerSettings={
      {
        "barCodeTypes": [],
      }
    }
    faceDetectorSettings={{}}
    focusDepth={0}
    onBarCodeScanned={[Function]}
    onCameraReady={[Function]}
    onFacesDetected={[Function]}
    onMountError={[Function]}
    onPictureSaved={[Function]}
    onResponsiveOrientationChanged={[Function]}
    style={
      {
        "height": 1334,
        "width": 750,
      }
    }
    zoom={0}
  />
  <View
    accessibilityLabel="Close"
    accessibilityState={
      {
        "busy": undefined,
        "checked": undefined,
        "disabled": undefined,
        "expanded": undefined,
        "selected": undefined,
      }
    }
    accessibilityValue={
      {
        "max": undefined,
        "min": undefined,
        "now": undefined,
        "text": undefined,
      }
    }
    accessible={true}
    collapsable={false}
    focusable={true}
    onClick={[Function]}
    onResponderGrant={[Function]}
    onResponderMove={[Function]}
    onResponderRelease={[Function]}
    onResponderTerminate={[Function]}
    onResponderTerminationRequest={[Function]}
    onStartShouldSetResponder={[Function]}
    style={
      {
        "left": 20,
        "opacity": 1,
        "position": "absolute",
        "top": 10,
      }
    }
  >
    <View
      style={
        {
          "paddingTop": 20,
        }
      }
    >
      <Image
        source={1}
        style={
          {
            "height": 25,
            "marginTop": null,
            "width": 25,
          }
        }
      />
    </View>
  </View>
  <View
    accessibilityState={
      {
        "busy": undefined,
        "checked": undefined,
        "disabled": undefined,
        "expanded": undefined,
        "selected": undefined,
      }
    }
    accessibilityValue={
      {
        "max": undefined,
        "min": undefined,
        "now": undefined,
        "text": undefined,
      }
    }
    accessible={true}
    collapsable={false}
    focusable={true}
    onClick={[Function]}
    onResponderGrant={[Function]}
    onResponderMove={[Function]}
    onResponderRelease={[Function]}
    onResponderTerminate={[Function]}
    onResponderTerminationRequest={[Function]}
    onStartShouldSetResponder={[Function]}
    style={
      {
        "bottom": 40,
        "opacity": 1,
        "position": "absolute",
        "right": 20,
      }
    }
  >
    <View
      style={
        {
          "paddingTop": 20,
        }
      }
    >
      <Image
        source={1}
        style={
          {
            "height": 20,
            "width": 20,
          }
        }
      />
    </View>
  </View>
</View>
`;
