// Jest Snapshot v1, https://goo.gl/fbAQLP

exports[`getBundleContent test file name and project directory path 1`] = `
"$color-ui-info: #78A4FA !default;
$color-ui-positive: #13CE66 !default;
$color-ui-negative: #FF4949 !default;
$color-ui-warning: #FFC82C !default;
"
`;

exports[`getBundleContent test file path 1`] = `
"$color-ui-info: #78A4FA !default;
$color-ui-positive: #13CE66 !default;
$color-ui-negative: #FF4949 !default;
$color-ui-warning: #FFC82C !default;
"
`;
