// Jest Snapshot v1, https://goo.gl/fbAQLP

exports[`app-loader app 1`] = `
"import 'react-native-gesture-handler'
  import { AppRegistry } from 'react-native'
  import { createReactNativeApp, createPageConfig } from '@tarojs/runtime-rn'
  import Component from './src/app'
  import pagesIndexIndex from './src/pages/index/index';import pagesExpoIndex from './src/pages/expo/index';import pagesAppIndex from './src/pages/app/index';import pagesAppText from './src/pages/app/text';import package1PagesSubTest1 from './src/package1/pages/sub/test1';import package1PagesSubApp from './src/package1/pages/sub/app'
  import AppComponentConfig from './src/app.config';
  const pagesIndexIndexConfig = {};const pagesExpoIndexConfig = {};const pagesAppIndexConfig = {};const pagesAppTextConfig = {};const package1PagesSubTest1Config = {};const package1PagesSubAppConfig = {}

  AppComponentConfig.tabBar = {"backgroundColor":"#ffffff","color":"#999","selectedColor":"#ff552e","list":[{"pagePath":"pages/index/index","iconPath":"data:image/png;base64,","selectedIconPath":"data:image/png;base64,","text":"首页"},{"pagePath":"pages/expo/index","iconPath":"data:image/png;base64,","selectedIconPath":"data:image/png;base64,","text":"expo"}]}

  const buildConfig = {"designWidth":750,"deviceRatio":{"640":1.17,"750":1,"828":0.905}}
  const config = { appConfig: { ...buildConfig, ...AppComponentConfig } }
  global.__taroAppConfig = config
  config['pageList'] = [{name:'pagesIndexIndex',pagePath:'/pages/index/index',component:createPageConfig(pagesIndexIndex,{...pagesIndexIndexConfig,pagePath:'/pages/index/index'})},{name:'pagesExpoIndex',pagePath:'/pages/expo/index',component:createPageConfig(pagesExpoIndex,{...pagesExpoIndexConfig,pagePath:'/pages/expo/index'})},{name:'pagesAppIndex',pagePath:'/pages/app/index',component:createPageConfig(pagesAppIndex,{...pagesAppIndexConfig,pagePath:'/pages/app/index'})},{name:'pagesAppText',pagePath:'/pages/app/text',component:createPageConfig(pagesAppText,{...pagesAppTextConfig,pagePath:'/pages/app/text'})},{name:'package1PagesSubTest1',pagePath:'/package1/pages/sub/test1',component:createPageConfig(package1PagesSubTest1,{...package1PagesSubTest1Config,pagePath:'/package1/pages/sub/test1'})},{name:'package1PagesSubApp',pagePath:'/package1/pages/sub/app',component:createPageConfig(package1PagesSubApp,{...package1PagesSubAppConfig,pagePath:'/package1/pages/sub/app'})}]
  AppRegistry.registerComponent('taroDemo',() => createReactNativeApp(Component,config,createPageConfig(pagesIndexIndex,{...pagesIndexIndexConfig,pagePath:'/pages/index/index'})))
  "
`;
