// Jest Snapshot v1, https://goo.gl/fbAQLP

exports[`app-loader app 1`] = `
"import 'react-native/Libraries/polyfills/error-guard'
  import { AppRegistry } from 'react-native'
  import { createReactNativeApp } from '@tarojs/runtime-rn'
  import { createPageConfig } from '@tarojs/runtime-rn'
  import Component from './src/app'
  import pagesIndexIndex from './src/pages/index/index';import pagesExpoIndex from './src/pages/expo/index';import pagesAppIndex from './src/pages/app/index';import pagesAppText from './src/pages/app/text';import package1PagesSubTest1 from './src/package1/pages/sub/test1';import package1PagesSubApp from './src/package1/pages/sub/app'
  

  var config = {\\"appConfig\\":{\\"pages\\":[\\"pages/index/index\\",\\"pages/expo/index\\",\\"pages/app/index\\",\\"pages/app/text\\",\\"package1/pages/sub/test1\\",\\"package1/pages/sub/app\\"],\\"subPackages\\":[{\\"root\\":\\"package1\\",\\"pages\\":[\\"pages/sub/test1\\",\\"pages/sub/app\\"]}],\\"tabBar\\":{\\"backgroundColor\\":\\"#ffffff\\",\\"color\\":\\"#999\\",\\"selectedColor\\":\\"#ff552e\\",\\"list\\":[{\\"pagePath\\":\\"pages/index/index\\",\\"iconPath\\":\\"image/icon_component.png\\",\\"selectedIconPath\\":\\"image/icon_component_HL.png\\",\\"text\\":\\"首页\\"},{\\"pagePath\\":\\"pages/expo/index\\",\\"iconPath\\":\\"image/icon_API.png\\",\\"selectedIconPath\\":\\"image/icon_API_HL.png\\",\\"text\\":\\"expo\\"}]},\\"designWidth\\":750,\\"deviceRatio\\":{\\"640\\":1.17,\\"750\\":1,\\"828\\":0.905}}}
  global.__taroAppConfig = config
  config['pageList'] = [{name:'pagesIndexIndex',pagePath:'/pages/index/index',component:createPageConfig(pagesIndexIndex,{\\"pagePath\\":\\"/pages/index/index\\"})},{name:'pagesExpoIndex',pagePath:'/pages/expo/index',component:createPageConfig(pagesExpoIndex,{\\"pagePath\\":\\"/pages/expo/index\\"})},{name:'pagesAppIndex',pagePath:'/pages/app/index',component:createPageConfig(pagesAppIndex,{\\"pagePath\\":\\"/pages/app/index\\"})},{name:'pagesAppText',pagePath:'/pages/app/text',component:createPageConfig(pagesAppText,{\\"pagePath\\":\\"/pages/app/text\\"})},{name:'package1PagesSubTest1',pagePath:'/package1/pages/sub/test1',component:createPageConfig(package1PagesSubTest1,{\\"pagePath\\":\\"/package1/pages/sub/test1\\"})},{name:'package1PagesSubApp',pagePath:'/package1/pages/sub/app',component:createPageConfig(package1PagesSubApp,{\\"pagePath\\":\\"/package1/pages/sub/app\\"})}]
  AppRegistry.registerComponent('taroDemo',() => createReactNativeApp(Component,config))
  "
`;
