// Jest Snapshot v1, https://goo.gl/fbAQLP

exports[`PickerView PickerView render 1`] = `
<View
  style={
    Object {
      "flexDirection": "row",
    }
  }
>
  <View
    style={
      Object {
        "flex": 1,
      }
    }
  >
    <RNCPicker
      items={
        Array [
          Object {
            "label": "2010年",
            "testID": undefined,
            "textColor": undefined,
            "value": 0,
          },
          Object {
            "label": "2011年",
            "testID": undefined,
            "textColor": undefined,
            "value": 1,
          },
          Object {
            "label": "2012年",
            "testID": undefined,
            "textColor": undefined,
            "value": 2,
          },
          Object {
            "label": "2013年",
            "testID": undefined,
            "textColor": undefined,
            "value": 3,
          },
          Object {
            "label": "2014年",
            "testID": undefined,
            "textColor": undefined,
            "value": 4,
          },
          Object {
            "label": "2015年",
            "testID": undefined,
            "textColor": undefined,
            "value": 5,
          },
          Object {
            "label": "2016年",
            "testID": undefined,
            "textColor": undefined,
            "value": 6,
          },
          Object {
            "label": "2017年",
            "testID": undefined,
            "textColor": undefined,
            "value": 7,
          },
          Object {
            "label": "2018年",
            "testID": undefined,
            "textColor": undefined,
            "value": 8,
          },
          Object {
            "label": "2019年",
            "testID": undefined,
            "textColor": undefined,
            "value": 9,
          },
          Object {
            "label": "2020年",
            "testID": undefined,
            "textColor": undefined,
            "value": 10,
          },
        ]
      }
      numberOfLines={1}
      onChange={[Function]}
      selectedIndex={0}
      style={
        Array [
          Object {
            "height": 216,
          },
          undefined,
        ]
      }
    />
  </View>
  <View
    style={
      Object {
        "flex": 1,
      }
    }
  >
    <RNCPicker
      items={
        Array [
          Object {
            "label": "1月",
            "testID": undefined,
            "textColor": undefined,
            "value": 0,
          },
          Object {
            "label": "2月",
            "testID": undefined,
            "textColor": undefined,
            "value": 1,
          },
          Object {
            "label": "3月",
            "testID": undefined,
            "textColor": undefined,
            "value": 2,
          },
          Object {
            "label": "4月",
            "testID": undefined,
            "textColor": undefined,
            "value": 3,
          },
          Object {
            "label": "5月",
            "testID": undefined,
            "textColor": undefined,
            "value": 4,
          },
          Object {
            "label": "6月",
            "testID": undefined,
            "textColor": undefined,
            "value": 5,
          },
          Object {
            "label": "7月",
            "testID": undefined,
            "textColor": undefined,
            "value": 6,
          },
          Object {
            "label": "8月",
            "testID": undefined,
            "textColor": undefined,
            "value": 7,
          },
          Object {
            "label": "9月",
            "testID": undefined,
            "textColor": undefined,
            "value": 8,
          },
          Object {
            "label": "10月",
            "testID": undefined,
            "textColor": undefined,
            "value": 9,
          },
          Object {
            "label": "11月",
            "testID": undefined,
            "textColor": undefined,
            "value": 10,
          },
          Object {
            "label": "12月",
            "testID": undefined,
            "textColor": undefined,
            "value": 11,
          },
        ]
      }
      numberOfLines={1}
      onChange={[Function]}
      selectedIndex={0}
      style={
        Array [
          Object {
            "height": 216,
          },
          undefined,
        ]
      }
    />
  </View>
  <View
    style={
      Object {
        "flex": 1,
      }
    }
  >
    <RNCPicker
      items={
        Array [
          Object {
            "label": "1日",
            "testID": undefined,
            "textColor": undefined,
            "value": 0,
          },
          Object {
            "label": "2日",
            "testID": undefined,
            "textColor": undefined,
            "value": 1,
          },
          Object {
            "label": "3日",
            "testID": undefined,
            "textColor": undefined,
            "value": 2,
          },
          Object {
            "label": "4日",
            "testID": undefined,
            "textColor": undefined,
            "value": 3,
          },
          Object {
            "label": "5日",
            "testID": undefined,
            "textColor": undefined,
            "value": 4,
          },
          Object {
            "label": "6日",
            "testID": undefined,
            "textColor": undefined,
            "value": 5,
          },
          Object {
            "label": "7日",
            "testID": undefined,
            "textColor": undefined,
            "value": 6,
          },
          Object {
            "label": "8日",
            "testID": undefined,
            "textColor": undefined,
            "value": 7,
          },
          Object {
            "label": "9日",
            "testID": undefined,
            "textColor": undefined,
            "value": 8,
          },
          Object {
            "label": "10日",
            "testID": undefined,
            "textColor": undefined,
            "value": 9,
          },
          Object {
            "label": "11日",
            "testID": undefined,
            "textColor": undefined,
            "value": 10,
          },
          Object {
            "label": "12日",
            "testID": undefined,
            "textColor": undefined,
            "value": 11,
          },
          Object {
            "label": "13日",
            "testID": undefined,
            "textColor": undefined,
            "value": 12,
          },
          Object {
            "label": "14日",
            "testID": undefined,
            "textColor": undefined,
            "value": 13,
          },
          Object {
            "label": "15日",
            "testID": undefined,
            "textColor": undefined,
            "value": 14,
          },
          Object {
            "label": "16日",
            "testID": undefined,
            "textColor": undefined,
            "value": 15,
          },
          Object {
            "label": "17日",
            "testID": undefined,
            "textColor": undefined,
            "value": 16,
          },
          Object {
            "label": "18日",
            "testID": undefined,
            "textColor": undefined,
            "value": 17,
          },
          Object {
            "label": "19日",
            "testID": undefined,
            "textColor": undefined,
            "value": 18,
          },
          Object {
            "label": "20日",
            "testID": undefined,
            "textColor": undefined,
            "value": 19,
          },
          Object {
            "label": "21日",
            "testID": undefined,
            "textColor": undefined,
            "value": 20,
          },
          Object {
            "label": "22日",
            "testID": undefined,
            "textColor": undefined,
            "value": 21,
          },
          Object {
            "label": "23日",
            "testID": undefined,
            "textColor": undefined,
            "value": 22,
          },
          Object {
            "label": "24日",
            "testID": undefined,
            "textColor": undefined,
            "value": 23,
          },
          Object {
            "label": "25日",
            "testID": undefined,
            "textColor": undefined,
            "value": 24,
          },
          Object {
            "label": "26日",
            "testID": undefined,
            "textColor": undefined,
            "value": 25,
          },
          Object {
            "label": "27日",
            "testID": undefined,
            "textColor": undefined,
            "value": 26,
          },
          Object {
            "label": "28日",
            "testID": undefined,
            "textColor": undefined,
            "value": 27,
          },
          Object {
            "label": "29日",
            "testID": undefined,
            "textColor": undefined,
            "value": 28,
          },
          Object {
            "label": "30日",
            "testID": undefined,
            "textColor": undefined,
            "value": 29,
          },
        ]
      }
      numberOfLines={1}
      onChange={[Function]}
      selectedIndex={0}
      style={
        Array [
          Object {
            "height": 216,
          },
          undefined,
        ]
      }
    />
  </View>
</View>
`;
