// Jest Snapshot v1, https://goo.gl/fbAQLP

exports[`PickerView props valid 1`] = `
<taro-picker-view-core class="taro-picker-view-container" style="0: w; 1: i; 2: d; 3: t; 4: h; 5: :; 6:  ; 7: 1; 8: 0; 9: 0; 10: %; 11: ;; 12:  ; 13: h; 14: e; 15: i; 16: g; 17: h; 18: t; 19: :; 20:  ; 21: 3; 22: 0; 23: 0; 24: p; 25: x; 26: ;; 27:  ; 28: p; 29: o; 30: s; 31: i; 32: t; 33: i; 34: o; 35: n; 36: :; 37:  ; 38: a; 39: b; 40: s; 41: o; 42: l; 43: u; 44: t; 45: e; 46: ;; 47:  ; 48: b; 49: o; 50: t; 51: t; 52: o; 53: m; 54: :; 55:  ; 56: 0; 57: p; 58: x; 59: ;;">
  <taro-picker-view-column-core class="taro-picker-view-column-container" col="0" initial-position="0" padding-vertical="0" style="padding-top: 0px; padding-bottom: 0px;">
    <taro-view-core style="0: h; 1: e; 2: i; 3: g; 4: h; 5: t; 6: :; 7:  ; 8: 6; 9: 0; 10: p; 11: x; 12: ;; 13:  ; 14: l; 15: i; 16: n; 17: e; 18: -; 19: h; 20: e; 21: i; 22: g; 23: h; 24: t; 25: :; 26:  ; 27: 6; 28: 0; 29: p; 30: x; 31: ;; 32:  ; 33: t; 34: e; 35: x; 36: t; 37: -; 38: a; 39: l; 40: i; 41: g; 42: n; 43: :; 44:  ; 45: c; 46: e; 47: n; 48: t; 49: e; 50: r; 51: ;;">
      1990年
    </taro-view-core>
    <taro-view-core style="0: h; 1: e; 2: i; 3: g; 4: h; 5: t; 6: :; 7:  ; 8: 6; 9: 0; 10: p; 11: x; 12: ;; 13:  ; 14: l; 15: i; 16: n; 17: e; 18: -; 19: h; 20: e; 21: i; 22: g; 23: h; 24: t; 25: :; 26:  ; 27: 6; 28: 0; 29: p; 30: x; 31: ;; 32:  ; 33: t; 34: e; 35: x; 36: t; 37: -; 38: a; 39: l; 40: i; 41: g; 42: n; 43: :; 44:  ; 45: c; 46: e; 47: n; 48: t; 49: e; 50: r; 51: ;;">
      1991年
    </taro-view-core>
    <taro-view-core style="0: h; 1: e; 2: i; 3: g; 4: h; 5: t; 6: :; 7:  ; 8: 6; 9: 0; 10: p; 11: x; 12: ;; 13:  ; 14: l; 15: i; 16: n; 17: e; 18: -; 19: h; 20: e; 21: i; 22: g; 23: h; 24: t; 25: :; 26:  ; 27: 6; 28: 0; 29: p; 30: x; 31: ;; 32:  ; 33: t; 34: e; 35: x; 36: t; 37: -; 38: a; 39: l; 40: i; 41: g; 42: n; 43: :; 44:  ; 45: c; 46: e; 47: n; 48: t; 49: e; 50: r; 51: ;;">
      1992年
    </taro-view-core>
    <taro-view-core style="0: h; 1: e; 2: i; 3: g; 4: h; 5: t; 6: :; 7:  ; 8: 6; 9: 0; 10: p; 11: x; 12: ;; 13:  ; 14: l; 15: i; 16: n; 17: e; 18: -; 19: h; 20: e; 21: i; 22: g; 23: h; 24: t; 25: :; 26:  ; 27: 6; 28: 0; 29: p; 30: x; 31: ;; 32:  ; 33: t; 34: e; 35: x; 36: t; 37: -; 38: a; 39: l; 40: i; 41: g; 42: n; 43: :; 44:  ; 45: c; 46: e; 47: n; 48: t; 49: e; 50: r; 51: ;;">
      1993年
    </taro-view-core>
    <taro-view-core style="0: h; 1: e; 2: i; 3: g; 4: h; 5: t; 6: :; 7:  ; 8: 6; 9: 0; 10: p; 11: x; 12: ;; 13:  ; 14: l; 15: i; 16: n; 17: e; 18: -; 19: h; 20: e; 21: i; 22: g; 23: h; 24: t; 25: :; 26:  ; 27: 6; 28: 0; 29: p; 30: x; 31: ;; 32:  ; 33: t; 34: e; 35: x; 36: t; 37: -; 38: a; 39: l; 40: i; 41: g; 42: n; 43: :; 44:  ; 45: c; 46: e; 47: n; 48: t; 49: e; 50: r; 51: ;;">
      1994年
    </taro-view-core>
    <taro-view-core style="0: h; 1: e; 2: i; 3: g; 4: h; 5: t; 6: :; 7:  ; 8: 6; 9: 0; 10: p; 11: x; 12: ;; 13:  ; 14: l; 15: i; 16: n; 17: e; 18: -; 19: h; 20: e; 21: i; 22: g; 23: h; 24: t; 25: :; 26:  ; 27: 6; 28: 0; 29: p; 30: x; 31: ;; 32:  ; 33: t; 34: e; 35: x; 36: t; 37: -; 38: a; 39: l; 40: i; 41: g; 42: n; 43: :; 44:  ; 45: c; 46: e; 47: n; 48: t; 49: e; 50: r; 51: ;;">
      1995年
    </taro-view-core>
    <taro-view-core style="0: h; 1: e; 2: i; 3: g; 4: h; 5: t; 6: :; 7:  ; 8: 6; 9: 0; 10: p; 11: x; 12: ;; 13:  ; 14: l; 15: i; 16: n; 17: e; 18: -; 19: h; 20: e; 21: i; 22: g; 23: h; 24: t; 25: :; 26:  ; 27: 6; 28: 0; 29: p; 30: x; 31: ;; 32:  ; 33: t; 34: e; 35: x; 36: t; 37: -; 38: a; 39: l; 40: i; 41: g; 42: n; 43: :; 44:  ; 45: c; 46: e; 47: n; 48: t; 49: e; 50: r; 51: ;;">
      1996年
    </taro-view-core>
    <taro-view-core style="0: h; 1: e; 2: i; 3: g; 4: h; 5: t; 6: :; 7:  ; 8: 6; 9: 0; 10: p; 11: x; 12: ;; 13:  ; 14: l; 15: i; 16: n; 17: e; 18: -; 19: h; 20: e; 21: i; 22: g; 23: h; 24: t; 25: :; 26:  ; 27: 6; 28: 0; 29: p; 30: x; 31: ;; 32:  ; 33: t; 34: e; 35: x; 36: t; 37: -; 38: a; 39: l; 40: i; 41: g; 42: n; 43: :; 44:  ; 45: c; 46: e; 47: n; 48: t; 49: e; 50: r; 51: ;;">
      1997年
    </taro-view-core>
    <taro-view-core style="0: h; 1: e; 2: i; 3: g; 4: h; 5: t; 6: :; 7:  ; 8: 6; 9: 0; 10: p; 11: x; 12: ;; 13:  ; 14: l; 15: i; 16: n; 17: e; 18: -; 19: h; 20: e; 21: i; 22: g; 23: h; 24: t; 25: :; 26:  ; 27: 6; 28: 0; 29: p; 30: x; 31: ;; 32:  ; 33: t; 34: e; 35: x; 36: t; 37: -; 38: a; 39: l; 40: i; 41: g; 42: n; 43: :; 44:  ; 45: c; 46: e; 47: n; 48: t; 49: e; 50: r; 51: ;;">
      1998年
    </taro-view-core>
    <taro-view-core style="0: h; 1: e; 2: i; 3: g; 4: h; 5: t; 6: :; 7:  ; 8: 6; 9: 0; 10: p; 11: x; 12: ;; 13:  ; 14: l; 15: i; 16: n; 17: e; 18: -; 19: h; 20: e; 21: i; 22: g; 23: h; 24: t; 25: :; 26:  ; 27: 6; 28: 0; 29: p; 30: x; 31: ;; 32:  ; 33: t; 34: e; 35: x; 36: t; 37: -; 38: a; 39: l; 40: i; 41: g; 42: n; 43: :; 44:  ; 45: c; 46: e; 47: n; 48: t; 49: e; 50: r; 51: ;;">
      1999年
    </taro-view-core>
    <taro-view-core style="0: h; 1: e; 2: i; 3: g; 4: h; 5: t; 6: :; 7:  ; 8: 6; 9: 0; 10: p; 11: x; 12: ;; 13:  ; 14: l; 15: i; 16: n; 17: e; 18: -; 19: h; 20: e; 21: i; 22: g; 23: h; 24: t; 25: :; 26:  ; 27: 6; 28: 0; 29: p; 30: x; 31: ;; 32:  ; 33: t; 34: e; 35: x; 36: t; 37: -; 38: a; 39: l; 40: i; 41: g; 42: n; 43: :; 44:  ; 45: c; 46: e; 47: n; 48: t; 49: e; 50: r; 51: ;;">
      2000年
    </taro-view-core>
    <taro-view-core style="0: h; 1: e; 2: i; 3: g; 4: h; 5: t; 6: :; 7:  ; 8: 6; 9: 0; 10: p; 11: x; 12: ;; 13:  ; 14: l; 15: i; 16: n; 17: e; 18: -; 19: h; 20: e; 21: i; 22: g; 23: h; 24: t; 25: :; 26:  ; 27: 6; 28: 0; 29: p; 30: x; 31: ;; 32:  ; 33: t; 34: e; 35: x; 36: t; 37: -; 38: a; 39: l; 40: i; 41: g; 42: n; 43: :; 44:  ; 45: c; 46: e; 47: n; 48: t; 49: e; 50: r; 51: ;;">
      2001年
    </taro-view-core>
    <taro-view-core style="0: h; 1: e; 2: i; 3: g; 4: h; 5: t; 6: :; 7:  ; 8: 6; 9: 0; 10: p; 11: x; 12: ;; 13:  ; 14: l; 15: i; 16: n; 17: e; 18: -; 19: h; 20: e; 21: i; 22: g; 23: h; 24: t; 25: :; 26:  ; 27: 6; 28: 0; 29: p; 30: x; 31: ;; 32:  ; 33: t; 34: e; 35: x; 36: t; 37: -; 38: a; 39: l; 40: i; 41: g; 42: n; 43: :; 44:  ; 45: c; 46: e; 47: n; 48: t; 49: e; 50: r; 51: ;;">
      2002年
    </taro-view-core>
    <taro-view-core style="0: h; 1: e; 2: i; 3: g; 4: h; 5: t; 6: :; 7:  ; 8: 6; 9: 0; 10: p; 11: x; 12: ;; 13:  ; 14: l; 15: i; 16: n; 17: e; 18: -; 19: h; 20: e; 21: i; 22: g; 23: h; 24: t; 25: :; 26:  ; 27: 6; 28: 0; 29: p; 30: x; 31: ;; 32:  ; 33: t; 34: e; 35: x; 36: t; 37: -; 38: a; 39: l; 40: i; 41: g; 42: n; 43: :; 44:  ; 45: c; 46: e; 47: n; 48: t; 49: e; 50: r; 51: ;;">
      2003年
    </taro-view-core>
    <taro-view-core style="0: h; 1: e; 2: i; 3: g; 4: h; 5: t; 6: :; 7:  ; 8: 6; 9: 0; 10: p; 11: x; 12: ;; 13:  ; 14: l; 15: i; 16: n; 17: e; 18: -; 19: h; 20: e; 21: i; 22: g; 23: h; 24: t; 25: :; 26:  ; 27: 6; 28: 0; 29: p; 30: x; 31: ;; 32:  ; 33: t; 34: e; 35: x; 36: t; 37: -; 38: a; 39: l; 40: i; 41: g; 42: n; 43: :; 44:  ; 45: c; 46: e; 47: n; 48: t; 49: e; 50: r; 51: ;;">
      2004年
    </taro-view-core>
    <taro-view-core style="0: h; 1: e; 2: i; 3: g; 4: h; 5: t; 6: :; 7:  ; 8: 6; 9: 0; 10: p; 11: x; 12: ;; 13:  ; 14: l; 15: i; 16: n; 17: e; 18: -; 19: h; 20: e; 21: i; 22: g; 23: h; 24: t; 25: :; 26:  ; 27: 6; 28: 0; 29: p; 30: x; 31: ;; 32:  ; 33: t; 34: e; 35: x; 36: t; 37: -; 38: a; 39: l; 40: i; 41: g; 42: n; 43: :; 44:  ; 45: c; 46: e; 47: n; 48: t; 49: e; 50: r; 51: ;;">
      2005年
    </taro-view-core>
    <taro-view-core style="0: h; 1: e; 2: i; 3: g; 4: h; 5: t; 6: :; 7:  ; 8: 6; 9: 0; 10: p; 11: x; 12: ;; 13:  ; 14: l; 15: i; 16: n; 17: e; 18: -; 19: h; 20: e; 21: i; 22: g; 23: h; 24: t; 25: :; 26:  ; 27: 6; 28: 0; 29: p; 30: x; 31: ;; 32:  ; 33: t; 34: e; 35: x; 36: t; 37: -; 38: a; 39: l; 40: i; 41: g; 42: n; 43: :; 44:  ; 45: c; 46: e; 47: n; 48: t; 49: e; 50: r; 51: ;;">
      2006年
    </taro-view-core>
    <taro-view-core style="0: h; 1: e; 2: i; 3: g; 4: h; 5: t; 6: :; 7:  ; 8: 6; 9: 0; 10: p; 11: x; 12: ;; 13:  ; 14: l; 15: i; 16: n; 17: e; 18: -; 19: h; 20: e; 21: i; 22: g; 23: h; 24: t; 25: :; 26:  ; 27: 6; 28: 0; 29: p; 30: x; 31: ;; 32:  ; 33: t; 34: e; 35: x; 36: t; 37: -; 38: a; 39: l; 40: i; 41: g; 42: n; 43: :; 44:  ; 45: c; 46: e; 47: n; 48: t; 49: e; 50: r; 51: ;;">
      2007年
    </taro-view-core>
    <taro-view-core style="0: h; 1: e; 2: i; 3: g; 4: h; 5: t; 6: :; 7:  ; 8: 6; 9: 0; 10: p; 11: x; 12: ;; 13:  ; 14: l; 15: i; 16: n; 17: e; 18: -; 19: h; 20: e; 21: i; 22: g; 23: h; 24: t; 25: :; 26:  ; 27: 6; 28: 0; 29: p; 30: x; 31: ;; 32:  ; 33: t; 34: e; 35: x; 36: t; 37: -; 38: a; 39: l; 40: i; 41: g; 42: n; 43: :; 44:  ; 45: c; 46: e; 47: n; 48: t; 49: e; 50: r; 51: ;;">
      2008年
    </taro-view-core>
    <taro-view-core style="0: h; 1: e; 2: i; 3: g; 4: h; 5: t; 6: :; 7:  ; 8: 6; 9: 0; 10: p; 11: x; 12: ;; 13:  ; 14: l; 15: i; 16: n; 17: e; 18: -; 19: h; 20: e; 21: i; 22: g; 23: h; 24: t; 25: :; 26:  ; 27: 6; 28: 0; 29: p; 30: x; 31: ;; 32:  ; 33: t; 34: e; 35: x; 36: t; 37: -; 38: a; 39: l; 40: i; 41: g; 42: n; 43: :; 44:  ; 45: c; 46: e; 47: n; 48: t; 49: e; 50: r; 51: ;;">
      2009年
    </taro-view-core>
    <taro-view-core style="0: h; 1: e; 2: i; 3: g; 4: h; 5: t; 6: :; 7:  ; 8: 6; 9: 0; 10: p; 11: x; 12: ;; 13:  ; 14: l; 15: i; 16: n; 17: e; 18: -; 19: h; 20: e; 21: i; 22: g; 23: h; 24: t; 25: :; 26:  ; 27: 6; 28: 0; 29: p; 30: x; 31: ;; 32:  ; 33: t; 34: e; 35: x; 36: t; 37: -; 38: a; 39: l; 40: i; 41: g; 42: n; 43: :; 44:  ; 45: c; 46: e; 47: n; 48: t; 49: e; 50: r; 51: ;;">
      2010年
    </taro-view-core>
    <taro-view-core style="0: h; 1: e; 2: i; 3: g; 4: h; 5: t; 6: :; 7:  ; 8: 6; 9: 0; 10: p; 11: x; 12: ;; 13:  ; 14: l; 15: i; 16: n; 17: e; 18: -; 19: h; 20: e; 21: i; 22: g; 23: h; 24: t; 25: :; 26:  ; 27: 6; 28: 0; 29: p; 30: x; 31: ;; 32:  ; 33: t; 34: e; 35: x; 36: t; 37: -; 38: a; 39: l; 40: i; 41: g; 42: n; 43: :; 44:  ; 45: c; 46: e; 47: n; 48: t; 49: e; 50: r; 51: ;;">
      2011年
    </taro-view-core>
    <taro-view-core style="0: h; 1: e; 2: i; 3: g; 4: h; 5: t; 6: :; 7:  ; 8: 6; 9: 0; 10: p; 11: x; 12: ;; 13:  ; 14: l; 15: i; 16: n; 17: e; 18: -; 19: h; 20: e; 21: i; 22: g; 23: h; 24: t; 25: :; 26:  ; 27: 6; 28: 0; 29: p; 30: x; 31: ;; 32:  ; 33: t; 34: e; 35: x; 36: t; 37: -; 38: a; 39: l; 40: i; 41: g; 42: n; 43: :; 44:  ; 45: c; 46: e; 47: n; 48: t; 49: e; 50: r; 51: ;;">
      2012年
    </taro-view-core>
    <taro-view-core style="0: h; 1: e; 2: i; 3: g; 4: h; 5: t; 6: :; 7:  ; 8: 6; 9: 0; 10: p; 11: x; 12: ;; 13:  ; 14: l; 15: i; 16: n; 17: e; 18: -; 19: h; 20: e; 21: i; 22: g; 23: h; 24: t; 25: :; 26:  ; 27: 6; 28: 0; 29: p; 30: x; 31: ;; 32:  ; 33: t; 34: e; 35: x; 36: t; 37: -; 38: a; 39: l; 40: i; 41: g; 42: n; 43: :; 44:  ; 45: c; 46: e; 47: n; 48: t; 49: e; 50: r; 51: ;;">
      2013年
    </taro-view-core>
    <taro-view-core style="0: h; 1: e; 2: i; 3: g; 4: h; 5: t; 6: :; 7:  ; 8: 6; 9: 0; 10: p; 11: x; 12: ;; 13:  ; 14: l; 15: i; 16: n; 17: e; 18: -; 19: h; 20: e; 21: i; 22: g; 23: h; 24: t; 25: :; 26:  ; 27: 6; 28: 0; 29: p; 30: x; 31: ;; 32:  ; 33: t; 34: e; 35: x; 36: t; 37: -; 38: a; 39: l; 40: i; 41: g; 42: n; 43: :; 44:  ; 45: c; 46: e; 47: n; 48: t; 49: e; 50: r; 51: ;;">
      2014年
    </taro-view-core>
    <taro-view-core style="0: h; 1: e; 2: i; 3: g; 4: h; 5: t; 6: :; 7:  ; 8: 6; 9: 0; 10: p; 11: x; 12: ;; 13:  ; 14: l; 15: i; 16: n; 17: e; 18: -; 19: h; 20: e; 21: i; 22: g; 23: h; 24: t; 25: :; 26:  ; 27: 6; 28: 0; 29: p; 30: x; 31: ;; 32:  ; 33: t; 34: e; 35: x; 36: t; 37: -; 38: a; 39: l; 40: i; 41: g; 42: n; 43: :; 44:  ; 45: c; 46: e; 47: n; 48: t; 49: e; 50: r; 51: ;;">
      2015年
    </taro-view-core>
    <taro-view-core style="0: h; 1: e; 2: i; 3: g; 4: h; 5: t; 6: :; 7:  ; 8: 6; 9: 0; 10: p; 11: x; 12: ;; 13:  ; 14: l; 15: i; 16: n; 17: e; 18: -; 19: h; 20: e; 21: i; 22: g; 23: h; 24: t; 25: :; 26:  ; 27: 6; 28: 0; 29: p; 30: x; 31: ;; 32:  ; 33: t; 34: e; 35: x; 36: t; 37: -; 38: a; 39: l; 40: i; 41: g; 42: n; 43: :; 44:  ; 45: c; 46: e; 47: n; 48: t; 49: e; 50: r; 51: ;;">
      2016年
    </taro-view-core>
    <taro-view-core style="0: h; 1: e; 2: i; 3: g; 4: h; 5: t; 6: :; 7:  ; 8: 6; 9: 0; 10: p; 11: x; 12: ;; 13:  ; 14: l; 15: i; 16: n; 17: e; 18: -; 19: h; 20: e; 21: i; 22: g; 23: h; 24: t; 25: :; 26:  ; 27: 6; 28: 0; 29: p; 30: x; 31: ;; 32:  ; 33: t; 34: e; 35: x; 36: t; 37: -; 38: a; 39: l; 40: i; 41: g; 42: n; 43: :; 44:  ; 45: c; 46: e; 47: n; 48: t; 49: e; 50: r; 51: ;;">
      2017年
    </taro-view-core>
    <taro-view-core style="0: h; 1: e; 2: i; 3: g; 4: h; 5: t; 6: :; 7:  ; 8: 6; 9: 0; 10: p; 11: x; 12: ;; 13:  ; 14: l; 15: i; 16: n; 17: e; 18: -; 19: h; 20: e; 21: i; 22: g; 23: h; 24: t; 25: :; 26:  ; 27: 6; 28: 0; 29: p; 30: x; 31: ;; 32:  ; 33: t; 34: e; 35: x; 36: t; 37: -; 38: a; 39: l; 40: i; 41: g; 42: n; 43: :; 44:  ; 45: c; 46: e; 47: n; 48: t; 49: e; 50: r; 51: ;;">
      2018年
    </taro-view-core>
    <taro-view-core style="0: h; 1: e; 2: i; 3: g; 4: h; 5: t; 6: :; 7:  ; 8: 6; 9: 0; 10: p; 11: x; 12: ;; 13:  ; 14: l; 15: i; 16: n; 17: e; 18: -; 19: h; 20: e; 21: i; 22: g; 23: h; 24: t; 25: :; 26:  ; 27: 6; 28: 0; 29: p; 30: x; 31: ;; 32:  ; 33: t; 34: e; 35: x; 36: t; 37: -; 38: a; 39: l; 40: i; 41: g; 42: n; 43: :; 44:  ; 45: c; 46: e; 47: n; 48: t; 49: e; 50: r; 51: ;;">
      2019年
    </taro-view-core>
    <taro-view-core style="0: h; 1: e; 2: i; 3: g; 4: h; 5: t; 6: :; 7:  ; 8: 6; 9: 0; 10: p; 11: x; 12: ;; 13:  ; 14: l; 15: i; 16: n; 17: e; 18: -; 19: h; 20: e; 21: i; 22: g; 23: h; 24: t; 25: :; 26:  ; 27: 6; 28: 0; 29: p; 30: x; 31: ;; 32:  ; 33: t; 34: e; 35: x; 36: t; 37: -; 38: a; 39: l; 40: i; 41: g; 42: n; 43: :; 44:  ; 45: c; 46: e; 47: n; 48: t; 49: e; 50: r; 51: ;;">
      2020年
    </taro-view-core>
    <taro-view-core style="0: h; 1: e; 2: i; 3: g; 4: h; 5: t; 6: :; 7:  ; 8: 6; 9: 0; 10: p; 11: x; 12: ;; 13:  ; 14: l; 15: i; 16: n; 17: e; 18: -; 19: h; 20: e; 21: i; 22: g; 23: h; 24: t; 25: :; 26:  ; 27: 6; 28: 0; 29: p; 30: x; 31: ;; 32:  ; 33: t; 34: e; 35: x; 36: t; 37: -; 38: a; 39: l; 40: i; 41: g; 42: n; 43: :; 44:  ; 45: c; 46: e; 47: n; 48: t; 49: e; 50: r; 51: ;;">
      2021年
    </taro-view-core>
    <taro-view-core style="0: h; 1: e; 2: i; 3: g; 4: h; 5: t; 6: :; 7:  ; 8: 6; 9: 0; 10: p; 11: x; 12: ;; 13:  ; 14: l; 15: i; 16: n; 17: e; 18: -; 19: h; 20: e; 21: i; 22: g; 23: h; 24: t; 25: :; 26:  ; 27: 6; 28: 0; 29: p; 30: x; 31: ;; 32:  ; 33: t; 34: e; 35: x; 36: t; 37: -; 38: a; 39: l; 40: i; 41: g; 42: n; 43: :; 44:  ; 45: c; 46: e; 47: n; 48: t; 49: e; 50: r; 51: ;;">
      2022年
    </taro-view-core>
    <taro-view-core style="0: h; 1: e; 2: i; 3: g; 4: h; 5: t; 6: :; 7:  ; 8: 6; 9: 0; 10: p; 11: x; 12: ;; 13:  ; 14: l; 15: i; 16: n; 17: e; 18: -; 19: h; 20: e; 21: i; 22: g; 23: h; 24: t; 25: :; 26:  ; 27: 6; 28: 0; 29: p; 30: x; 31: ;; 32:  ; 33: t; 34: e; 35: x; 36: t; 37: -; 38: a; 39: l; 40: i; 41: g; 42: n; 43: :; 44:  ; 45: c; 46: e; 47: n; 48: t; 49: e; 50: r; 51: ;;">
      2023年
    </taro-view-core>
  </taro-picker-view-column-core>
  <div class="taro-picker-view-mask-container">
    <div class="taro-picker-view-mask-top test_maskClass" style="background-color: rgba(33, 33, 33, 0.5);"></div>
    <div class="taro-picker-view-mask-indicator test_indicatorClass" style="height: 60px;"></div>
    <div class="taro-picker-view-mask-bottom test_maskClass" style="background-color: rgba(33, 33, 33, 0.5);"></div>
  </div>
</taro-picker-view-core>
`;
