// Jest Snapshot v1, https://goo.gl/fbAQLP

exports[`ScrollView scroll-x 1`] = `
<taro-scroll-view-core class="taro-scroll-view__scroll-x" style="white-space: nowrap;">
  <!---->
  <div style="display: inline-block; width: 100%; height: 300px; background-color: blue;"></div>
  <div style="display: inline-block; width: 100%; height: 300px; background-color: yellow;"></div>
  <div style="display: inline-block; width: 100%; height: 300px; background-color: blue;"></div>
</taro-scroll-view-core>
`;

exports[`ScrollView scroll-y 1`] = `
<taro-scroll-view-core class="taro-scroll-view__scroll-y" style="height: 300px;">
  <!---->
  <div style="height: 300px; background-color: blue;"></div>
  <div style="height: 300px; background-color: yellow;"></div>
  <div style="height: 300px; background-color: blue;"></div>
</taro-scroll-view-core>
`;
