// Jest Snapshot v1, https://goo.gl/fbAQLP

exports[`react should build react app 1`] = `5`;

exports[`react should build react app 2`] = `
"
/** filePath: dist/chunk/1.js **/
(window[\\"webpackJsonp\\"] = window[\\"webpackJsonp\\"] || []).push([ [ 1 ], {
    \\"14\\": function(module, exports, __webpack_require__) {},
    \\"15\\": function(module, __webpack_exports__, __webpack_require__) {
        \\"use strict\\";
        __webpack_require__.r(__webpack_exports__);
        __webpack_require__.d(__webpack_exports__, \\"default\\", (function() {
            return Index;
        }));
        var _babel_runtime_helpers_esm_classCallCheck__WEBPACK_IMPORTED_MODULE_0__ = __webpack_require__(2);
        var _babel_runtime_helpers_esm_createClass__WEBPACK_IMPORTED_MODULE_1__ = __webpack_require__(3);
        var _babel_runtime_helpers_esm_possibleConstructorReturn__WEBPACK_IMPORTED_MODULE_2__ = __webpack_require__(5);
        var _babel_runtime_helpers_esm_getPrototypeOf__WEBPACK_IMPORTED_MODULE_3__ = __webpack_require__(4);
        var _babel_runtime_helpers_esm_inherits__WEBPACK_IMPORTED_MODULE_4__ = __webpack_require__(6);
        var react__WEBPACK_IMPORTED_MODULE_5__ = __webpack_require__(0);
        var _tarojs_components__WEBPACK_IMPORTED_MODULE_6__ = __webpack_require__(1);
        var _index_css__WEBPACK_IMPORTED_MODULE_7__ = __webpack_require__(14);
        var _index_css__WEBPACK_IMPORTED_MODULE_7___default = __webpack_require__.n(_index_css__WEBPACK_IMPORTED_MODULE_7__);
        var Index = function(_Component) {
            Object(_babel_runtime_helpers_esm_inherits__WEBPACK_IMPORTED_MODULE_4__[\\"a\\"])(Index, _Component);
            function Index() {
                Object(_babel_runtime_helpers_esm_classCallCheck__WEBPACK_IMPORTED_MODULE_0__[\\"a\\"])(this, Index);
                return Object(_babel_runtime_helpers_esm_possibleConstructorReturn__WEBPACK_IMPORTED_MODULE_2__[\\"a\\"])(this, Object(_babel_runtime_helpers_esm_getPrototypeOf__WEBPACK_IMPORTED_MODULE_3__[\\"a\\"])(Index).apply(this, arguments));
            }
            Object(_babel_runtime_helpers_esm_createClass__WEBPACK_IMPORTED_MODULE_1__[\\"a\\"])(Index, [ {
                \\"key\\": \\"componentDidMount\\",
                \\"value\\": function componentDidMount() {}
            }, {
                \\"key\\": \\"componentWillUnmount\\",
                \\"value\\": function componentWillUnmount() {}
            }, {
                \\"key\\": \\"componentDidShow\\",
                \\"value\\": function componentDidShow() {}
            }, {
                \\"key\\": \\"componentDidHide\\",
                \\"value\\": function componentDidHide() {}
            }, {
                \\"key\\": \\"render\\",
                \\"value\\": function render() {
                    return react__WEBPACK_IMPORTED_MODULE_5__[\\"default\\"].createElement(_tarojs_components__WEBPACK_IMPORTED_MODULE_6__[\\"View\\"], {
                        \\"className\\": \\"index\\"
                    }, react__WEBPACK_IMPORTED_MODULE_5__[\\"default\\"].createElement(_tarojs_components__WEBPACK_IMPORTED_MODULE_6__[\\"Text\\"], null, \\"Hello world!\\"));
                }
            } ]);
            return Index;
        }(react__WEBPACK_IMPORTED_MODULE_5__[\\"Component\\"]);
    }
} ]);

/** filePath: dist/css/1.css **/


/** filePath: dist/css/app.css **/


/** filePath: dist/index.html **/
<!DOCTYPE html>
<html>
<head>
  <meta content=\\"text/html; charset=utf-8\\" http-equiv=\\"Content-Type\\">
  <meta content=\\"width=device-width,initial-scale=1,user-scalable=no\\" name=\\"viewport\\">
  <meta name=\\"apple-mobile-web-app-capable\\" content=\\"yes\\">
  <meta name=\\"apple-touch-fullscreen\\" content=\\"yes\\">
  <meta name=\\"format-detection\\" content=\\"telephone=no,address=no\\">
  <meta name=\\"apple-mobile-web-app-status-bar-style\\" content=\\"white\\">
  <meta http-equiv=\\"X-UA-Compatible\\" content=\\"IE=edge,chrome=1\\" >
  <title></title>
  <script>
    !function(x){function w(){var v,u,t,tes,s=x.document,r=s.documentElement,a=r.getBoundingClientRect().width;if(!v&&!u){var n=!!x.navigator.appVersion.match(/AppleWebKit.*Mobile.*/);v=x.devicePixelRatio;tes=x.devicePixelRatio;v=n?v:1,u=1/v}if(a>=640){r.style.fontSize=\\"40px\\"}else{if(a<=320){r.style.fontSize=\\"20px\\"}else{r.style.fontSize=a/320*20+\\"px\\"}}}x.addEventListener(\\"resize\\",function(){w()});w()}(window);
  </script>
<link href=\\"/css/app.css\\" rel=\\"stylesheet\\"></head>
<body>
  <div id=\\"app\\"></div>
<script type=\\"text/javascript\\" src=\\"/js/app.js\\"></script></body>
</html>


/** filePath: dist/js/app.js **/
(function(modules) {
    function webpackJsonpCallback(data) {
        var chunkIds = data[0];
        var moreModules = data[1];
        var moduleId, chunkId, i = 0, resolves = [];
        for (;i < chunkIds.length; i++) {
            chunkId = chunkIds[i];
            if (Object.prototype.hasOwnProperty.call(installedChunks, chunkId) && installedChunks[chunkId]) {
                resolves.push(installedChunks[chunkId][0]);
            }
            installedChunks[chunkId] = 0;
        }
        for (moduleId in moreModules) {
            if (Object.prototype.hasOwnProperty.call(moreModules, moduleId)) {
                modules[moduleId] = moreModules[moduleId];
            }
        }
        if (parentJsonpFunction) parentJsonpFunction(data);
        while (resolves.length) {
            resolves.shift()();
        }
    }
    var installedModules = {};
    var installedCssChunks = {
        \\"0\\": 0
    };
    var installedChunks = {
        \\"0\\": 0
    };
    function jsonpScriptSrc(chunkId) {
        return __webpack_require__.p + \\"chunk/\\" + ({}[chunkId] || chunkId) + \\".js\\";
    }
    function __webpack_require__(moduleId) {
        if (installedModules[moduleId]) {
            return installedModules[moduleId].exports;
        }
        var module = installedModules[moduleId] = {
            \\"i\\": moduleId,
            \\"l\\": false,
            \\"exports\\": {}
        };
        modules[moduleId].call(module.exports, module, module.exports, __webpack_require__);
        module.l = true;
        return module.exports;
    }
    __webpack_require__.e = function requireEnsure(chunkId) {
        var promises = [];
        var cssChunks = {
            \\"1\\": 1
        };
        if (installedCssChunks[chunkId]) promises.push(installedCssChunks[chunkId]); else if (installedCssChunks[chunkId] !== 0 && cssChunks[chunkId]) {
            promises.push(installedCssChunks[chunkId] = new Promise((function(resolve, reject) {
                var href = \\"css/\\" + ({}[chunkId] || chunkId) + \\".css\\";
                var fullhref = __webpack_require__.p + href;
                var existingLinkTags = document.getElementsByTagName(\\"link\\");
                for (var i = 0; i < existingLinkTags.length; i++) {
                    var tag = existingLinkTags[i];
                    var dataHref = tag.getAttribute(\\"data-href\\") || tag.getAttribute(\\"href\\");
                    if (tag.rel === \\"stylesheet\\" && (dataHref === href || dataHref === fullhref)) return resolve();
                }
                var existingStyleTags = document.getElementsByTagName(\\"style\\");
                for (var i = 0; i < existingStyleTags.length; i++) {
                    var tag = existingStyleTags[i];
                    var dataHref = tag.getAttribute(\\"data-href\\");
                    if (dataHref === href || dataHref === fullhref) return resolve();
                }
                var linkTag = document.createElement(\\"link\\");
                linkTag.rel = \\"stylesheet\\";
                linkTag.type = \\"text/css\\";
                linkTag.onload = resolve;
                linkTag.onerror = function(event) {
                    var request = event && event.target && event.target.src || fullhref;
                    var err = new Error(\\"Loading CSS chunk \\" + chunkId + \\" failed.\\\\n(\\" + request + \\")\\");
                    err.code = \\"CSS_CHUNK_LOAD_FAILED\\";
                    err.request = request;
                    delete installedCssChunks[chunkId];
                    linkTag.parentNode.removeChild(linkTag);
                    reject(err);
                };
                linkTag.href = fullhref;
                var head = document.getElementsByTagName(\\"head\\")[0];
                head.appendChild(linkTag);
            })).then((function() {
                installedCssChunks[chunkId] = 0;
            })));
        }
        var installedChunkData = installedChunks[chunkId];
        if (installedChunkData !== 0) {
            if (installedChunkData) {
                promises.push(installedChunkData[2]);
            } else {
                var promise = new Promise((function(resolve, reject) {
                    installedChunkData = installedChunks[chunkId] = [ resolve, reject ];
                }));
                promises.push(installedChunkData[2] = promise);
                var script = document.createElement(\\"script\\");
                var onScriptComplete;
                script.charset = \\"utf-8\\";
                script.timeout = 120;
                if (__webpack_require__.nc) {
                    script.setAttribute(\\"nonce\\", __webpack_require__.nc);
                }
                script.src = jsonpScriptSrc(chunkId);
                var error = new Error;
                onScriptComplete = function(event) {
                    script.onerror = script.onload = null;
                    clearTimeout(timeout);
                    var chunk = installedChunks[chunkId];
                    if (chunk !== 0) {
                        if (chunk) {
                            var errorType = event && (event.type === \\"load\\" ? \\"missing\\" : event.type);
                            var realSrc = event && event.target && event.target.src;
                            error.message = \\"Loading chunk \\" + chunkId + \\" failed.\\\\n(\\" + errorType + \\": \\" + realSrc + \\")\\";
                            error.name = \\"ChunkLoadError\\";
                            error.type = errorType;
                            error.request = realSrc;
                            chunk[1](error);
                        }
                        installedChunks[chunkId] = undefined;
                    }
                };
                var timeout = setTimeout((function() {
                    onScriptComplete({
                        \\"type\\": \\"timeout\\",
                        \\"target\\": script
                    });
                }), 12e4);
                script.onerror = script.onload = onScriptComplete;
                document.head.appendChild(script);
            }
        }
        return Promise.all(promises);
    };
    __webpack_require__.m = modules;
    __webpack_require__.c = installedModules;
    __webpack_require__.d = function(exports, name, getter) {
        if (!__webpack_require__.o(exports, name)) {
            Object.defineProperty(exports, name, {
                \\"enumerable\\": true,
                \\"get\\": getter
            });
        }
    };
    __webpack_require__.r = function(exports) {
        if (typeof Symbol !== \\"undefined\\" && Symbol.toStringTag) {
            Object.defineProperty(exports, Symbol.toStringTag, {
                \\"value\\": \\"Module\\"
            });
        }
        Object.defineProperty(exports, \\"__esModule\\", {
            \\"value\\": true
        });
    };
    __webpack_require__.t = function(value, mode) {
        if (mode & 1) value = __webpack_require__(value);
        if (mode & 8) return value;
        if (mode & 4 && typeof value === \\"object\\" && value && value.__esModule) return value;
        var ns = Object.create(null);
        __webpack_require__.r(ns);
        Object.defineProperty(ns, \\"default\\", {
            \\"enumerable\\": true,
            \\"value\\": value
        });
        if (mode & 2 && typeof value != \\"string\\") for (var key in value) __webpack_require__.d(ns, key, function(key) {
            return value[key];
        }.bind(null, key));
        return ns;
    };
    __webpack_require__.n = function(module) {
        var getter = module && module.__esModule ? function getDefault() {
            return module[\\"default\\"];
        } : function getModuleExports() {
            return module;
        };
        __webpack_require__.d(getter, \\"a\\", getter);
        return getter;
    };
    __webpack_require__.o = function(object, property) {
        return Object.prototype.hasOwnProperty.call(object, property);
    };
    __webpack_require__.p = \\"/\\";
    __webpack_require__.oe = function(err) {
        console.error(err);
        throw err;
    };
    var jsonpArray = window[\\"webpackJsonp\\"] = window[\\"webpackJsonp\\"] || [];
    var oldJsonpFunction = jsonpArray.push.bind(jsonpArray);
    jsonpArray.push = webpackJsonpCallback;
    jsonpArray = jsonpArray.slice();
    for (var i = 0; i < jsonpArray.length; i++) webpackJsonpCallback(jsonpArray[i]);
    var parentJsonpFunction = oldJsonpFunction;
    return __webpack_require__(__webpack_require__.s = 7);
})([ function(module, __webpack_exports__, __webpack_require__) {
    \\"use strict\\";
    __webpack_require__.r(__webpack_exports__);
    __webpack_exports__[\\"default\\"] = \\"react-mock\\";
}, function(module, __webpack_exports__, __webpack_require__) {
    \\"use strict\\";
    __webpack_require__.d(__webpack_exports__, \\"d\\", (function() {
        return defineCustomElements;
    }));
    __webpack_require__.d(__webpack_exports__, \\"c\\", (function() {
        return applyPolyfills;
    }));
    var _unused_webpack_default_export = \\"taro-components-mock\\";
    function defineCustomElements() {}
    function applyPolyfills() {}
}, function(module, __webpack_exports__, __webpack_require__) {
    \\"use strict\\";
    __webpack_require__.d(__webpack_exports__, \\"a\\", (function() {
        return _classCallCheck;
    }));
    function _classCallCheck(instance, Constructor) {
        if (!(instance instanceof Constructor)) {
            throw new TypeError(\\"Cannot call a class as a function\\");
        }
    }
}, function(module, __webpack_exports__, __webpack_require__) {
    \\"use strict\\";
    __webpack_require__.d(__webpack_exports__, \\"a\\", (function() {
        return _createClass;
    }));
    function _defineProperties(target, props) {
        for (var i = 0; i < props.length; i++) {
            var descriptor = props[i];
            descriptor.enumerable = descriptor.enumerable || false;
            descriptor.configurable = true;
            if (\\"value\\" in descriptor) descriptor.writable = true;
            Object.defineProperty(target, descriptor.key, descriptor);
        }
    }
    function _createClass(Constructor, protoProps, staticProps) {
        if (protoProps) _defineProperties(Constructor.prototype, protoProps);
        if (staticProps) _defineProperties(Constructor, staticProps);
        return Constructor;
    }
}, function(module, __webpack_exports__, __webpack_require__) {
    \\"use strict\\";
    __webpack_require__.d(__webpack_exports__, \\"a\\", (function() {
        return _getPrototypeOf;
    }));
    function _getPrototypeOf(o) {
        _getPrototypeOf = Object.setPrototypeOf ? Object.getPrototypeOf : function _getPrototypeOf(o) {
            return o.__proto__ || Object.getPrototypeOf(o);
        };
        return _getPrototypeOf(o);
    }
}, function(module, __webpack_exports__, __webpack_require__) {
    \\"use strict\\";
    function _typeof(obj) {
        \\"@babel/helpers - typeof\\";
        if (typeof Symbol === \\"function\\" && typeof Symbol.iterator === \\"symbol\\") {
            _typeof = function _typeof(obj) {
                return typeof obj;
            };
        } else {
            _typeof = function _typeof(obj) {
                return obj && typeof Symbol === \\"function\\" && obj.constructor === Symbol && obj !== Symbol.prototype ? \\"symbol\\" : typeof obj;
            };
        }
        return _typeof(obj);
    }
    function _assertThisInitialized(self) {
        if (self === void 0) {
            throw new ReferenceError(\\"this hasn't been initialised - super() hasn't been called\\");
        }
        return self;
    }
    __webpack_require__.d(__webpack_exports__, \\"a\\", (function() {
        return _possibleConstructorReturn;
    }));
    function _possibleConstructorReturn(self, call) {
        if (call && (_typeof(call) === \\"object\\" || typeof call === \\"function\\")) {
            return call;
        }
        return _assertThisInitialized(self);
    }
}, function(module, __webpack_exports__, __webpack_require__) {
    \\"use strict\\";
    function _setPrototypeOf(o, p) {
        _setPrototypeOf = Object.setPrototypeOf || function _setPrototypeOf(o, p) {
            o.__proto__ = p;
            return o;
        };
        return _setPrototypeOf(o, p);
    }
    __webpack_require__.d(__webpack_exports__, \\"a\\", (function() {
        return _inherits;
    }));
    function _inherits(subClass, superClass) {
        if (typeof superClass !== \\"function\\" && superClass !== null) {
            throw new TypeError(\\"Super expression must either be null or a function\\");
        }
        subClass.prototype = Object.create(superClass && superClass.prototype, {
            \\"constructor\\": {
                \\"value\\": subClass,
                \\"writable\\": true,
                \\"configurable\\": true
            }
        });
        if (superClass) _setPrototypeOf(subClass, superClass);
    }
}, function(module, exports, __webpack_require__) {
    module.exports = __webpack_require__(13);
}, function(module, exports, __webpack_require__) {}, function(module, exports, __webpack_require__) {
    var api = __webpack_require__(10);
    var content = __webpack_require__(11);
    content = content.__esModule ? content.default : content;
    if (typeof content === \\"string\\") {
        content = [ [ module.i, content, \\"\\" ] ];
    }
    var options = {};
    options.insert = function insertAtTop(element) {
        const parent = document.querySelector(\\"head\\");
        if (parent) {
            const lastInsertedElement = window._lastElementInsertedByStyleLoader;
            if (!lastInsertedElement) {
                parent.insertBefore(element, parent.firstChild);
            } else if (lastInsertedElement.nextSibling) {
                parent.insertBefore(element, lastInsertedElement.nextSibling);
            } else {
                parent.appendChild(element);
            }
            window._lastElementInsertedByStyleLoader = element;
        }
    };
    options.singleton = false;
    var update = api(content, options);
    var exported = content.locals ? content.locals : {};
    module.exports = exported;
}, function(module, exports, __webpack_require__) {
    \\"use strict\\";
    var isOldIE = function isOldIE() {
        var memo;
        return function memorize() {
            if (typeof memo === \\"undefined\\") {
                memo = Boolean(window && document && document.all && !window.atob);
            }
            return memo;
        };
    }();
    var getTarget = function getTarget() {
        var memo = {};
        return function memorize(target) {
            if (typeof memo[target] === \\"undefined\\") {
                var styleTarget = document.querySelector(target);
                if (window.HTMLIFrameElement && styleTarget instanceof window.HTMLIFrameElement) {
                    try {
                        styleTarget = styleTarget.contentDocument.head;
                    } catch (e) {
                        styleTarget = null;
                    }
                }
                memo[target] = styleTarget;
            }
            return memo[target];
        };
    }();
    var stylesInDom = [];
    function getIndexByIdentifier(identifier) {
        var result = -1;
        for (var i = 0; i < stylesInDom.length; i++) {
            if (stylesInDom[i].identifier === identifier) {
                result = i;
                break;
            }
        }
        return result;
    }
    function modulesToDom(list, options) {
        var idCountMap = {};
        var identifiers = [];
        for (var i = 0; i < list.length; i++) {
            var item = list[i];
            var id = options.base ? item[0] + options.base : item[0];
            var count = idCountMap[id] || 0;
            var identifier = \\"\\".concat(id, \\" \\").concat(count);
            idCountMap[id] = count + 1;
            var index = getIndexByIdentifier(identifier);
            var obj = {
                \\"css\\": item[1],
                \\"media\\": item[2],
                \\"sourceMap\\": item[3]
            };
            if (index !== -1) {
                stylesInDom[index].references++;
                stylesInDom[index].updater(obj);
            } else {
                stylesInDom.push({
                    \\"identifier\\": identifier,
                    \\"updater\\": addStyle(obj, options),
                    \\"references\\": 1
                });
            }
            identifiers.push(identifier);
        }
        return identifiers;
    }
    function insertStyleElement(options) {
        var style = document.createElement(\\"style\\");
        var attributes = options.attributes || {};
        if (typeof attributes.nonce === \\"undefined\\") {
            var nonce = true ? __webpack_require__.nc : undefined;
            if (nonce) {
                attributes.nonce = nonce;
            }
        }
        Object.keys(attributes).forEach((function(key) {
            style.setAttribute(key, attributes[key]);
        }));
        if (typeof options.insert === \\"function\\") {
            options.insert(style);
        } else {
            var target = getTarget(options.insert || \\"head\\");
            if (!target) {
                throw new Error(\\"Couldn't find a style target. This probably means that the value for the 'insert' parameter is invalid.\\");
            }
            target.appendChild(style);
        }
        return style;
    }
    function removeStyleElement(style) {
        if (style.parentNode === null) {
            return false;
        }
        style.parentNode.removeChild(style);
    }
    var replaceText = function replaceText() {
        var textStore = [];
        return function replace(index, replacement) {
            textStore[index] = replacement;
            return textStore.filter(Boolean).join(\\"\\\\n\\");
        };
    }();
    function applyToSingletonTag(style, index, remove, obj) {
        var css = remove ? \\"\\" : obj.media ? \\"@media \\".concat(obj.media, \\" {\\").concat(obj.css, \\"}\\") : obj.css;
        if (style.styleSheet) {
            style.styleSheet.cssText = replaceText(index, css);
        } else {
            var cssNode = document.createTextNode(css);
            var childNodes = style.childNodes;
            if (childNodes[index]) {
                style.removeChild(childNodes[index]);
            }
            if (childNodes.length) {
                style.insertBefore(cssNode, childNodes[index]);
            } else {
                style.appendChild(cssNode);
            }
        }
    }
    function applyToTag(style, options, obj) {
        var css = obj.css;
        var media = obj.media;
        var sourceMap = obj.sourceMap;
        if (media) {
            style.setAttribute(\\"media\\", media);
        } else {
            style.removeAttribute(\\"media\\");
        }
        if (sourceMap && btoa) {
            css += \\"\\\\n/*# sourceMappingURL=data:application/json;base64,\\".concat(btoa(unescape(encodeURIComponent(JSON.stringify(sourceMap)))), \\" */\\");
        }
        if (style.styleSheet) {
            style.styleSheet.cssText = css;
        } else {
            while (style.firstChild) {
                style.removeChild(style.firstChild);
            }
            style.appendChild(document.createTextNode(css));
        }
    }
    var singleton = null;
    var singletonCounter = 0;
    function addStyle(obj, options) {
        var style;
        var update;
        var remove;
        if (options.singleton) {
            var styleIndex = singletonCounter++;
            style = singleton || (singleton = insertStyleElement(options));
            update = applyToSingletonTag.bind(null, style, styleIndex, false);
            remove = applyToSingletonTag.bind(null, style, styleIndex, true);
        } else {
            style = insertStyleElement(options);
            update = applyToTag.bind(null, style, options);
            remove = function remove() {
                removeStyleElement(style);
            };
        }
        update(obj);
        return function updateStyle(newObj) {
            if (newObj) {
                if (newObj.css === obj.css && newObj.media === obj.media && newObj.sourceMap === obj.sourceMap) {
                    return;
                }
                update(obj = newObj);
            } else {
                remove();
            }
        };
    }
    module.exports = function(list, options) {
        options = options || {};
        if (!options.singleton && typeof options.singleton !== \\"boolean\\") {
            options.singleton = isOldIE();
        }
        list = list || [];
        var lastIdentifiers = modulesToDom(list, options);
        return function update(newList) {
            newList = newList || [];
            if (Object.prototype.toString.call(newList) !== \\"[object Array]\\") {
                return;
            }
            for (var i = 0; i < lastIdentifiers.length; i++) {
                var identifier = lastIdentifiers[i];
                var index = getIndexByIdentifier(identifier);
                stylesInDom[index].references--;
            }
            var newLastIdentifiers = modulesToDom(newList, options);
            for (var _i = 0; _i < lastIdentifiers.length; _i++) {
                var _identifier = lastIdentifiers[_i];
                var _index = getIndexByIdentifier(_identifier);
                if (stylesInDom[_index].references === 0) {
                    stylesInDom[_index].updater();
                    stylesInDom.splice(_index, 1);
                }
            }
            lastIdentifiers = newLastIdentifiers;
        };
    };
}, function(module, exports, __webpack_require__) {
    var ___CSS_LOADER_API_IMPORT___ = __webpack_require__(12);
    exports = ___CSS_LOADER_API_IMPORT___(false);
    exports.push([ module.i, \\"\\", \\"\\" ]);
    module.exports = exports;
}, function(module, exports, __webpack_require__) {
    \\"use strict\\";
    module.exports = function(useSourceMap) {
        var list = [];
        list.toString = function toString() {
            return this.map((function(item) {
                var content = cssWithMappingToString(item, useSourceMap);
                if (item[2]) {
                    return \\"@media \\".concat(item[2], \\" {\\").concat(content, \\"}\\");
                }
                return content;
            })).join(\\"\\");
        };
        list.i = function(modules, mediaQuery, dedupe) {
            if (typeof modules === \\"string\\") {
                modules = [ [ null, modules, \\"\\" ] ];
            }
            var alreadyImportedModules = {};
            if (dedupe) {
                for (var i = 0; i < this.length; i++) {
                    var id = this[i][0];
                    if (id != null) {
                        alreadyImportedModules[id] = true;
                    }
                }
            }
            for (var _i = 0; _i < modules.length; _i++) {
                var item = [].concat(modules[_i]);
                if (dedupe && alreadyImportedModules[item[0]]) {
                    continue;
                }
                if (mediaQuery) {
                    if (!item[2]) {
                        item[2] = mediaQuery;
                    } else {
                        item[2] = \\"\\".concat(mediaQuery, \\" and \\").concat(item[2]);
                    }
                }
                list.push(item);
            }
        };
        return list;
    };
    function cssWithMappingToString(item, useSourceMap) {
        var content = item[1] || \\"\\";
        var cssMapping = item[3];
        if (!cssMapping) {
            return content;
        }
        if (useSourceMap && typeof btoa === \\"function\\") {
            var sourceMapping = toComment(cssMapping);
            var sourceURLs = cssMapping.sources.map((function(source) {
                return \\"/*# sourceURL=\\".concat(cssMapping.sourceRoot || \\"\\").concat(source, \\" */\\");
            }));
            return [ content ].concat(sourceURLs).concat([ sourceMapping ]).join(\\"\\\\n\\");
        }
        return [ content ].join(\\"\\\\n\\");
    }
    function toComment(sourceMap) {
        var base64 = btoa(unescape(encodeURIComponent(JSON.stringify(sourceMap))));
        var data = \\"sourceMappingURL=data:application/json;charset=utf-8;base64,\\".concat(base64);
        return \\"/*# \\".concat(data, \\" */\\");
    }
}, function(module, __webpack_exports__, __webpack_require__) {
    \\"use strict\\";
    __webpack_require__.r(__webpack_exports__);
    var taro_h5 = \\"taro-h5-mock\\";
    var h5 = taro_h5;
    var classCallCheck = __webpack_require__(2);
    var createClass = __webpack_require__(3);
    var possibleConstructorReturn = __webpack_require__(5);
    var getPrototypeOf = __webpack_require__(4);
    var inherits = __webpack_require__(6);
    var react = __webpack_require__(0);
    var app = __webpack_require__(8);
    var app_App = function(_Component) {
        Object(inherits[\\"a\\"])(App, _Component);
        function App() {
            Object(classCallCheck[\\"a\\"])(this, App);
            return Object(possibleConstructorReturn[\\"a\\"])(this, Object(getPrototypeOf[\\"a\\"])(App).apply(this, arguments));
        }
        Object(createClass[\\"a\\"])(App, [ {
            \\"key\\": \\"componentDidMount\\",
            \\"value\\": function componentDidMount() {}
        }, {
            \\"key\\": \\"componentDidShow\\",
            \\"value\\": function componentDidShow() {}
        }, {
            \\"key\\": \\"componentDidHide\\",
            \\"value\\": function componentDidHide() {}
        }, {
            \\"key\\": \\"componentDidCatchError\\",
            \\"value\\": function componentDidCatchError() {}
        }, {
            \\"key\\": \\"render\\",
            \\"value\\": function render() {
                return this.props.children;
            }
        } ]);
        return App;
    }(react[\\"Component\\"]);
    var src_app = app_App;
    var taro_runtime = \\"taro-runtime-mock\\";
    var taro_runtime_window = {};
    var taro_components = __webpack_require__(1);
    var mocks_taro_components = __webpack_require__(9);
    Object(taro_components[\\"c\\"])().then(() => {
        Object(taro_components[\\"d\\"])(taro_runtime_window);
    });
    const config = {
        \\"pages\\": [ \\"pages/index/index\\" ],
        \\"window\\": {
            \\"backgroundTextStyle\\": \\"light\\",
            \\"navigationBarBackgroundColor\\": \\"#fff\\",
            \\"navigationBarTitleText\\": \\"WeChat\\",
            \\"navigationBarTextStyle\\": \\"black\\"
        }
    };
    taro_runtime_window.__taroAppConfig = config;
    if (config.tabBar) {
        const tabbarList = config.tabBar.list;
        for (let i = 0; i < tabbarList.length; i++) {
            const t = tabbarList[i];
            if (t.iconPath) {
                t.iconPath = tabbarIconPath[i];
            }
            if (t.selectedIconPath) {
                t.selectedIconPath = tabbarSelectedIconPath[i];
            }
        }
    }
    config.routes = [ Object.assign({
        \\"path\\": \\"pages/index/index\\",
        \\"load\\": () => __webpack_require__.e(1).then(__webpack_require__.bind(null, 15))
    }, {
        \\"navigationBarTitleText\\": \\"首页\\"
    } || {}) ];
    h5.createRouter(src_app, config, \\"react\\", react, react[\\"default\\"], config);
} ]);
"
`;
