// Jest Snapshot v1, https://goo.gl/fbAQLP

exports[`vue should build vue app 1`] = `3`;

exports[`vue should build vue app 2`] = `
"
/** filePath: dist/chunk/1.js **/
(window[\\"webpackJsonp\\"] = window[\\"webpackJsonp\\"] || []).push([ [ 1 ], [ , , , , , , , , , function(module, exports, __webpack_require__) {
    var api = __webpack_require__(0);
    var content = __webpack_require__(12);
    content = content.__esModule ? content.default : content;
    if (typeof content === \\"string\\") {
        content = [ [ module.i, content, \\"\\" ] ];
    }
    var options = {};
    options.insert = \\"head\\";
    options.singleton = false;
    var update = api(content, options);
    var exported = content.locals ? content.locals : {};
    module.exports = exported;
}, function(module, exports, __webpack_require__) {
    var api = __webpack_require__(0);
    var content = __webpack_require__(14);
    content = content.__esModule ? content.default : content;
    if (typeof content === \\"string\\") {
        content = [ [ module.i, content, \\"\\" ] ];
    }
    var options = {};
    options.insert = \\"head\\";
    options.singleton = false;
    var update = api(content, options);
    var exported = content.locals ? content.locals : {};
    module.exports = exported;
}, function(module, __webpack_exports__, __webpack_require__) {
    \\"use strict\\";
    var _node_modules_style_loader_dist_cjs_js_node_modules_css_loader_dist_cjs_js_ref_2_oneOf_0_0_node_modules_vue_loader_lib_loaders_stylePostLoader_js_node_modules_postcss_loader_src_index_js_postcss_node_modules_resolve_url_loader_index_js_node_modules_sass_loader_dist_cjs_js_ref_5_1_node_modules_vue_loader_lib_index_js_vue_loader_options_index_vue_vue_type_style_index_0_lang_scss___WEBPACK_IMPORTED_MODULE_0__ = __webpack_require__(9);
    var _node_modules_style_loader_dist_cjs_js_node_modules_css_loader_dist_cjs_js_ref_2_oneOf_0_0_node_modules_vue_loader_lib_loaders_stylePostLoader_js_node_modules_postcss_loader_src_index_js_postcss_node_modules_resolve_url_loader_index_js_node_modules_sass_loader_dist_cjs_js_ref_5_1_node_modules_vue_loader_lib_index_js_vue_loader_options_index_vue_vue_type_style_index_0_lang_scss___WEBPACK_IMPORTED_MODULE_0___default = __webpack_require__.n(_node_modules_style_loader_dist_cjs_js_node_modules_css_loader_dist_cjs_js_ref_2_oneOf_0_0_node_modules_vue_loader_lib_loaders_stylePostLoader_js_node_modules_postcss_loader_src_index_js_postcss_node_modules_resolve_url_loader_index_js_node_modules_sass_loader_dist_cjs_js_ref_5_1_node_modules_vue_loader_lib_index_js_vue_loader_options_index_vue_vue_type_style_index_0_lang_scss___WEBPACK_IMPORTED_MODULE_0__);
    var _unused_webpack_default_export = _node_modules_style_loader_dist_cjs_js_node_modules_css_loader_dist_cjs_js_ref_2_oneOf_0_0_node_modules_vue_loader_lib_loaders_stylePostLoader_js_node_modules_postcss_loader_src_index_js_postcss_node_modules_resolve_url_loader_index_js_node_modules_sass_loader_dist_cjs_js_ref_5_1_node_modules_vue_loader_lib_index_js_vue_loader_options_index_vue_vue_type_style_index_0_lang_scss___WEBPACK_IMPORTED_MODULE_0___default.a;
}, function(module, exports, __webpack_require__) {
    var ___CSS_LOADER_API_IMPORT___ = __webpack_require__(1);
    exports = ___CSS_LOADER_API_IMPORT___(false);
    exports.push([ module.i, \\".index{color:blue}\\", \\"\\" ]);
    module.exports = exports;
}, function(module, __webpack_exports__, __webpack_require__) {
    \\"use strict\\";
    var _node_modules_style_loader_dist_cjs_js_node_modules_css_loader_dist_cjs_js_ref_2_oneOf_0_0_node_modules_vue_loader_lib_loaders_stylePostLoader_js_node_modules_postcss_loader_src_index_js_postcss_node_modules_resolve_url_loader_index_js_node_modules_sass_loader_dist_cjs_js_ref_4_1_node_modules_vue_loader_lib_index_js_vue_loader_options_index_vue_vue_type_style_index_1_lang_sass___WEBPACK_IMPORTED_MODULE_0__ = __webpack_require__(10);
    var _node_modules_style_loader_dist_cjs_js_node_modules_css_loader_dist_cjs_js_ref_2_oneOf_0_0_node_modules_vue_loader_lib_loaders_stylePostLoader_js_node_modules_postcss_loader_src_index_js_postcss_node_modules_resolve_url_loader_index_js_node_modules_sass_loader_dist_cjs_js_ref_4_1_node_modules_vue_loader_lib_index_js_vue_loader_options_index_vue_vue_type_style_index_1_lang_sass___WEBPACK_IMPORTED_MODULE_0___default = __webpack_require__.n(_node_modules_style_loader_dist_cjs_js_node_modules_css_loader_dist_cjs_js_ref_2_oneOf_0_0_node_modules_vue_loader_lib_loaders_stylePostLoader_js_node_modules_postcss_loader_src_index_js_postcss_node_modules_resolve_url_loader_index_js_node_modules_sass_loader_dist_cjs_js_ref_4_1_node_modules_vue_loader_lib_index_js_vue_loader_options_index_vue_vue_type_style_index_1_lang_sass___WEBPACK_IMPORTED_MODULE_0__);
    var _unused_webpack_default_export = _node_modules_style_loader_dist_cjs_js_node_modules_css_loader_dist_cjs_js_ref_2_oneOf_0_0_node_modules_vue_loader_lib_loaders_stylePostLoader_js_node_modules_postcss_loader_src_index_js_postcss_node_modules_resolve_url_loader_index_js_node_modules_sass_loader_dist_cjs_js_ref_4_1_node_modules_vue_loader_lib_index_js_vue_loader_options_index_vue_vue_type_style_index_1_lang_sass___WEBPACK_IMPORTED_MODULE_0___default.a;
}, function(module, exports, __webpack_require__) {
    var ___CSS_LOADER_API_IMPORT___ = __webpack_require__(1);
    exports = ___CSS_LOADER_API_IMPORT___(false);
    exports.push([ module.i, \\".detail{color:red}\\", \\"\\" ]);
    module.exports = exports;
}, function(module, __webpack_exports__, __webpack_require__) {
    \\"use strict\\";
    __webpack_require__.r(__webpack_exports__);
    var render = function() {
        var _vm = this;
        var _h = _vm.$createElement;
        var _c = _vm._self._c || _h;
        return _c(\\"taro-view\\", {
            \\"staticClass\\": \\"index\\"
        }, [ _c(\\"taro-text\\", [ _vm._v(_vm._s(_vm.msg)) ]) ], 1);
    };
    var staticRenderFns = [];
    render._withStripped = true;
    var indexvue_type_script_lang_js_ = {
        \\"data\\": function data() {
            return {
                \\"msg\\": \\"Hello world!\\"
            };
        }
    };
    var pages_indexvue_type_script_lang_js_ = indexvue_type_script_lang_js_;
    var indexvue_type_style_index_0_lang_scss_ = __webpack_require__(11);
    var indexvue_type_style_index_1_lang_sass_ = __webpack_require__(13);
    function normalizeComponent(scriptExports, render, staticRenderFns, functionalTemplate, injectStyles, scopeId, moduleIdentifier, shadowMode) {
        var options = typeof scriptExports === \\"function\\" ? scriptExports.options : scriptExports;
        if (render) {
            options.render = render;
            options.staticRenderFns = staticRenderFns;
            options._compiled = true;
        }
        if (functionalTemplate) {
            options.functional = true;
        }
        if (scopeId) {
            options._scopeId = \\"data-v-\\" + scopeId;
        }
        var hook;
        if (moduleIdentifier) {
            hook = function(context) {
                context = context || this.$vnode && this.$vnode.ssrContext || this.parent && this.parent.$vnode && this.parent.$vnode.ssrContext;
                if (!context && typeof __VUE_SSR_CONTEXT__ !== \\"undefined\\") {
                    context = __VUE_SSR_CONTEXT__;
                }
                if (injectStyles) {
                    injectStyles.call(this, context);
                }
                if (context && context._registeredComponents) {
                    context._registeredComponents.add(moduleIdentifier);
                }
            };
            options._ssrRegister = hook;
        } else if (injectStyles) {
            hook = shadowMode ? function() {
                injectStyles.call(this, this.$root.$options.shadowRoot);
            } : injectStyles;
        }
        if (hook) {
            if (options.functional) {
                options._injectStyles = hook;
                var originalRender = options.render;
                options.render = function renderWithStyleInjection(h, context) {
                    hook.call(context);
                    return originalRender(h, context);
                };
            } else {
                var existing = options.beforeCreate;
                options.beforeCreate = existing ? [].concat(existing, hook) : [ hook ];
            }
        }
        return {
            \\"exports\\": scriptExports,
            \\"options\\": options
        };
    }
    var component = normalizeComponent(pages_indexvue_type_script_lang_js_, render, staticRenderFns, false, null, null, null);
    if (false) {
        var api;
    }
    component.options.__file = \\"src/pages/index/index.vue\\";
    var index = __webpack_exports__[\\"default\\"] = component.exports;
} ] ]);

/** filePath: dist/index.html **/
<!DOCTYPE html>
<html>
<head>
  <meta content=\\"text/html; charset=utf-8\\" http-equiv=\\"Content-Type\\">
  <meta content=\\"width=device-width,initial-scale=1,user-scalable=no\\" name=\\"viewport\\">
  <meta name=\\"apple-mobile-web-app-capable\\" content=\\"yes\\">
  <meta name=\\"apple-touch-fullscreen\\" content=\\"yes\\">
  <meta name=\\"format-detection\\" content=\\"telephone=no,address=no\\">
  <meta name=\\"apple-mobile-web-app-status-bar-style\\" content=\\"white\\">
  <meta http-equiv=\\"X-UA-Compatible\\" content=\\"IE=edge,chrome=1\\" >
  <title></title>
  <script>
    !function(x){function w(){var v,u,t,tes,s=x.document,r=s.documentElement,a=r.getBoundingClientRect().width;if(!v&&!u){var n=!!x.navigator.appVersion.match(/AppleWebKit.*Mobile.*/);v=x.devicePixelRatio;tes=x.devicePixelRatio;v=n?v:1,u=1/v}if(a>=640){r.style.fontSize=\\"40px\\"}else{if(a<=320){r.style.fontSize=\\"20px\\"}else{r.style.fontSize=a/320*20+\\"px\\"}}}x.addEventListener(\\"resize\\",function(){w()});w()}(window);
  </script>
</head>
<body>
  <div id=\\"app\\"></div>
<script type=\\"text/javascript\\" src=\\"/js/app.js\\"></script></body>
</html>


/** filePath: dist/js/app.js **/
(function(modules) {
    function webpackJsonpCallback(data) {
        var chunkIds = data[0];
        var moreModules = data[1];
        var moduleId, chunkId, i = 0, resolves = [];
        for (;i < chunkIds.length; i++) {
            chunkId = chunkIds[i];
            if (Object.prototype.hasOwnProperty.call(installedChunks, chunkId) && installedChunks[chunkId]) {
                resolves.push(installedChunks[chunkId][0]);
            }
            installedChunks[chunkId] = 0;
        }
        for (moduleId in moreModules) {
            if (Object.prototype.hasOwnProperty.call(moreModules, moduleId)) {
                modules[moduleId] = moreModules[moduleId];
            }
        }
        if (parentJsonpFunction) parentJsonpFunction(data);
        while (resolves.length) {
            resolves.shift()();
        }
    }
    var installedModules = {};
    var installedChunks = {
        \\"0\\": 0
    };
    function jsonpScriptSrc(chunkId) {
        return __webpack_require__.p + \\"chunk/\\" + ({}[chunkId] || chunkId) + \\".js\\";
    }
    function __webpack_require__(moduleId) {
        if (installedModules[moduleId]) {
            return installedModules[moduleId].exports;
        }
        var module = installedModules[moduleId] = {
            \\"i\\": moduleId,
            \\"l\\": false,
            \\"exports\\": {}
        };
        modules[moduleId].call(module.exports, module, module.exports, __webpack_require__);
        module.l = true;
        return module.exports;
    }
    __webpack_require__.e = function requireEnsure(chunkId) {
        var promises = [];
        var installedChunkData = installedChunks[chunkId];
        if (installedChunkData !== 0) {
            if (installedChunkData) {
                promises.push(installedChunkData[2]);
            } else {
                var promise = new Promise((function(resolve, reject) {
                    installedChunkData = installedChunks[chunkId] = [ resolve, reject ];
                }));
                promises.push(installedChunkData[2] = promise);
                var script = document.createElement(\\"script\\");
                var onScriptComplete;
                script.charset = \\"utf-8\\";
                script.timeout = 120;
                if (__webpack_require__.nc) {
                    script.setAttribute(\\"nonce\\", __webpack_require__.nc);
                }
                script.src = jsonpScriptSrc(chunkId);
                var error = new Error;
                onScriptComplete = function(event) {
                    script.onerror = script.onload = null;
                    clearTimeout(timeout);
                    var chunk = installedChunks[chunkId];
                    if (chunk !== 0) {
                        if (chunk) {
                            var errorType = event && (event.type === \\"load\\" ? \\"missing\\" : event.type);
                            var realSrc = event && event.target && event.target.src;
                            error.message = \\"Loading chunk \\" + chunkId + \\" failed.\\\\n(\\" + errorType + \\": \\" + realSrc + \\")\\";
                            error.name = \\"ChunkLoadError\\";
                            error.type = errorType;
                            error.request = realSrc;
                            chunk[1](error);
                        }
                        installedChunks[chunkId] = undefined;
                    }
                };
                var timeout = setTimeout((function() {
                    onScriptComplete({
                        \\"type\\": \\"timeout\\",
                        \\"target\\": script
                    });
                }), 12e4);
                script.onerror = script.onload = onScriptComplete;
                document.head.appendChild(script);
            }
        }
        return Promise.all(promises);
    };
    __webpack_require__.m = modules;
    __webpack_require__.c = installedModules;
    __webpack_require__.d = function(exports, name, getter) {
        if (!__webpack_require__.o(exports, name)) {
            Object.defineProperty(exports, name, {
                \\"enumerable\\": true,
                \\"get\\": getter
            });
        }
    };
    __webpack_require__.r = function(exports) {
        if (typeof Symbol !== \\"undefined\\" && Symbol.toStringTag) {
            Object.defineProperty(exports, Symbol.toStringTag, {
                \\"value\\": \\"Module\\"
            });
        }
        Object.defineProperty(exports, \\"__esModule\\", {
            \\"value\\": true
        });
    };
    __webpack_require__.t = function(value, mode) {
        if (mode & 1) value = __webpack_require__(value);
        if (mode & 8) return value;
        if (mode & 4 && typeof value === \\"object\\" && value && value.__esModule) return value;
        var ns = Object.create(null);
        __webpack_require__.r(ns);
        Object.defineProperty(ns, \\"default\\", {
            \\"enumerable\\": true,
            \\"value\\": value
        });
        if (mode & 2 && typeof value != \\"string\\") for (var key in value) __webpack_require__.d(ns, key, function(key) {
            return value[key];
        }.bind(null, key));
        return ns;
    };
    __webpack_require__.n = function(module) {
        var getter = module && module.__esModule ? function getDefault() {
            return module[\\"default\\"];
        } : function getModuleExports() {
            return module;
        };
        __webpack_require__.d(getter, \\"a\\", getter);
        return getter;
    };
    __webpack_require__.o = function(object, property) {
        return Object.prototype.hasOwnProperty.call(object, property);
    };
    __webpack_require__.p = \\"/\\";
    __webpack_require__.oe = function(err) {
        console.error(err);
        throw err;
    };
    var jsonpArray = window[\\"webpackJsonp\\"] = window[\\"webpackJsonp\\"] || [];
    var oldJsonpFunction = jsonpArray.push.bind(jsonpArray);
    jsonpArray.push = webpackJsonpCallback;
    jsonpArray = jsonpArray.slice();
    for (var i = 0; i < jsonpArray.length; i++) webpackJsonpCallback(jsonpArray[i]);
    var parentJsonpFunction = oldJsonpFunction;
    return __webpack_require__(__webpack_require__.s = 2);
})([ function(module, exports, __webpack_require__) {
    \\"use strict\\";
    var isOldIE = function isOldIE() {
        var memo;
        return function memorize() {
            if (typeof memo === \\"undefined\\") {
                memo = Boolean(window && document && document.all && !window.atob);
            }
            return memo;
        };
    }();
    var getTarget = function getTarget() {
        var memo = {};
        return function memorize(target) {
            if (typeof memo[target] === \\"undefined\\") {
                var styleTarget = document.querySelector(target);
                if (window.HTMLIFrameElement && styleTarget instanceof window.HTMLIFrameElement) {
                    try {
                        styleTarget = styleTarget.contentDocument.head;
                    } catch (e) {
                        styleTarget = null;
                    }
                }
                memo[target] = styleTarget;
            }
            return memo[target];
        };
    }();
    var stylesInDom = [];
    function getIndexByIdentifier(identifier) {
        var result = -1;
        for (var i = 0; i < stylesInDom.length; i++) {
            if (stylesInDom[i].identifier === identifier) {
                result = i;
                break;
            }
        }
        return result;
    }
    function modulesToDom(list, options) {
        var idCountMap = {};
        var identifiers = [];
        for (var i = 0; i < list.length; i++) {
            var item = list[i];
            var id = options.base ? item[0] + options.base : item[0];
            var count = idCountMap[id] || 0;
            var identifier = \\"\\".concat(id, \\" \\").concat(count);
            idCountMap[id] = count + 1;
            var index = getIndexByIdentifier(identifier);
            var obj = {
                \\"css\\": item[1],
                \\"media\\": item[2],
                \\"sourceMap\\": item[3]
            };
            if (index !== -1) {
                stylesInDom[index].references++;
                stylesInDom[index].updater(obj);
            } else {
                stylesInDom.push({
                    \\"identifier\\": identifier,
                    \\"updater\\": addStyle(obj, options),
                    \\"references\\": 1
                });
            }
            identifiers.push(identifier);
        }
        return identifiers;
    }
    function insertStyleElement(options) {
        var style = document.createElement(\\"style\\");
        var attributes = options.attributes || {};
        if (typeof attributes.nonce === \\"undefined\\") {
            var nonce = true ? __webpack_require__.nc : undefined;
            if (nonce) {
                attributes.nonce = nonce;
            }
        }
        Object.keys(attributes).forEach((function(key) {
            style.setAttribute(key, attributes[key]);
        }));
        if (typeof options.insert === \\"function\\") {
            options.insert(style);
        } else {
            var target = getTarget(options.insert || \\"head\\");
            if (!target) {
                throw new Error(\\"Couldn't find a style target. This probably means that the value for the 'insert' parameter is invalid.\\");
            }
            target.appendChild(style);
        }
        return style;
    }
    function removeStyleElement(style) {
        if (style.parentNode === null) {
            return false;
        }
        style.parentNode.removeChild(style);
    }
    var replaceText = function replaceText() {
        var textStore = [];
        return function replace(index, replacement) {
            textStore[index] = replacement;
            return textStore.filter(Boolean).join(\\"\\\\n\\");
        };
    }();
    function applyToSingletonTag(style, index, remove, obj) {
        var css = remove ? \\"\\" : obj.media ? \\"@media \\".concat(obj.media, \\" {\\").concat(obj.css, \\"}\\") : obj.css;
        if (style.styleSheet) {
            style.styleSheet.cssText = replaceText(index, css);
        } else {
            var cssNode = document.createTextNode(css);
            var childNodes = style.childNodes;
            if (childNodes[index]) {
                style.removeChild(childNodes[index]);
            }
            if (childNodes.length) {
                style.insertBefore(cssNode, childNodes[index]);
            } else {
                style.appendChild(cssNode);
            }
        }
    }
    function applyToTag(style, options, obj) {
        var css = obj.css;
        var media = obj.media;
        var sourceMap = obj.sourceMap;
        if (media) {
            style.setAttribute(\\"media\\", media);
        } else {
            style.removeAttribute(\\"media\\");
        }
        if (sourceMap && btoa) {
            css += \\"\\\\n/*# sourceMappingURL=data:application/json;base64,\\".concat(btoa(unescape(encodeURIComponent(JSON.stringify(sourceMap)))), \\" */\\");
        }
        if (style.styleSheet) {
            style.styleSheet.cssText = css;
        } else {
            while (style.firstChild) {
                style.removeChild(style.firstChild);
            }
            style.appendChild(document.createTextNode(css));
        }
    }
    var singleton = null;
    var singletonCounter = 0;
    function addStyle(obj, options) {
        var style;
        var update;
        var remove;
        if (options.singleton) {
            var styleIndex = singletonCounter++;
            style = singleton || (singleton = insertStyleElement(options));
            update = applyToSingletonTag.bind(null, style, styleIndex, false);
            remove = applyToSingletonTag.bind(null, style, styleIndex, true);
        } else {
            style = insertStyleElement(options);
            update = applyToTag.bind(null, style, options);
            remove = function remove() {
                removeStyleElement(style);
            };
        }
        update(obj);
        return function updateStyle(newObj) {
            if (newObj) {
                if (newObj.css === obj.css && newObj.media === obj.media && newObj.sourceMap === obj.sourceMap) {
                    return;
                }
                update(obj = newObj);
            } else {
                remove();
            }
        };
    }
    module.exports = function(list, options) {
        options = options || {};
        if (!options.singleton && typeof options.singleton !== \\"boolean\\") {
            options.singleton = isOldIE();
        }
        list = list || [];
        var lastIdentifiers = modulesToDom(list, options);
        return function update(newList) {
            newList = newList || [];
            if (Object.prototype.toString.call(newList) !== \\"[object Array]\\") {
                return;
            }
            for (var i = 0; i < lastIdentifiers.length; i++) {
                var identifier = lastIdentifiers[i];
                var index = getIndexByIdentifier(identifier);
                stylesInDom[index].references--;
            }
            var newLastIdentifiers = modulesToDom(newList, options);
            for (var _i = 0; _i < lastIdentifiers.length; _i++) {
                var _identifier = lastIdentifiers[_i];
                var _index = getIndexByIdentifier(_identifier);
                if (stylesInDom[_index].references === 0) {
                    stylesInDom[_index].updater();
                    stylesInDom.splice(_index, 1);
                }
            }
            lastIdentifiers = newLastIdentifiers;
        };
    };
}, function(module, exports, __webpack_require__) {
    \\"use strict\\";
    module.exports = function(useSourceMap) {
        var list = [];
        list.toString = function toString() {
            return this.map((function(item) {
                var content = cssWithMappingToString(item, useSourceMap);
                if (item[2]) {
                    return \\"@media \\".concat(item[2], \\" {\\").concat(content, \\"}\\");
                }
                return content;
            })).join(\\"\\");
        };
        list.i = function(modules, mediaQuery, dedupe) {
            if (typeof modules === \\"string\\") {
                modules = [ [ null, modules, \\"\\" ] ];
            }
            var alreadyImportedModules = {};
            if (dedupe) {
                for (var i = 0; i < this.length; i++) {
                    var id = this[i][0];
                    if (id != null) {
                        alreadyImportedModules[id] = true;
                    }
                }
            }
            for (var _i = 0; _i < modules.length; _i++) {
                var item = [].concat(modules[_i]);
                if (dedupe && alreadyImportedModules[item[0]]) {
                    continue;
                }
                if (mediaQuery) {
                    if (!item[2]) {
                        item[2] = mediaQuery;
                    } else {
                        item[2] = \\"\\".concat(mediaQuery, \\" and \\").concat(item[2]);
                    }
                }
                list.push(item);
            }
        };
        return list;
    };
    function cssWithMappingToString(item, useSourceMap) {
        var content = item[1] || \\"\\";
        var cssMapping = item[3];
        if (!cssMapping) {
            return content;
        }
        if (useSourceMap && typeof btoa === \\"function\\") {
            var sourceMapping = toComment(cssMapping);
            var sourceURLs = cssMapping.sources.map((function(source) {
                return \\"/*# sourceURL=\\".concat(cssMapping.sourceRoot || \\"\\").concat(source, \\" */\\");
            }));
            return [ content ].concat(sourceURLs).concat([ sourceMapping ]).join(\\"\\\\n\\");
        }
        return [ content ].join(\\"\\\\n\\");
    }
    function toComment(sourceMap) {
        var base64 = btoa(unescape(encodeURIComponent(JSON.stringify(sourceMap))));
        var data = \\"sourceMappingURL=data:application/json;charset=utf-8;base64,\\".concat(base64);
        return \\"/*# \\".concat(data, \\" */\\");
    }
}, function(module, exports, __webpack_require__) {
    module.exports = __webpack_require__(7);
}, function(module, exports, __webpack_require__) {
    var api = __webpack_require__(0);
    var content = __webpack_require__(4);
    content = content.__esModule ? content.default : content;
    if (typeof content === \\"string\\") {
        content = [ [ module.i, content, \\"\\" ] ];
    }
    var options = {};
    options.insert = \\"head\\";
    options.singleton = false;
    var update = api(content, options);
    var exported = content.locals ? content.locals : {};
    module.exports = exported;
}, function(module, exports, __webpack_require__) {
    var ___CSS_LOADER_API_IMPORT___ = __webpack_require__(1);
    exports = ___CSS_LOADER_API_IMPORT___(false);
    exports.push([ module.i, \\"\\", \\"\\" ]);
    module.exports = exports;
}, function(module, exports, __webpack_require__) {
    var api = __webpack_require__(0);
    var content = __webpack_require__(6);
    content = content.__esModule ? content.default : content;
    if (typeof content === \\"string\\") {
        content = [ [ module.i, content, \\"\\" ] ];
    }
    var options = {};
    options.insert = function insertAtTop(element) {
        const parent = document.querySelector(\\"head\\");
        if (parent) {
            const lastInsertedElement = window._lastElementInsertedByStyleLoader;
            if (!lastInsertedElement) {
                parent.insertBefore(element, parent.firstChild);
            } else if (lastInsertedElement.nextSibling) {
                parent.insertBefore(element, lastInsertedElement.nextSibling);
            } else {
                parent.appendChild(element);
            }
            window._lastElementInsertedByStyleLoader = element;
        }
    };
    options.singleton = false;
    var update = api(content, options);
    var exported = content.locals ? content.locals : {};
    module.exports = exported;
}, function(module, exports, __webpack_require__) {
    var ___CSS_LOADER_API_IMPORT___ = __webpack_require__(1);
    exports = ___CSS_LOADER_API_IMPORT___(false);
    exports.push([ module.i, \\"\\", \\"\\" ]);
    module.exports = exports;
}, function(module, __webpack_exports__, __webpack_require__) {
    \\"use strict\\";
    __webpack_require__.r(__webpack_exports__);
    var taro_h5 = \\"taro-h5-mock\\";
    var h5 = taro_h5;
    var vue = \\"vue-mock\\";
    var app = __webpack_require__(3);
    var App = new vue({
        \\"onShow\\": function onShow() {},
        \\"render\\": function render(h) {
            return h(\\"block\\", this.$slots.default);
        }
    });
    var src_app = App;
    var taro_runtime = \\"taro-runtime-mock\\";
    var taro_runtime_window = {};
    var taro_components = \\"taro-components-mock\\";
    function defineCustomElements() {}
    function applyPolyfills() {}
    var mocks_taro_components = __webpack_require__(5);
    applyPolyfills().then(() => {
        defineCustomElements(taro_runtime_window);
    });
    const config = {
        \\"pages\\": [ \\"pages/index/index\\" ],
        \\"window\\": {
            \\"backgroundTextStyle\\": \\"light\\",
            \\"navigationBarBackgroundColor\\": \\"#fff\\",
            \\"navigationBarTitleText\\": \\"WeChat\\",
            \\"navigationBarTextStyle\\": \\"black\\"
        }
    };
    taro_runtime_window.__taroAppConfig = config;
    if (config.tabBar) {
        const tabbarList = config.tabBar.list;
        for (let i = 0; i < tabbarList.length; i++) {
            const t = tabbarList[i];
            if (t.iconPath) {
                t.iconPath = tabbarIconPath[i];
            }
            if (t.selectedIconPath) {
                t.selectedIconPath = tabbarSelectedIconPath[i];
            }
        }
    }
    config.routes = [ Object.assign({
        \\"path\\": \\"pages/index/index\\",
        \\"load\\": () => __webpack_require__.e(1).then(__webpack_require__.bind(null, 15))
    }, {
        \\"navigationBarTitleText\\": \\"首页\\"
    } || {}) ];
    h5.createRouter(src_app, config, \\"vue\\", vue, config);
} ]);
"
`;
