// Jest Snapshot v1, https://goo.gl/fbAQLP

exports[`<Checkbox /> <Checkbox /> default 1`] = `
<View
  accessible={true}
  focusable={true}
  onMoveShouldSetResponder={[Function]}
  onMoveShouldSetResponderCapture={[Function]}
  onResponderEnd={[Function]}
  onResponderGrant={[Function]}
  onResponderMove={[Function]}
  onResponderReject={[Function]}
  onResponderRelease={[Function]}
  onResponderStart={[Function]}
  onResponderTerminate={[Function]}
  onResponderTerminationRequest={[Function]}
  onStartShouldSetResponder={[Function]}
  onStartShouldSetResponderCapture={[Function]}
  style={
    Array [
      Object {
        "alignItems": "center",
        "flexDirection": "row",
      },
      false,
    ]
  }
>
  <View
    hoverStartTime={20}
    hoverStayTime={70}
    style={
      Array [
        Object {
          "alignItems": "center",
          "backgroundColor": "#ffffff",
          "borderColor": "#f3f3f3",
          "borderRadius": 4,
          "borderWidth": 2,
          "height": 24,
          "justifyContent": "center",
          "width": 24,
        },
        undefined,
        false,
      ]
    }
  >
    <View
      style={
        Array [
          Array [
            Object {
              "opacity": 0,
            },
            false,
          ],
          Object {
            "height": 18,
            "width": 18,
          },
        ]
      }
    >
      <Image
        source={[Function]}
        style={
          Object {
            "height": 18,
            "tintColor": "red",
            "width": 18,
          }
        }
      />
    </View>
  </View>
</View>
`;
