// Jest Snapshot v1, https://goo.gl/fbAQLP

exports[`PickerView PickerView render 1`] = `
<View
  style={
    Object {
      "flexDirection": "row",
    }
  }
>
  <View
    style={
      Object {
        "flex": 1,
      }
    }
  >
    <RNCPicker
      items={
        Array [
          Object {
            "label": "1990年",
            "textColor": undefined,
            "value": 0,
          },
          Object {
            "label": "1991年",
            "textColor": undefined,
            "value": 1,
          },
          Object {
            "label": "1992年",
            "textColor": undefined,
            "value": 2,
          },
          Object {
            "label": "1993年",
            "textColor": undefined,
            "value": 3,
          },
          Object {
            "label": "1994年",
            "textColor": undefined,
            "value": 4,
          },
          Object {
            "label": "1995年",
            "textColor": undefined,
            "value": 5,
          },
          Object {
            "label": "1996年",
            "textColor": undefined,
            "value": 6,
          },
          Object {
            "label": "1997年",
            "textColor": undefined,
            "value": 7,
          },
          Object {
            "label": "1998年",
            "textColor": undefined,
            "value": 8,
          },
          Object {
            "label": "1999年",
            "textColor": undefined,
            "value": 9,
          },
          Object {
            "label": "2000年",
            "textColor": undefined,
            "value": 10,
          },
          Object {
            "label": "2001年",
            "textColor": undefined,
            "value": 11,
          },
          Object {
            "label": "2002年",
            "textColor": undefined,
            "value": 12,
          },
          Object {
            "label": "2003年",
            "textColor": undefined,
            "value": 13,
          },
          Object {
            "label": "2004年",
            "textColor": undefined,
            "value": 14,
          },
          Object {
            "label": "2005年",
            "textColor": undefined,
            "value": 15,
          },
          Object {
            "label": "2006年",
            "textColor": undefined,
            "value": 16,
          },
          Object {
            "label": "2007年",
            "textColor": undefined,
            "value": 17,
          },
          Object {
            "label": "2008年",
            "textColor": undefined,
            "value": 18,
          },
          Object {
            "label": "2009年",
            "textColor": undefined,
            "value": 19,
          },
          Object {
            "label": "2010年",
            "textColor": undefined,
            "value": 20,
          },
          Object {
            "label": "2011年",
            "textColor": undefined,
            "value": 21,
          },
          Object {
            "label": "2012年",
            "textColor": undefined,
            "value": 22,
          },
          Object {
            "label": "2013年",
            "textColor": undefined,
            "value": 23,
          },
          Object {
            "label": "2014年",
            "textColor": undefined,
            "value": 24,
          },
          Object {
            "label": "2015年",
            "textColor": undefined,
            "value": 25,
          },
          Object {
            "label": "2016年",
            "textColor": undefined,
            "value": 26,
          },
          Object {
            "label": "2017年",
            "textColor": undefined,
            "value": 27,
          },
          Object {
            "label": "2018年",
            "textColor": undefined,
            "value": 28,
          },
          Object {
            "label": "2019年",
            "textColor": undefined,
            "value": 29,
          },
          Object {
            "label": "2020年",
            "textColor": undefined,
            "value": 30,
          },
        ]
      }
      onChange={[Function]}
      selectedIndex={0}
      style={
        Array [
          Object {
            "height": 216,
          },
          undefined,
        ]
      }
    />
  </View>
  <View
    style={
      Object {
        "flex": 1,
      }
    }
  >
    <RNCPicker
      items={
        Array [
          Object {
            "label": "1月",
            "textColor": undefined,
            "value": 0,
          },
          Object {
            "label": "2月",
            "textColor": undefined,
            "value": 1,
          },
          Object {
            "label": "3月",
            "textColor": undefined,
            "value": 2,
          },
          Object {
            "label": "4月",
            "textColor": undefined,
            "value": 3,
          },
          Object {
            "label": "5月",
            "textColor": undefined,
            "value": 4,
          },
          Object {
            "label": "6月",
            "textColor": undefined,
            "value": 5,
          },
          Object {
            "label": "7月",
            "textColor": undefined,
            "value": 6,
          },
          Object {
            "label": "8月",
            "textColor": undefined,
            "value": 7,
          },
          Object {
            "label": "9月",
            "textColor": undefined,
            "value": 8,
          },
          Object {
            "label": "10月",
            "textColor": undefined,
            "value": 9,
          },
          Object {
            "label": "11月",
            "textColor": undefined,
            "value": 10,
          },
          Object {
            "label": "12月",
            "textColor": undefined,
            "value": 11,
          },
        ]
      }
      onChange={[Function]}
      selectedIndex={0}
      style={
        Array [
          Object {
            "height": 216,
          },
          undefined,
        ]
      }
    />
  </View>
  <View
    style={
      Object {
        "flex": 1,
      }
    }
  >
    <RNCPicker
      items={
        Array [
          Object {
            "label": "1日",
            "textColor": undefined,
            "value": 0,
          },
          Object {
            "label": "2日",
            "textColor": undefined,
            "value": 1,
          },
          Object {
            "label": "3日",
            "textColor": undefined,
            "value": 2,
          },
          Object {
            "label": "4日",
            "textColor": undefined,
            "value": 3,
          },
          Object {
            "label": "5日",
            "textColor": undefined,
            "value": 4,
          },
          Object {
            "label": "6日",
            "textColor": undefined,
            "value": 5,
          },
          Object {
            "label": "7日",
            "textColor": undefined,
            "value": 6,
          },
          Object {
            "label": "8日",
            "textColor": undefined,
            "value": 7,
          },
          Object {
            "label": "9日",
            "textColor": undefined,
            "value": 8,
          },
          Object {
            "label": "10日",
            "textColor": undefined,
            "value": 9,
          },
          Object {
            "label": "11日",
            "textColor": undefined,
            "value": 10,
          },
          Object {
            "label": "12日",
            "textColor": undefined,
            "value": 11,
          },
          Object {
            "label": "13日",
            "textColor": undefined,
            "value": 12,
          },
          Object {
            "label": "14日",
            "textColor": undefined,
            "value": 13,
          },
          Object {
            "label": "15日",
            "textColor": undefined,
            "value": 14,
          },
          Object {
            "label": "16日",
            "textColor": undefined,
            "value": 15,
          },
          Object {
            "label": "17日",
            "textColor": undefined,
            "value": 16,
          },
          Object {
            "label": "18日",
            "textColor": undefined,
            "value": 17,
          },
          Object {
            "label": "19日",
            "textColor": undefined,
            "value": 18,
          },
          Object {
            "label": "20日",
            "textColor": undefined,
            "value": 19,
          },
          Object {
            "label": "21日",
            "textColor": undefined,
            "value": 20,
          },
          Object {
            "label": "22日",
            "textColor": undefined,
            "value": 21,
          },
          Object {
            "label": "23日",
            "textColor": undefined,
            "value": 22,
          },
          Object {
            "label": "24日",
            "textColor": undefined,
            "value": 23,
          },
          Object {
            "label": "25日",
            "textColor": undefined,
            "value": 24,
          },
          Object {
            "label": "26日",
            "textColor": undefined,
            "value": 25,
          },
          Object {
            "label": "27日",
            "textColor": undefined,
            "value": 26,
          },
          Object {
            "label": "28日",
            "textColor": undefined,
            "value": 27,
          },
          Object {
            "label": "29日",
            "textColor": undefined,
            "value": 28,
          },
          Object {
            "label": "30日",
            "textColor": undefined,
            "value": 29,
          },
          Object {
            "label": "31日",
            "textColor": undefined,
            "value": 30,
          },
        ]
      }
      onChange={[Function]}
      selectedIndex={0}
      style={
        Array [
          Object {
            "height": 216,
          },
          undefined,
        ]
      }
    />
  </View>
</View>
`;
