// Jest Snapshot v1, https://goo.gl/fbAQLP

exports[`RichText RichText render 1`] = `
<View>
  <View
    style={
      Array [
        Object {
          "flex": 1,
          "overflow": "hidden",
        },
        undefined,
      ]
    }
  >
    <RNCWebView
      cacheEnabled={true}
      injectedJavaScript="
            document.documentElement.style.padding = 0;
            document.documentElement.style.margin = 0;
            document.body.style.padding = 0;
            document.body.style.margin = 0;
            true;
          "
      injectedJavaScriptBeforeContentLoadedForMainFrameOnly={true}
      injectedJavaScriptForMainFrameOnly={true}
      javaScriptEnabled={true}
      messagingEnabled={false}
      onContentProcessDidTerminate={[Function]}
      onHttpError={[Function]}
      onLoadingError={[Function]}
      onLoadingFinish={[Function]}
      onLoadingProgress={[Function]}
      onLoadingStart={[Function]}
      onMessage={[Function]}
      onShouldStartLoadWithRequest={[Function]}
      scalesPageToFit={false}
      source={
        Object {
          "html": "<div class=\\"div_class\\" style=\\"line-height:60px;color:white;font-size:60px\\"><span>Hello World!</span></div>",
        }
      }
      style={
        Array [
          Object {
            "flex": 1,
            "overflow": "hidden",
          },
          Object {
            "backgroundColor": "#ffffff",
          },
          Object {
            "backgroundColor": "transparent",
          },
        ]
      }
      useSharedProcessPool={true}
    />
  </View>
</View>
`;
