// Jest Snapshot v1, https://goo.gl/fbAQLP

exports[`Video render Video 1`] = `
<_Clickable
  hoverStartTime={20}
  hoverStayTime={70}
  style={
    Array [
      Object {
        "height": 225,
        "lineHeight": 0,
        "overflow": "hidden",
        "position": "relative",
        "width": "100%",
      },
      undefined,
    ]
  }
>
  <_Clickable
    hoverStartTime={20}
    hoverStayTime={70}
    style={
      Array [
        Object {
          "backgroundColor": "#000",
          "bottom": 0,
          "height": "100%",
          "left": 0,
          "overflow": "hidden",
          "position": "absolute",
          "right": 0,
          "top": 0,
          "width": "100%",
        },
        false,
      ]
    }
  >
    <Video
      isLooping={false}
      isMuted={false}
      onError={[Function]}
      onFullscreenUpdate={[Function]}
      onLoad={[Function]}
      onPlaybackStatusUpdate={[Function]}
      onReadyForDisplay={[Function]}
      positionMillis={30}
      posterSource={
        Object {
          "uri": "http://misc.aotu.io/booxood/mobile-video/cover_900x500.jpg",
        }
      }
      resizeMode="contain"
      shouldPlay={false}
      source={
        Object {
          "uri": "http://wxsnsdy.tc.qq.com/105/20210/snsdyvideodownload?filekey=30280201010421301f0201690402534804102ca905ce620b1241b726bc41dcff44e00204012882540400&bizid=1023&hy=SH&fileparam=302c020101042530230204136ffd93020457e3c4ff02024ef202031e8d7f02030f42400204045a320a0201000400",
        }
      }
      style={
        Object {
          "height": "100%",
          "width": "100%",
        }
      }
      useNativeControls={true}
      usePoster={true}
    />
    <_Clickable
      hoverStartTime={20}
      hoverStayTime={70}
      style={
        Object {
          "alignItems": "center",
          "backgroundColor": "rgba(1, 1, 1, 0.5)",
          "bottom": 0,
          "display": "flex",
          "flexDirection": "column",
          "justifyContent": "center",
          "left": 0,
          "position": "absolute",
          "right": 0,
          "top": 0,
          "width": "100%",
          "zIndex": 1,
        }
      }
    >
      <_Clickable
        hoverStartTime={20}
        hoverStayTime={70}
        onClick={[Function]}
        src={[Function]}
        style={
          Object {
            "height": 30,
            "width": 30,
          }
        }
      />
      <_Text
        style={
          Object {
            "color": "#fff",
            "fontSize": 16,
            "marginTop": 10,
          }
        }
      />
    </_Clickable>
  </_Clickable>
</_Clickable>
`;
