// Jest Snapshot v1, https://goo.gl/fbAQLP

exports[`<View /> renders correctly 1`] = `<View />`;
