// Jest Snapshot v1, https://goo.gl/fbAQLP

exports[`VirtualList VirtualList render 1`] = `
<FlatList
  disableVirtualization={false}
  enableBackToTop={false}
  horizontal={false}
  initialNumToRender={10}
  keyExtractor={[Function]}
  lowerThreshold={50}
  maxToRenderPerBatch={10}
  numColumns={1}
  onEndReachedThreshold={2}
  onScroll={[Function]}
  onScrollBeginDrag={[Function]}
  removeClippedSubviews={false}
  renderItem={[Function]}
  scrollEventThrottle={50}
  updateCellsBatchingPeriod={50}
  upperThreshold={50}
  windowSize={1}
/>
`;
