// Jest Snapshot v1, https://goo.gl/fbAQLP

exports[`vue should build vue app 1`] = `5`;

exports[`vue should build vue app 2`] = `
"
/** filePath: dist/chunk/1.js **/
(window["webpackJsonp"] = window["webpackJsonp"] || []).push([ [ 1 ], [ , , , , , , function(module, exports, __webpack_require__) {}, function(module, exports, __webpack_require__) {}, function(module, __webpack_exports__, __webpack_require__) {
    "use strict";
    var _node_modules_pnpm_registry_npmjs_org_mini_css_extract_plugin_0_9_0_webpack_4_46_0_node_modules_mini_css_extract_plugin_dist_loader_js_node_modules_pnpm_registry_npmjs_org_css_loader_5_2_7_webpack_4_46_0_node_modules_css_loader_dist_cjs_js_ref_2_oneOf_0_0_node_modules_pnpm_registry_npmjs_org_vue_loader_15_10_1_css_loader_5_2_7_lodash_4_17_21_webpack_4_46_0_node_modules_vue_loader_lib_loaders_stylePostLoader_js_node_modules_pnpm_registry_npmjs_org_postcss_loader_4_3_0_postcss_8_4_23_webpack_4_46_0_node_modules_postcss_loader_dist_cjs_js_ref_3_0_node_modules_pnpm_registry_npmjs_org_resolve_url_loader_3_1_3_node_modules_resolve_url_loader_index_js_node_modules_pnpm_registry_npmjs_org_sass_loader_10_2_0_sass_1_50_0_webpack_4_46_0_node_modules_sass_loader_dist_cjs_js_ref_5_1_node_modules_pnpm_registry_npmjs_org_vue_loader_15_10_1_css_loader_5_2_7_lodash_4_17_21_webpack_4_46_0_node_modules_vue_loader_lib_index_js_vue_loader_options_index_vue_vue_type_style_index_0_id_26c853a8_prod_lang_scss___WEBPACK_IMPORTED_MODULE_0__ = __webpack_require__(6);
    var _node_modules_pnpm_registry_npmjs_org_mini_css_extract_plugin_0_9_0_webpack_4_46_0_node_modules_mini_css_extract_plugin_dist_loader_js_node_modules_pnpm_registry_npmjs_org_css_loader_5_2_7_webpack_4_46_0_node_modules_css_loader_dist_cjs_js_ref_2_oneOf_0_0_node_modules_pnpm_registry_npmjs_org_vue_loader_15_10_1_css_loader_5_2_7_lodash_4_17_21_webpack_4_46_0_node_modules_vue_loader_lib_loaders_stylePostLoader_js_node_modules_pnpm_registry_npmjs_org_postcss_loader_4_3_0_postcss_8_4_23_webpack_4_46_0_node_modules_postcss_loader_dist_cjs_js_ref_3_0_node_modules_pnpm_registry_npmjs_org_resolve_url_loader_3_1_3_node_modules_resolve_url_loader_index_js_node_modules_pnpm_registry_npmjs_org_sass_loader_10_2_0_sass_1_50_0_webpack_4_46_0_node_modules_sass_loader_dist_cjs_js_ref_5_1_node_modules_pnpm_registry_npmjs_org_vue_loader_15_10_1_css_loader_5_2_7_lodash_4_17_21_webpack_4_46_0_node_modules_vue_loader_lib_index_js_vue_loader_options_index_vue_vue_type_style_index_0_id_26c853a8_prod_lang_scss___WEBPACK_IMPORTED_MODULE_0___default = __webpack_require__.n(_node_modules_pnpm_registry_npmjs_org_mini_css_extract_plugin_0_9_0_webpack_4_46_0_node_modules_mini_css_extract_plugin_dist_loader_js_node_modules_pnpm_registry_npmjs_org_css_loader_5_2_7_webpack_4_46_0_node_modules_css_loader_dist_cjs_js_ref_2_oneOf_0_0_node_modules_pnpm_registry_npmjs_org_vue_loader_15_10_1_css_loader_5_2_7_lodash_4_17_21_webpack_4_46_0_node_modules_vue_loader_lib_loaders_stylePostLoader_js_node_modules_pnpm_registry_npmjs_org_postcss_loader_4_3_0_postcss_8_4_23_webpack_4_46_0_node_modules_postcss_loader_dist_cjs_js_ref_3_0_node_modules_pnpm_registry_npmjs_org_resolve_url_loader_3_1_3_node_modules_resolve_url_loader_index_js_node_modules_pnpm_registry_npmjs_org_sass_loader_10_2_0_sass_1_50_0_webpack_4_46_0_node_modules_sass_loader_dist_cjs_js_ref_5_1_node_modules_pnpm_registry_npmjs_org_vue_loader_15_10_1_css_loader_5_2_7_lodash_4_17_21_webpack_4_46_0_node_modules_vue_loader_lib_index_js_vue_loader_options_index_vue_vue_type_style_index_0_id_26c853a8_prod_lang_scss___WEBPACK_IMPORTED_MODULE_0__);
}, function(module, __webpack_exports__, __webpack_require__) {
    "use strict";
    var _node_modules_pnpm_registry_npmjs_org_mini_css_extract_plugin_0_9_0_webpack_4_46_0_node_modules_mini_css_extract_plugin_dist_loader_js_node_modules_pnpm_registry_npmjs_org_css_loader_5_2_7_webpack_4_46_0_node_modules_css_loader_dist_cjs_js_ref_2_oneOf_0_0_node_modules_pnpm_registry_npmjs_org_vue_loader_15_10_1_css_loader_5_2_7_lodash_4_17_21_webpack_4_46_0_node_modules_vue_loader_lib_loaders_stylePostLoader_js_node_modules_pnpm_registry_npmjs_org_postcss_loader_4_3_0_postcss_8_4_23_webpack_4_46_0_node_modules_postcss_loader_dist_cjs_js_ref_3_0_node_modules_pnpm_registry_npmjs_org_resolve_url_loader_3_1_3_node_modules_resolve_url_loader_index_js_node_modules_pnpm_registry_npmjs_org_sass_loader_10_2_0_sass_1_50_0_webpack_4_46_0_node_modules_sass_loader_dist_cjs_js_ref_4_1_node_modules_pnpm_registry_npmjs_org_vue_loader_15_10_1_css_loader_5_2_7_lodash_4_17_21_webpack_4_46_0_node_modules_vue_loader_lib_index_js_vue_loader_options_index_vue_vue_type_style_index_1_id_26c853a8_prod_lang_sass___WEBPACK_IMPORTED_MODULE_0__ = __webpack_require__(7);
    var _node_modules_pnpm_registry_npmjs_org_mini_css_extract_plugin_0_9_0_webpack_4_46_0_node_modules_mini_css_extract_plugin_dist_loader_js_node_modules_pnpm_registry_npmjs_org_css_loader_5_2_7_webpack_4_46_0_node_modules_css_loader_dist_cjs_js_ref_2_oneOf_0_0_node_modules_pnpm_registry_npmjs_org_vue_loader_15_10_1_css_loader_5_2_7_lodash_4_17_21_webpack_4_46_0_node_modules_vue_loader_lib_loaders_stylePostLoader_js_node_modules_pnpm_registry_npmjs_org_postcss_loader_4_3_0_postcss_8_4_23_webpack_4_46_0_node_modules_postcss_loader_dist_cjs_js_ref_3_0_node_modules_pnpm_registry_npmjs_org_resolve_url_loader_3_1_3_node_modules_resolve_url_loader_index_js_node_modules_pnpm_registry_npmjs_org_sass_loader_10_2_0_sass_1_50_0_webpack_4_46_0_node_modules_sass_loader_dist_cjs_js_ref_4_1_node_modules_pnpm_registry_npmjs_org_vue_loader_15_10_1_css_loader_5_2_7_lodash_4_17_21_webpack_4_46_0_node_modules_vue_loader_lib_index_js_vue_loader_options_index_vue_vue_type_style_index_1_id_26c853a8_prod_lang_sass___WEBPACK_IMPORTED_MODULE_0___default = __webpack_require__.n(_node_modules_pnpm_registry_npmjs_org_mini_css_extract_plugin_0_9_0_webpack_4_46_0_node_modules_mini_css_extract_plugin_dist_loader_js_node_modules_pnpm_registry_npmjs_org_css_loader_5_2_7_webpack_4_46_0_node_modules_css_loader_dist_cjs_js_ref_2_oneOf_0_0_node_modules_pnpm_registry_npmjs_org_vue_loader_15_10_1_css_loader_5_2_7_lodash_4_17_21_webpack_4_46_0_node_modules_vue_loader_lib_loaders_stylePostLoader_js_node_modules_pnpm_registry_npmjs_org_postcss_loader_4_3_0_postcss_8_4_23_webpack_4_46_0_node_modules_postcss_loader_dist_cjs_js_ref_3_0_node_modules_pnpm_registry_npmjs_org_resolve_url_loader_3_1_3_node_modules_resolve_url_loader_index_js_node_modules_pnpm_registry_npmjs_org_sass_loader_10_2_0_sass_1_50_0_webpack_4_46_0_node_modules_sass_loader_dist_cjs_js_ref_4_1_node_modules_pnpm_registry_npmjs_org_vue_loader_15_10_1_css_loader_5_2_7_lodash_4_17_21_webpack_4_46_0_node_modules_vue_loader_lib_index_js_vue_loader_options_index_vue_vue_type_style_index_1_id_26c853a8_prod_lang_sass___WEBPACK_IMPORTED_MODULE_0__);
}, function(module, __webpack_exports__, __webpack_require__) {
    "use strict";
    __webpack_require__.r(__webpack_exports__);
    var render = function render() {
        var _vm = this, _c = _vm._self._c;
        return _c("taro-view", {
            "staticClass": "index"
        }, [ _c("taro-text", [ _vm._v(_vm._s(_vm.msg)) ]) ], 1);
    };
    var staticRenderFns = [];
    render._withStripped = true;
    var indexvue_type_script_lang_js_ = {
        "data": function data() {
            return {
                "msg": "Hello world!"
            };
        }
    };
    var pages_indexvue_type_script_lang_js_ = indexvue_type_script_lang_js_;
    var indexvue_type_style_index_0_id_26c853a8_prod_lang_scss_ = __webpack_require__(8);
    var indexvue_type_style_index_1_id_26c853a8_prod_lang_sass_ = __webpack_require__(9);
    function normalizeComponent(scriptExports, render, staticRenderFns, functionalTemplate, injectStyles, scopeId, moduleIdentifier, shadowMode) {
        var options = typeof scriptExports === "function" ? scriptExports.options : scriptExports;
        if (render) {
            options.render = render;
            options.staticRenderFns = staticRenderFns;
            options._compiled = true;
        }
        if (functionalTemplate) {
            options.functional = true;
        }
        if (scopeId) {
            options._scopeId = "data-v-" + scopeId;
        }
        var hook;
        if (moduleIdentifier) {
            hook = function(context) {
                context = context || this.$vnode && this.$vnode.ssrContext || this.parent && this.parent.$vnode && this.parent.$vnode.ssrContext;
                if (!context && typeof __VUE_SSR_CONTEXT__ !== "undefined") {
                    context = __VUE_SSR_CONTEXT__;
                }
                if (injectStyles) {
                    injectStyles.call(this, context);
                }
                if (context && context._registeredComponents) {
                    context._registeredComponents.add(moduleIdentifier);
                }
            };
            options._ssrRegister = hook;
        } else if (injectStyles) {
            hook = shadowMode ? function() {
                injectStyles.call(this, (options.functional ? this.parent : this).$root.$options.shadowRoot);
            } : injectStyles;
        }
        if (hook) {
            if (options.functional) {
                options._injectStyles = hook;
                var originalRender = options.render;
                options.render = function renderWithStyleInjection(h, context) {
                    hook.call(context);
                    return originalRender(h, context);
                };
            } else {
                var existing = options.beforeCreate;
                options.beforeCreate = existing ? [].concat(existing, hook) : [ hook ];
            }
        }
        return {
            "exports": scriptExports,
            "options": options
        };
    }
    var component = normalizeComponent(pages_indexvue_type_script_lang_js_, render, staticRenderFns, false, null, null, null);
    var index = __webpack_exports__["default"] = component.exports;
} ] ]);

/** filePath: dist/css/1.css **/
.index{color:#00f}.detail{color:red}

/** filePath: dist/css/app.css **/


/** filePath: dist/index.html **/
<!doctype html><html><head><meta content="text/html; charset=utf-8" http-equiv="Content-Type"><meta content="width=device-width,initial-scale=1,user-scalable=no" name="viewport"><meta name="apple-mobile-web-app-capable" content="yes"><meta name="apple-touch-fullscreen" content="yes"><meta name="format-detection" content="telephone=no,address=no"><meta name="apple-mobile-web-app-status-bar-style" content="white"><meta http-equiv="X-UA-Compatible" content="IE=edge,chrome=1"><title></title><script>!function(x){function w(){var v,u,t,tes,s=x.document,r=s.documentElement,a=r.getBoundingClientRect().width;if(!v&&!u){var n=!!x.navigator.appVersion.match(/AppleWebKit.*Mobile.*/);v=x.devicePixelRatio;tes=x.devicePixelRatio;v=n?v:1,u=1/v}if(a>=640){r.style.fontSize="40px"}else{if(a<=320){r.style.fontSize="20px"}else{r.style.fontSize=a/320*20+"px"}}}x.addEventListener("resize",function(){w()});w()}(window);</script><link href="/css/app.css" rel="stylesheet"></head><body><div id="app"></div><script src="/js/app.js"></script></body></html>

/** filePath: dist/js/app.js **/
(function(modules) {
    function webpackJsonpCallback(data) {
        var chunkIds = data[0];
        var moreModules = data[1];
        var moduleId, chunkId, i = 0, resolves = [];
        for (;i < chunkIds.length; i++) {
            chunkId = chunkIds[i];
            if (Object.prototype.hasOwnProperty.call(installedChunks, chunkId) && installedChunks[chunkId]) {
                resolves.push(installedChunks[chunkId][0]);
            }
            installedChunks[chunkId] = 0;
        }
        for (moduleId in moreModules) {
            if (Object.prototype.hasOwnProperty.call(moreModules, moduleId)) {
                modules[moduleId] = moreModules[moduleId];
            }
        }
        if (parentJsonpFunction) parentJsonpFunction(data);
        while (resolves.length) {
            resolves.shift()();
        }
    }
    var installedModules = {};
    var installedCssChunks = {
        "0": 0
    };
    var installedChunks = {
        "0": 0
    };
    function jsonpScriptSrc(chunkId) {
        return __webpack_require__.p + "chunk/" + ({}[chunkId] || chunkId) + ".js";
    }
    function __webpack_require__(moduleId) {
        if (installedModules[moduleId]) {
            return installedModules[moduleId].exports;
        }
        var module = installedModules[moduleId] = {
            "i": moduleId,
            "l": false,
            "exports": {}
        };
        modules[moduleId].call(module.exports, module, module.exports, __webpack_require__);
        module.l = true;
        return module.exports;
    }
    __webpack_require__.e = function requireEnsure(chunkId) {
        var promises = [];
        var cssChunks = {
            "1": 1
        };
        if (installedCssChunks[chunkId]) promises.push(installedCssChunks[chunkId]); else if (installedCssChunks[chunkId] !== 0 && cssChunks[chunkId]) {
            promises.push(installedCssChunks[chunkId] = new Promise((function(resolve, reject) {
                var href = "css/" + ({}[chunkId] || chunkId) + ".css";
                var fullhref = __webpack_require__.p + href;
                var existingLinkTags = document.getElementsByTagName("link");
                for (var i = 0; i < existingLinkTags.length; i++) {
                    var tag = existingLinkTags[i];
                    var dataHref = tag.getAttribute("data-href") || tag.getAttribute("href");
                    if (tag.rel === "stylesheet" && (dataHref === href || dataHref === fullhref)) return resolve();
                }
                var existingStyleTags = document.getElementsByTagName("style");
                for (var i = 0; i < existingStyleTags.length; i++) {
                    var tag = existingStyleTags[i];
                    var dataHref = tag.getAttribute("data-href");
                    if (dataHref === href || dataHref === fullhref) return resolve();
                }
                var linkTag = document.createElement("link");
                linkTag.rel = "stylesheet";
                linkTag.type = "text/css";
                linkTag.onload = resolve;
                linkTag.onerror = function(event) {
                    var request = event && event.target && event.target.src || fullhref;
                    var err = new Error("Loading CSS chunk " + chunkId + " failed.\\n(" + request + ")");
                    err.code = "CSS_CHUNK_LOAD_FAILED";
                    err.request = request;
                    delete installedCssChunks[chunkId];
                    linkTag.parentNode.removeChild(linkTag);
                    reject(err);
                };
                linkTag.href = fullhref;
                var head = document.getElementsByTagName("head")[0];
                head.appendChild(linkTag);
            })).then((function() {
                installedCssChunks[chunkId] = 0;
            })));
        }
        var installedChunkData = installedChunks[chunkId];
        if (installedChunkData !== 0) {
            if (installedChunkData) {
                promises.push(installedChunkData[2]);
            } else {
                var promise = new Promise((function(resolve, reject) {
                    installedChunkData = installedChunks[chunkId] = [ resolve, reject ];
                }));
                promises.push(installedChunkData[2] = promise);
                var script = document.createElement("script");
                var onScriptComplete;
                script.charset = "utf-8";
                script.timeout = 120;
                if (__webpack_require__.nc) {
                    script.setAttribute("nonce", __webpack_require__.nc);
                }
                script.src = jsonpScriptSrc(chunkId);
                var error = new Error;
                onScriptComplete = function(event) {
                    script.onerror = script.onload = null;
                    clearTimeout(timeout);
                    var chunk = installedChunks[chunkId];
                    if (chunk !== 0) {
                        if (chunk) {
                            var errorType = event && (event.type === "load" ? "missing" : event.type);
                            var realSrc = event && event.target && event.target.src;
                            error.message = "Loading chunk " + chunkId + " failed.\\n(" + errorType + ": " + realSrc + ")";
                            error.name = "ChunkLoadError";
                            error.type = errorType;
                            error.request = realSrc;
                            chunk[1](error);
                        }
                        installedChunks[chunkId] = undefined;
                    }
                };
                var timeout = setTimeout((function() {
                    onScriptComplete({
                        "type": "timeout",
                        "target": script
                    });
                }), 12e4);
                script.onerror = script.onload = onScriptComplete;
                document.head.appendChild(script);
            }
        }
        return Promise.all(promises);
    };
    __webpack_require__.m = modules;
    __webpack_require__.c = installedModules;
    __webpack_require__.d = function(exports, name, getter) {
        if (!__webpack_require__.o(exports, name)) {
            Object.defineProperty(exports, name, {
                "enumerable": true,
                "get": getter
            });
        }
    };
    __webpack_require__.r = function(exports) {
        if (typeof Symbol !== "undefined" && Symbol.toStringTag) {
            Object.defineProperty(exports, Symbol.toStringTag, {
                "value": "Module"
            });
        }
        Object.defineProperty(exports, "__esModule", {
            "value": true
        });
    };
    __webpack_require__.t = function(value, mode) {
        if (mode & 1) value = __webpack_require__(value);
        if (mode & 8) return value;
        if (mode & 4 && typeof value === "object" && value && value.__esModule) return value;
        var ns = Object.create(null);
        __webpack_require__.r(ns);
        Object.defineProperty(ns, "default", {
            "enumerable": true,
            "value": value
        });
        if (mode & 2 && typeof value != "string") for (var key in value) __webpack_require__.d(ns, key, function(key) {
            return value[key];
        }.bind(null, key));
        return ns;
    };
    __webpack_require__.n = function(module) {
        var getter = module && module.__esModule ? function getDefault() {
            return module["default"];
        } : function getModuleExports() {
            return module;
        };
        __webpack_require__.d(getter, "a", getter);
        return getter;
    };
    __webpack_require__.o = function(object, property) {
        return Object.prototype.hasOwnProperty.call(object, property);
    };
    __webpack_require__.p = "/";
    __webpack_require__.oe = function(err) {
        console.error(err);
        throw err;
    };
    var jsonpArray = window["webpackJsonp"] = window["webpackJsonp"] || [];
    var oldJsonpFunction = jsonpArray.push.bind(jsonpArray);
    jsonpArray.push = webpackJsonpCallback;
    jsonpArray = jsonpArray.slice();
    for (var i = 0; i < jsonpArray.length; i++) webpackJsonpCallback(jsonpArray[i]);
    var parentJsonpFunction = oldJsonpFunction;
    return __webpack_require__(__webpack_require__.s = 2);
})([ function(module, __webpack_exports__, __webpack_require__) {
    "use strict";
    __webpack_require__.r(__webpack_exports__);
    __webpack_require__.d(__webpack_exports__, "window", (function() {
        return window;
    }));
    __webpack_require__.d(__webpack_exports__, "createReactApp", (function() {
        return createReactApp;
    }));
    __webpack_require__.d(__webpack_exports__, "createVueApp", (function() {
        return createVueApp;
    }));
    __webpack_require__.d(__webpack_exports__, "createVue3App", (function() {
        return createVue3App;
    }));
    __webpack_exports__["default"] = "taro-runtime-mock";
    var window = {};
    function createReactApp() {}
    function createVueApp() {}
    function createVue3App() {}
}, function(module, exports, __webpack_require__) {
    var _require = __webpack_require__(0), hooks = _require.hooks;
    var taro = __webpack_require__(4).default;
    if (hooks.isExist("initNativeApi")) {
        hooks.call("initNativeApi", taro);
    }
    module.exports = taro;
    module.exports.default = module.exports;
}, function(module, exports, __webpack_require__) {
    module.exports = __webpack_require__(5);
}, function(module, exports, __webpack_require__) {}, function(module, __webpack_exports__, __webpack_require__) {
    "use strict";
    __webpack_require__.r(__webpack_exports__);
    __webpack_require__.d(__webpack_exports__, "default", (function() {
        return Taro;
    }));
    var interceptors_namespaceObject = {};
    __webpack_require__.r(interceptors_namespaceObject);
    __webpack_require__.d(interceptors_namespaceObject, "logInterceptor", (function() {
        return logInterceptor;
    }));
    __webpack_require__.d(interceptors_namespaceObject, "timeoutInterceptor", (function() {
        return timeoutInterceptor;
    }));
    var taro_runtime = __webpack_require__(0);
    var ENV_TYPE = {
        "WEAPP": "WEAPP",
        "SWAN": "SWAN",
        "ALIPAY": "ALIPAY",
        "TT": "TT",
        "QQ": "QQ",
        "JD": "JD",
        "WEB": "WEB",
        "RN": "RN",
        "HARMONY": "HARMONY",
        "QUICKAPP": "QUICKAPP",
        "HARMONYHYBRID": "HARMONYHYBRID"
    };
    function getEnv() {
        if (undefined === "weapp") {
            return ENV_TYPE.WEAPP;
        } else if (undefined === "alipay") {
            return ENV_TYPE.ALIPAY;
        } else if (undefined === "swan") {
            return ENV_TYPE.SWAN;
        } else if (undefined === "tt") {
            return ENV_TYPE.TT;
        } else if (undefined === "jd") {
            return ENV_TYPE.JD;
        } else if (undefined === "qq") {
            return ENV_TYPE.QQ;
        } else if (undefined === "harmony-hybrid") {
            return ENV_TYPE.HARMONYHYBRID;
        } else if (undefined === "h5" || "web" === "web") {
            return ENV_TYPE.WEB;
        } else if (undefined === "rn") {
            return ENV_TYPE.RN;
        } else if (undefined === "harmony" || "web" === "harmony") {
            return ENV_TYPE.HARMONY;
        } else if (undefined === "quickapp") {
            return ENV_TYPE.QUICKAPP;
        } else {
            return undefined || "Unknown";
        }
    }
    function _classCallCheck(instance, Constructor) {
        if (!(instance instanceof Constructor)) {
            throw new TypeError("Cannot call a class as a function");
        }
    }
    function _typeof(obj) {
        "@babel/helpers - typeof";
        return _typeof = "function" == typeof Symbol && "symbol" == typeof Symbol.iterator ? function(obj) {
            return typeof obj;
        } : function(obj) {
            return obj && "function" == typeof Symbol && obj.constructor === Symbol && obj !== Symbol.prototype ? "symbol" : typeof obj;
        }, _typeof(obj);
    }
    function _toPrimitive(input, hint) {
        if (_typeof(input) !== "object" || input === null) return input;
        var prim = input[Symbol.toPrimitive];
        if (prim !== undefined) {
            var res = prim.call(input, hint || "default");
            if (_typeof(res) !== "object") return res;
            throw new TypeError("@@toPrimitive must return a primitive value.");
        }
        return (hint === "string" ? String : Number)(input);
    }
    function _toPropertyKey(arg) {
        var key = _toPrimitive(arg, "string");
        return _typeof(key) === "symbol" ? key : String(key);
    }
    function _defineProperties(target, props) {
        for (var i = 0; i < props.length; i++) {
            var descriptor = props[i];
            descriptor.enumerable = descriptor.enumerable || false;
            descriptor.configurable = true;
            if ("value" in descriptor) descriptor.writable = true;
            Object.defineProperty(target, _toPropertyKey(descriptor.key), descriptor);
        }
    }
    function _createClass(Constructor, protoProps, staticProps) {
        if (protoProps) _defineProperties(Constructor.prototype, protoProps);
        if (staticProps) _defineProperties(Constructor, staticProps);
        Object.defineProperty(Constructor, "prototype", {
            "writable": false
        });
        return Constructor;
    }
    var taro_shared = "taro-shared-mock";
    var chain_Chain = function() {
        function Chain(requestParams, interceptors, index) {
            _classCallCheck(this, Chain);
            this.index = index || 0;
            this.requestParams = requestParams || {};
            this.interceptors = interceptors || [];
        }
        _createClass(Chain, [ {
            "key": "proceed",
            "value": function proceed() {
                var requestParams = arguments.length > 0 && arguments[0] !== undefined ? arguments[0] : {};
                this.requestParams = requestParams;
                if (this.index >= this.interceptors.length) {
                    throw new Error("chain 参数错误, 请勿直接修改 request.chain");
                }
                var nextInterceptor = this._getNextInterceptor();
                var nextChain = this._getNextChain();
                var p = nextInterceptor(nextChain);
                var res = p.catch((function(err) {
                    return Promise.reject(err);
                }));
                Object.keys(p).forEach((function(k) {
                    return undefined(p[k]) && (res[k] = p[k]);
                }));
                return res;
            }
        }, {
            "key": "_getNextInterceptor",
            "value": function _getNextInterceptor() {
                return this.interceptors[this.index];
            }
        }, {
            "key": "_getNextChain",
            "value": function _getNextChain() {
                return new Chain(this.requestParams, this.interceptors, this.index + 1);
            }
        } ]);
        return Chain;
    }();
    var interceptor_Link = function() {
        function Link(interceptor) {
            _classCallCheck(this, Link);
            this.taroInterceptor = interceptor;
            this.chain = new chain_Chain;
        }
        _createClass(Link, [ {
            "key": "request",
            "value": function request(requestParams) {
                var chain = this.chain;
                var taroInterceptor = this.taroInterceptor;
                chain.interceptors = chain.interceptors.filter((function(interceptor) {
                    return interceptor !== taroInterceptor;
                })).concat(taroInterceptor);
                return chain.proceed(Object.assign({}, requestParams));
            }
        }, {
            "key": "addInterceptor",
            "value": function addInterceptor(interceptor) {
                this.chain.interceptors.push(interceptor);
            }
        }, {
            "key": "cleanInterceptors",
            "value": function cleanInterceptors() {
                this.chain = new chain_Chain;
            }
        } ]);
        return Link;
    }();
    function interceptorify(promiseifyApi) {
        return new interceptor_Link((function(chain) {
            return promiseifyApi(chain.requestParams);
        }));
    }
    function timeoutInterceptor(chain) {
        var requestParams = chain.requestParams;
        var p;
        var res = new Promise((function(resolve, reject) {
            var timeout = setTimeout((function() {
                clearTimeout(timeout);
                reject(new Error("网络链接超时,请稍后再试！"));
            }), requestParams && requestParams.timeout || 6e4);
            p = chain.proceed(requestParams);
            p.then((function(res) {
                if (!timeout) return;
                clearTimeout(timeout);
                resolve(res);
            })).catch((function(err) {
                timeout && clearTimeout(timeout);
                reject(err);
            }));
        }));
        if (!undefined(p) && undefined(p.abort)) res.abort = p.abort;
        return res;
    }
    function logInterceptor(chain) {
        var requestParams = chain.requestParams;
        var method = requestParams.method, data = requestParams.data, url = requestParams.url;
        console.log("http ".concat(method || "GET", " --\\x3e ").concat(url, " data: "), data);
        var p = chain.proceed(requestParams);
        var res = p.then((function(res) {
            console.log("http <-- ".concat(url, " result:"), res);
            return res;
        }));
        if (undefined(p.abort)) res.abort = p.abort;
        return res;
    }
    function _defineProperty(obj, key, value) {
        key = _toPropertyKey(key);
        if (key in obj) {
            Object.defineProperty(obj, key, {
                "value": value,
                "enumerable": true,
                "configurable": true,
                "writable": true
            });
        } else {
            obj[key] = value;
        }
        return obj;
    }
    function Behavior(options) {
        return options;
    }
    function getPreload(current) {
        return function(key, val) {
            current.preloadData = undefined(key) ? key : _defineProperty({}, key, val);
        };
    }
    var defaultDesignWidth = 750;
    var defaultDesignRatio = {
        "640": 2.34 / 2,
        "750": 1,
        "828": 1.81 / 2
    };
    var defaultBaseFontSize = 20;
    var defaultUnitPrecision = 5;
    var defaultTargetUnit = "rpx";
    function getInitPxTransform(taro) {
        return function(config) {
            var _config$designWidth = config.designWidth, designWidth = _config$designWidth === void 0 ? defaultDesignWidth : _config$designWidth, _config$deviceRatio = config.deviceRatio, deviceRatio = _config$deviceRatio === void 0 ? defaultDesignRatio : _config$deviceRatio, _config$baseFontSize = config.baseFontSize, baseFontSize = _config$baseFontSize === void 0 ? defaultBaseFontSize : _config$baseFontSize, _config$targetUnit = config.targetUnit, targetUnit = _config$targetUnit === void 0 ? defaultTargetUnit : _config$targetUnit, _config$unitPrecision = config.unitPrecision, unitPrecision = _config$unitPrecision === void 0 ? defaultUnitPrecision : _config$unitPrecision;
            taro.config = taro.config || {};
            taro.config.designWidth = designWidth;
            taro.config.deviceRatio = deviceRatio;
            taro.config.baseFontSize = baseFontSize;
            taro.config.targetUnit = targetUnit;
            taro.config.unitPrecision = unitPrecision;
        };
    }
    function getPxTransform(taro) {
        return function(size) {
            var config = taro.config || {};
            var baseFontSize = config.baseFontSize;
            var deviceRatio = config.deviceRatio || defaultDesignRatio;
            var designWidth = function() {
                var input = arguments.length > 0 && arguments[0] !== undefined ? arguments[0] : 0;
                return undefined(config.designWidth) ? config.designWidth(input) : config.designWidth || defaultDesignWidth;
            }(size);
            if (!(designWidth in deviceRatio)) {
                throw new Error("deviceRatio 配置中不存在 ".concat(designWidth, " 的设置！"));
            }
            var targetUnit = config.targetUnit || defaultTargetUnit;
            var unitPrecision = config.unitPrecision || defaultUnitPrecision;
            var formatSize = ~~size;
            var rootValue = 1 / deviceRatio[designWidth];
            switch (targetUnit) {
              case "rem":
                rootValue *= baseFontSize * 2;
                break;

              case "px":
                rootValue *= 2;
                break;
            }
            var val = formatSize / rootValue;
            if (unitPrecision >= 0 && unitPrecision <= 100) {
                val = Number(val.toFixed(unitPrecision));
            }
            return val + targetUnit;
        };
    }
    var Taro = {
        "Behavior": Behavior,
        "getEnv": getEnv,
        "ENV_TYPE": ENV_TYPE,
        "Link": interceptor_Link,
        "interceptors": interceptors_namespaceObject,
        "Current": taro_runtime["Current"],
        "getCurrentInstance": taro_runtime["getCurrentInstance"],
        "options": taro_runtime["options"],
        "nextTick": taro_runtime["nextTick"],
        "eventCenter": taro_runtime["eventCenter"],
        "Events": taro_runtime["Events"],
        "getInitPxTransform": getInitPxTransform,
        "interceptorify": interceptorify
    };
    Taro.initPxTransform = getInitPxTransform(Taro);
    Taro.preload = getPreload(taro_runtime["Current"]);
    Taro.pxTransform = getPxTransform(Taro);
}, function(module, __webpack_exports__, __webpack_require__) {
    "use strict";
    __webpack_require__.r(__webpack_exports__);
    var taro = __webpack_require__(1);
    function createMultiRouter() {}
    function createRouter() {}
    var vue = "vue-mock";
    var app = __webpack_require__(3);
    var App = new vue({
        "onShow": function onShow() {},
        "render": function render(h) {
            return h("block", this.$slots.default);
        }
    });
    var src_app = App;
    var taro_runtime = __webpack_require__(0);
    function createReactApp() {}
    function createVueApp() {}
    function createVue3App() {}
    var config = {
        "router": {
            "mode": "hash",
            "customRoutes": {},
            "basename": "/"
        },
        "pages": [ "pages/index/index" ],
        "window": {
            "backgroundTextStyle": "light",
            "navigationBarBackgroundColor": "#fff",
            "navigationBarTitleText": "WeChat",
            "navigationBarTextStyle": "black"
        }
    };
    taro_runtime["window"].__taroAppConfig = config;
    if (config.tabBar) {
        var tabbarList = config.tabBar.list;
        for (var i = 0; i < tabbarList.length; i++) {
            var t = tabbarList[i];
            if (t.iconPath) {
                t.iconPath = tabbarIconPath[i];
            }
            if (t.selectedIconPath) {
                t.selectedIconPath = tabbarSelectedIconPath[i];
            }
        }
    }
    config.routes = [ Object.assign({
        "path": "pages/index/index",
        "load": function load(context, params) {
            var page = __webpack_require__.e(1).then(__webpack_require__.bind(null, 10));
            return [ page, context, params ];
        }
    }, {
        "navigationBarTitleText": "首页"
    }) ];
    var inst = createVueApp(src_app, vue, config);
    var app_config_history = undefined({
        "window": taro_runtime["window"]
    });
    undefined(config, app_config_history);
    createRouter(app_config_history, inst, config, vue);
    Object(taro["initPxTransform"])({
        "designWidth": 750,
        "deviceRatio": {
            "640": 1.17,
            "750": 1,
            "828": .905
        },
        "baseFontSize": 20,
        "unitPrecision": undefined,
        "targetUnit": undefined
    });
} ]);
"
`;
