// Jest Snapshot v1, https://goo.gl/fbAQLP

exports[`vue3 should build vue3 app 1`] = `4`;

exports[`vue3 should build vue3 app 2`] = `
"
/** filePath: dist/chunk/1.js **/
(window["webpackJsonp"] = window["webpackJsonp"] || []).push([ [ 1 ], {
    "14": function(module, __webpack_exports__, __webpack_require__) {
        "use strict";
        __webpack_require__.r(__webpack_exports__);
        var render = function render() {
            var _vm = this, _c = _vm._self._c;
            return _c("view", {
                "staticClass": "index"
            }, [ _c("text", [ _vm._v(_vm._s(_vm.msg)) ]) ]);
        };
        var staticRenderFns = [];
        render._withStripped = true;
        var vue = __webpack_require__(1);
        var indexvue_type_script_lang_js_ = {
            "setup": function setup() {
                var msg = Object(vue["ref"])("Hello world");
                return {
                    "msg": msg
                };
            }
        };
        var pages_indexvue_type_script_lang_js_ = indexvue_type_script_lang_js_;
        function normalizeComponent(scriptExports, render, staticRenderFns, functionalTemplate, injectStyles, scopeId, moduleIdentifier, shadowMode) {
            var options = typeof scriptExports === "function" ? scriptExports.options : scriptExports;
            if (render) {
                options.render = render;
                options.staticRenderFns = staticRenderFns;
                options._compiled = true;
            }
            if (functionalTemplate) {
                options.functional = true;
            }
            if (scopeId) {
                options._scopeId = "data-v-" + scopeId;
            }
            var hook;
            if (moduleIdentifier) {
                hook = function(context) {
                    context = context || this.$vnode && this.$vnode.ssrContext || this.parent && this.parent.$vnode && this.parent.$vnode.ssrContext;
                    if (!context && typeof __VUE_SSR_CONTEXT__ !== "undefined") {
                        context = __VUE_SSR_CONTEXT__;
                    }
                    if (injectStyles) {
                        injectStyles.call(this, context);
                    }
                    if (context && context._registeredComponents) {
                        context._registeredComponents.add(moduleIdentifier);
                    }
                };
                options._ssrRegister = hook;
            } else if (injectStyles) {
                hook = shadowMode ? function() {
                    injectStyles.call(this, (options.functional ? this.parent : this).$root.$options.shadowRoot);
                } : injectStyles;
            }
            if (hook) {
                if (options.functional) {
                    options._injectStyles = hook;
                    var originalRender = options.render;
                    options.render = function renderWithStyleInjection(h, context) {
                        hook.call(context);
                        return originalRender(h, context);
                    };
                } else {
                    var existing = options.beforeCreate;
                    options.beforeCreate = existing ? [].concat(existing, hook) : [ hook ];
                }
            }
            return {
                "exports": scriptExports,
                "options": options
            };
        }
        var component = normalizeComponent(pages_indexvue_type_script_lang_js_, render, staticRenderFns, false, null, null, null);
        var index = __webpack_exports__["default"] = component.exports;
    }
} ]);

/** filePath: dist/css/app.css **/


/** filePath: dist/index.html **/
<!doctype html><html><head><meta content="text/html; charset=utf-8" http-equiv="Content-Type"><meta content="width=device-width,initial-scale=1,user-scalable=no" name="viewport"><meta name="apple-mobile-web-app-capable" content="yes"><meta name="apple-touch-fullscreen" content="yes"><meta name="format-detection" content="telephone=no,address=no"><meta name="apple-mobile-web-app-status-bar-style" content="white"><meta http-equiv="X-UA-Compatible" content="IE=edge,chrome=1"><title></title><script>!function(x){function w(){var v,u,t,tes,s=x.document,r=s.documentElement,a=r.getBoundingClientRect().width;if(!v&&!u){var n=!!x.navigator.appVersion.match(/AppleWebKit.*Mobile.*/);v=x.devicePixelRatio;tes=x.devicePixelRatio;v=n?v:1,u=1/v}if(a>=640){r.style.fontSize="40px"}else{if(a<=320){r.style.fontSize="20px"}else{r.style.fontSize=a/320*20+"px"}}}x.addEventListener("resize",function(){w()});w()}(window);</script><link href="/css/app.css" rel="stylesheet"></head><body><div id="app"></div><script src="/js/app.js"></script></body></html>

/** filePath: dist/js/app.js **/
(function(modules) {
    function webpackJsonpCallback(data) {
        var chunkIds = data[0];
        var moreModules = data[1];
        var moduleId, chunkId, i = 0, resolves = [];
        for (;i < chunkIds.length; i++) {
            chunkId = chunkIds[i];
            if (Object.prototype.hasOwnProperty.call(installedChunks, chunkId) && installedChunks[chunkId]) {
                resolves.push(installedChunks[chunkId][0]);
            }
            installedChunks[chunkId] = 0;
        }
        for (moduleId in moreModules) {
            if (Object.prototype.hasOwnProperty.call(moreModules, moduleId)) {
                modules[moduleId] = moreModules[moduleId];
            }
        }
        if (parentJsonpFunction) parentJsonpFunction(data);
        while (resolves.length) {
            resolves.shift()();
        }
    }
    var installedModules = {};
    var installedChunks = {
        "0": 0
    };
    function jsonpScriptSrc(chunkId) {
        return __webpack_require__.p + "chunk/" + ({}[chunkId] || chunkId) + ".js";
    }
    function __webpack_require__(moduleId) {
        if (installedModules[moduleId]) {
            return installedModules[moduleId].exports;
        }
        var module = installedModules[moduleId] = {
            "i": moduleId,
            "l": false,
            "exports": {}
        };
        modules[moduleId].call(module.exports, module, module.exports, __webpack_require__);
        module.l = true;
        return module.exports;
    }
    __webpack_require__.e = function requireEnsure(chunkId) {
        var promises = [];
        var installedChunkData = installedChunks[chunkId];
        if (installedChunkData !== 0) {
            if (installedChunkData) {
                promises.push(installedChunkData[2]);
            } else {
                var promise = new Promise((function(resolve, reject) {
                    installedChunkData = installedChunks[chunkId] = [ resolve, reject ];
                }));
                promises.push(installedChunkData[2] = promise);
                var script = document.createElement("script");
                var onScriptComplete;
                script.charset = "utf-8";
                script.timeout = 120;
                if (__webpack_require__.nc) {
                    script.setAttribute("nonce", __webpack_require__.nc);
                }
                script.src = jsonpScriptSrc(chunkId);
                var error = new Error;
                onScriptComplete = function(event) {
                    script.onerror = script.onload = null;
                    clearTimeout(timeout);
                    var chunk = installedChunks[chunkId];
                    if (chunk !== 0) {
                        if (chunk) {
                            var errorType = event && (event.type === "load" ? "missing" : event.type);
                            var realSrc = event && event.target && event.target.src;
                            error.message = "Loading chunk " + chunkId + " failed.\\n(" + errorType + ": " + realSrc + ")";
                            error.name = "ChunkLoadError";
                            error.type = errorType;
                            error.request = realSrc;
                            chunk[1](error);
                        }
                        installedChunks[chunkId] = undefined;
                    }
                };
                var timeout = setTimeout((function() {
                    onScriptComplete({
                        "type": "timeout",
                        "target": script
                    });
                }), 12e4);
                script.onerror = script.onload = onScriptComplete;
                document.head.appendChild(script);
            }
        }
        return Promise.all(promises);
    };
    __webpack_require__.m = modules;
    __webpack_require__.c = installedModules;
    __webpack_require__.d = function(exports, name, getter) {
        if (!__webpack_require__.o(exports, name)) {
            Object.defineProperty(exports, name, {
                "enumerable": true,
                "get": getter
            });
        }
    };
    __webpack_require__.r = function(exports) {
        if (typeof Symbol !== "undefined" && Symbol.toStringTag) {
            Object.defineProperty(exports, Symbol.toStringTag, {
                "value": "Module"
            });
        }
        Object.defineProperty(exports, "__esModule", {
            "value": true
        });
    };
    __webpack_require__.t = function(value, mode) {
        if (mode & 1) value = __webpack_require__(value);
        if (mode & 8) return value;
        if (mode & 4 && typeof value === "object" && value && value.__esModule) return value;
        var ns = Object.create(null);
        __webpack_require__.r(ns);
        Object.defineProperty(ns, "default", {
            "enumerable": true,
            "value": value
        });
        if (mode & 2 && typeof value != "string") for (var key in value) __webpack_require__.d(ns, key, function(key) {
            return value[key];
        }.bind(null, key));
        return ns;
    };
    __webpack_require__.n = function(module) {
        var getter = module && module.__esModule ? function getDefault() {
            return module["default"];
        } : function getModuleExports() {
            return module;
        };
        __webpack_require__.d(getter, "a", getter);
        return getter;
    };
    __webpack_require__.o = function(object, property) {
        return Object.prototype.hasOwnProperty.call(object, property);
    };
    __webpack_require__.p = "/";
    __webpack_require__.oe = function(err) {
        console.error(err);
        throw err;
    };
    var jsonpArray = window["webpackJsonp"] = window["webpackJsonp"] || [];
    var oldJsonpFunction = jsonpArray.push.bind(jsonpArray);
    jsonpArray.push = webpackJsonpCallback;
    jsonpArray = jsonpArray.slice();
    for (var i = 0; i < jsonpArray.length; i++) webpackJsonpCallback(jsonpArray[i]);
    var parentJsonpFunction = oldJsonpFunction;
    return __webpack_require__(__webpack_require__.s = 9);
})([ function(module, __webpack_exports__, __webpack_require__) {
    "use strict";
    __webpack_require__.r(__webpack_exports__);
    __webpack_require__.d(__webpack_exports__, "window", (function() {
        return window;
    }));
    __webpack_require__.d(__webpack_exports__, "createReactApp", (function() {
        return createReactApp;
    }));
    __webpack_require__.d(__webpack_exports__, "createVueApp", (function() {
        return createVueApp;
    }));
    __webpack_require__.d(__webpack_exports__, "createVue3App", (function() {
        return createVue3App;
    }));
    __webpack_exports__["default"] = "taro-runtime-mock";
    var window = {};
    function createReactApp() {}
    function createVueApp() {}
    function createVue3App() {}
}, function(module, __webpack_exports__, __webpack_require__) {
    "use strict";
    var _unused_webpack_default_export = "vue-mock";
}, function(module, exports) {
    function _typeof(obj) {
        "@babel/helpers - typeof";
        return module.exports = _typeof = "function" == typeof Symbol && "symbol" == typeof Symbol.iterator ? function(obj) {
            return typeof obj;
        } : function(obj) {
            return obj && "function" == typeof Symbol && obj.constructor === Symbol && obj !== Symbol.prototype ? "symbol" : typeof obj;
        }, module.exports.__esModule = true, module.exports["default"] = module.exports, 
        _typeof(obj);
    }
    module.exports = _typeof, module.exports.__esModule = true, module.exports["default"] = module.exports;
}, function(module, exports, __webpack_require__) {
    var toPropertyKey = __webpack_require__(6);
    function _defineProperty(obj, key, value) {
        key = toPropertyKey(key);
        if (key in obj) {
            Object.defineProperty(obj, key, {
                "value": value,
                "enumerable": true,
                "configurable": true,
                "writable": true
            });
        } else {
            obj[key] = value;
        }
        return obj;
    }
    module.exports = _defineProperty, module.exports.__esModule = true, module.exports["default"] = module.exports;
}, function(module, exports) {
    function _classCallCheck(instance, Constructor) {
        if (!(instance instanceof Constructor)) {
            throw new TypeError("Cannot call a class as a function");
        }
    }
    module.exports = _classCallCheck, module.exports.__esModule = true, module.exports["default"] = module.exports;
}, function(module, exports, __webpack_require__) {
    var toPropertyKey = __webpack_require__(6);
    function _defineProperties(target, props) {
        for (var i = 0; i < props.length; i++) {
            var descriptor = props[i];
            descriptor.enumerable = descriptor.enumerable || false;
            descriptor.configurable = true;
            if ("value" in descriptor) descriptor.writable = true;
            Object.defineProperty(target, toPropertyKey(descriptor.key), descriptor);
        }
    }
    function _createClass(Constructor, protoProps, staticProps) {
        if (protoProps) _defineProperties(Constructor.prototype, protoProps);
        if (staticProps) _defineProperties(Constructor, staticProps);
        Object.defineProperty(Constructor, "prototype", {
            "writable": false
        });
        return Constructor;
    }
    module.exports = _createClass, module.exports.__esModule = true, module.exports["default"] = module.exports;
}, function(module, exports, __webpack_require__) {
    var _typeof = __webpack_require__(2)["default"];
    var toPrimitive = __webpack_require__(10);
    function _toPropertyKey(arg) {
        var key = toPrimitive(arg, "string");
        return _typeof(key) === "symbol" ? key : String(key);
    }
    module.exports = _toPropertyKey, module.exports.__esModule = true, module.exports["default"] = module.exports;
}, function(module, exports, __webpack_require__) {
    var _require = __webpack_require__(0), hooks = _require.hooks;
    var taro = __webpack_require__(13).default;
    if (hooks.isExist("initNativeApi")) {
        hooks.call("initNativeApi", taro);
    }
    module.exports = taro;
    module.exports.default = module.exports;
}, function(module, exports, __webpack_require__) {
    var defineProperty = __webpack_require__(3);
    function ownKeys(object, enumerableOnly) {
        var keys = Object.keys(object);
        if (Object.getOwnPropertySymbols) {
            var symbols = Object.getOwnPropertySymbols(object);
            enumerableOnly && (symbols = symbols.filter((function(sym) {
                return Object.getOwnPropertyDescriptor(object, sym).enumerable;
            }))), keys.push.apply(keys, symbols);
        }
        return keys;
    }
    function _objectSpread2(target) {
        for (var i = 1; i < arguments.length; i++) {
            var source = null != arguments[i] ? arguments[i] : {};
            i % 2 ? ownKeys(Object(source), !0).forEach((function(key) {
                defineProperty(target, key, source[key]);
            })) : Object.getOwnPropertyDescriptors ? Object.defineProperties(target, Object.getOwnPropertyDescriptors(source)) : ownKeys(Object(source)).forEach((function(key) {
                Object.defineProperty(target, key, Object.getOwnPropertyDescriptor(source, key));
            }));
        }
        return target;
    }
    module.exports = _objectSpread2, module.exports.__esModule = true, module.exports["default"] = module.exports;
}, function(module, exports, __webpack_require__) {
    module.exports = __webpack_require__(12);
}, function(module, exports, __webpack_require__) {
    var _typeof = __webpack_require__(2)["default"];
    function _toPrimitive(input, hint) {
        if (_typeof(input) !== "object" || input === null) return input;
        var prim = input[Symbol.toPrimitive];
        if (prim !== undefined) {
            var res = prim.call(input, hint || "default");
            if (_typeof(res) !== "object") return res;
            throw new TypeError("@@toPrimitive must return a primitive value.");
        }
        return (hint === "string" ? String : Number)(input);
    }
    module.exports = _toPrimitive, module.exports.__esModule = true, module.exports["default"] = module.exports;
}, function(module, exports, __webpack_require__) {}, function(module, __webpack_exports__, __webpack_require__) {
    "use strict";
    __webpack_require__.r(__webpack_exports__);
    var taro = __webpack_require__(7);
    function createMultiRouter() {}
    function createRouter() {}
    var vue = __webpack_require__(1);
    var app = __webpack_require__(11);
    var App = Object(vue["createApp"])({
        "onShow": function onShow(options) {}
    });
    var src_app = App;
    var taro_runtime = __webpack_require__(0);
    function createReactApp() {}
    function createVueApp() {}
    function createVue3App() {}
    var config = {
        "router": {
            "mode": "hash",
            "customRoutes": {},
            "basename": "/"
        },
        "pages": [ "pages/index/index" ],
        "window": {
            "backgroundTextStyle": "light",
            "navigationBarBackgroundColor": "#fff",
            "navigationBarTitleText": "WeChat",
            "navigationBarTextStyle": "black"
        }
    };
    taro_runtime["window"].__taroAppConfig = config;
    if (config.tabBar) {
        var tabbarList = config.tabBar.list;
        for (var i = 0; i < tabbarList.length; i++) {
            var t = tabbarList[i];
            if (t.iconPath) {
                t.iconPath = tabbarIconPath[i];
            }
            if (t.selectedIconPath) {
                t.selectedIconPath = tabbarSelectedIconPath[i];
            }
        }
    }
    config.routes = [ Object.assign({
        "path": "pages/index/index",
        "load": function load(context, params) {
            var page = __webpack_require__.e(1).then(__webpack_require__.bind(null, 14));
            return [ page, context, params ];
        }
    }, {
        "navigationBarTitleText": "首页"
    }) ];
    var inst = createVue3App(src_app, vue["h"], config);
    createRouter(inst, config, vue["h"]);
    Object(taro["initPxTransform"])({
        "designWidth": 750,
        "deviceRatio": {
            "640": 1.17,
            "750": 1,
            "828": .905
        },
        "baseFontSize": 20,
        "unitPrecision": undefined,
        "targetUnit": undefined
    });
}, function(module, __webpack_exports__, __webpack_require__) {
    "use strict";
    __webpack_require__.r(__webpack_exports__);
    __webpack_require__.d(__webpack_exports__, "default", (function() {
        return Taro;
    }));
    var helpers_typeof = __webpack_require__(2);
    var typeof_default = __webpack_require__.n(helpers_typeof);
    var taro_runtime = __webpack_require__(0);
    var taro_shared = "taro-shared-mock";
    var objectSpread2 = __webpack_require__(8);
    var objectSpread2_default = __webpack_require__.n(objectSpread2);
    var classCallCheck = __webpack_require__(4);
    var classCallCheck_default = __webpack_require__.n(classCallCheck);
    var createClass = __webpack_require__(5);
    var createClass_default = __webpack_require__.n(createClass);
    var defineProperty = __webpack_require__(3);
    var defineProperty_default = __webpack_require__.n(defineProperty);
    function isFunction(x) {
        return typeof x === "function";
    }
    function isUndefined(x) {
        return typeof x === "undefined";
    }
    function isObject(x) {
        return x && typeof_default()(x) === "object";
    }
    var isBadObj = function isBadObj(x) {
        return !isObject(x);
    };
    function throwTypeError(s) {
        throw new TypeError(s);
    }
    if (!isFunction(Object.assign)) {
        Object.assign = function(target) {
            if (target == null) {
                throwTypeError("Cannot convert undefined or null to object");
            }
            var to = Object(target);
            for (var index = 1; index < arguments.length; index++) {
                var nextSource = arguments[index];
                if (nextSource != null) {
                    for (var nextKey in nextSource) {
                        if (Object.prototype.hasOwnProperty.call(nextSource, nextKey)) {
                            to[nextKey] = nextSource[nextKey];
                        }
                    }
                }
            }
            return to;
        };
    }
    if (!isFunction(Object.defineProperties)) {
        Object.defineProperties = function(obj, properties) {
            function convertToDescriptor(desc) {
                function hasProperty(obj, prop) {
                    return Object.prototype.hasOwnProperty.call(obj, prop);
                }
                if (isBadObj(desc)) {
                    throwTypeError("bad desc");
                }
                var d = {};
                if (hasProperty(desc, "enumerable")) d.enumerable = !!desc.enumerable;
                if (hasProperty(desc, "configurable")) {
                    d.configurable = !!desc.configurable;
                }
                if (hasProperty(desc, "value")) d.value = desc.value;
                if (hasProperty(desc, "writable")) d.writable = !!desc.writable;
                if (hasProperty(desc, "get")) {
                    var g = desc.get;
                    if (!isFunction(g) && !isUndefined(g)) {
                        throwTypeError("bad get");
                    }
                    d.get = g;
                }
                if (hasProperty(desc, "set")) {
                    var s = desc.set;
                    if (!isFunction(s) && !isUndefined(s)) {
                        throwTypeError("bad set");
                    }
                    d.set = s;
                }
                if (("get" in d || "set" in d) && ("value" in d || "writable" in d)) {
                    throwTypeError("identity-confused descriptor");
                }
                return d;
            }
            if (isBadObj(obj)) throwTypeError("bad obj");
            properties = Object(properties);
            var keys = Object.keys(properties);
            var descs = [];
            for (var i = 0; i < keys.length; i++) {
                descs.push([ keys[i], convertToDescriptor(properties[keys[i]]) ]);
            }
            for (var _i = 0; _i < descs.length; _i++) {
                Object.defineProperty(obj, descs[_i][0], descs[_i][1]);
            }
            return obj;
        };
    }
    var ENV_TYPE = {
        "WEAPP": "WEAPP",
        "SWAN": "SWAN",
        "ALIPAY": "ALIPAY",
        "TT": "TT",
        "QQ": "QQ",
        "JD": "JD",
        "WEB": "WEB",
        "RN": "RN",
        "HARMONY": "HARMONY",
        "QUICKAPP": "QUICKAPP"
    };
    var isWeb = undefined();
    function getEnv() {
        if (false) {} else if (false) {} else if (false) {} else if (false) {} else if (false) {} else if (false) {} else if (isWeb) {
            return ENV_TYPE.WEB;
        } else if (false) {} else if (false) {} else if (false) {} else {
            return "h5" || false;
        }
    }
    var index_esm_Chain = function() {
        function Chain(requestParams, interceptors, index) {
            classCallCheck_default()(this, Chain);
            this.index = index || 0;
            this.requestParams = requestParams;
            this.interceptors = interceptors || [];
        }
        createClass_default()(Chain, [ {
            "key": "proceed",
            "value": function proceed(requestParams) {
                this.requestParams = requestParams;
                if (this.index >= this.interceptors.length) {
                    throw new Error("chain 参数错误, 请勿直接修改 request.chain");
                }
                var nextInterceptor = this._getNextInterceptor();
                var nextChain = this._getNextChain();
                var p = nextInterceptor(nextChain);
                var res = p.catch((function(err) {
                    return Promise.reject(err);
                }));
                Object.keys(p).forEach((function(k) {
                    return isFunction(p[k]) && (res[k] = p[k]);
                }));
                return res;
            }
        }, {
            "key": "_getNextInterceptor",
            "value": function _getNextInterceptor() {
                return this.interceptors[this.index];
            }
        }, {
            "key": "_getNextChain",
            "value": function _getNextChain() {
                return new Chain(this.requestParams, this.interceptors, this.index + 1);
            }
        } ]);
        return Chain;
    }();
    var index_esm_Link = function() {
        function Link(interceptor) {
            classCallCheck_default()(this, Link);
            this.taroInterceptor = interceptor;
            this.chain = new index_esm_Chain;
        }
        createClass_default()(Link, [ {
            "key": "request",
            "value": function request(requestParams) {
                var chain = this.chain;
                var taroInterceptor = this.taroInterceptor;
                chain.interceptors = chain.interceptors.filter((function(interceptor) {
                    return interceptor !== taroInterceptor;
                })).concat(taroInterceptor);
                return chain.proceed(objectSpread2_default()({}, requestParams));
            }
        }, {
            "key": "addInterceptor",
            "value": function addInterceptor(interceptor) {
                this.chain.interceptors.push(interceptor);
            }
        }, {
            "key": "cleanInterceptors",
            "value": function cleanInterceptors() {
                this.chain = new index_esm_Chain;
            }
        } ]);
        return Link;
    }();
    function interceptorify(promiseifyApi) {
        return new index_esm_Link((function(chain) {
            return promiseifyApi(chain.requestParams);
        }));
    }
    function timeoutInterceptor(chain) {
        var requestParams = chain.requestParams;
        var p;
        var res = new Promise((function(resolve, reject) {
            var timeout = setTimeout((function() {
                timeout = null;
                reject(new Error("网络链接超时,请稍后再试！"));
            }), requestParams && requestParams.timeout || 6e4);
            p = chain.proceed(requestParams);
            p.then((function(res) {
                if (!timeout) return;
                clearTimeout(timeout);
                resolve(res);
            })).catch((function(err) {
                timeout && clearTimeout(timeout);
                reject(err);
            }));
        }));
        if (!isUndefined(p) && isFunction(p.abort)) res.abort = p.abort;
        return res;
    }
    function logInterceptor(chain) {
        var requestParams = chain.requestParams;
        var method = requestParams.method, data = requestParams.data, url = requestParams.url;
        console.log("http ".concat(method || "GET", " --\\x3e ").concat(url, " data: "), data);
        var p = chain.proceed(requestParams);
        var res = p.then((function(res) {
            console.log("http <-- ".concat(url, " result:"), res);
            return res;
        }));
        if (isFunction(p.abort)) res.abort = p.abort;
        return res;
    }
    var index_esm_interceptors = Object.freeze({
        "__proto__": null,
        "timeoutInterceptor": timeoutInterceptor,
        "logInterceptor": logInterceptor
    });
    function Behavior(options) {
        return options;
    }
    function getPreload(current) {
        return function(key, val) {
            current.preloadData = isObject(key) ? key : defineProperty_default()({}, key, val);
        };
    }
    var defaultDesignWidth = 750;
    var defaultDesignRatio = {
        "640": 2.34 / 2,
        "750": 1,
        "828": 1.81 / 2
    };
    var defaultBaseFontSize = 20;
    var defaultUnitPrecision = 5;
    var defaultTargetUnit = "rpx";
    function getInitPxTransform(taro) {
        return function(config) {
            var _config$designWidth = config.designWidth, designWidth = _config$designWidth === void 0 ? defaultDesignWidth : _config$designWidth, _config$deviceRatio = config.deviceRatio, deviceRatio = _config$deviceRatio === void 0 ? defaultDesignRatio : _config$deviceRatio, _config$baseFontSize = config.baseFontSize, baseFontSize = _config$baseFontSize === void 0 ? defaultBaseFontSize : _config$baseFontSize, _config$targetUnit = config.targetUnit, targetUnit = _config$targetUnit === void 0 ? defaultTargetUnit : _config$targetUnit, _config$unitPrecision = config.unitPrecision, unitPrecision = _config$unitPrecision === void 0 ? defaultUnitPrecision : _config$unitPrecision;
            taro.config = taro.config || {};
            taro.config.designWidth = designWidth;
            taro.config.deviceRatio = deviceRatio;
            taro.config.baseFontSize = baseFontSize;
            taro.config.targetUnit = targetUnit;
            taro.config.unitPrecision = unitPrecision;
        };
    }
    function getPxTransform(taro) {
        return function(size) {
            var config = taro.config || {};
            var deviceRatio = config.deviceRatio || defaultDesignRatio;
            var baseFontSize = config.baseFontSize;
            var designWidth = function() {
                var input = arguments.length > 0 && arguments[0] !== undefined ? arguments[0] : 0;
                return isFunction(config.designWidth) ? config.designWidth(input) : config.designWidth || defaultDesignWidth;
            }(size);
            if (!(designWidth in deviceRatio)) {
                throw new Error("deviceRatio 配置中不存在 ".concat(designWidth, " 的设置！"));
            }
            var formatSize = ~~size;
            var rootValue = 1 / deviceRatio[designWidth];
            switch (config.targetUnit) {
              case "rem":
                rootValue *= baseFontSize * 2;
                break;

              case "px":
                rootValue *= 2;
                break;
            }
            var val = formatSize / rootValue;
            if (config.unitPrecision >= 0 && config.unitPrecision <= 100) {
                val = Number(val.toFixed(config.unitPrecision));
            }
            return val + config.targetUnit;
        };
    }
    var Taro = {
        "Behavior": Behavior,
        "getEnv": getEnv,
        "ENV_TYPE": ENV_TYPE,
        "Link": index_esm_Link,
        "interceptors": index_esm_interceptors,
        "Current": taro_runtime["Current"],
        "getCurrentInstance": taro_runtime["getCurrentInstance"],
        "options": taro_runtime["options"],
        "nextTick": taro_runtime["nextTick"],
        "eventCenter": taro_runtime["eventCenter"],
        "Events": taro_runtime["Events"],
        "getInitPxTransform": getInitPxTransform,
        "interceptorify": interceptorify
    };
    Taro.initPxTransform = getInitPxTransform(Taro);
    Taro.preload = getPreload(taro_runtime["Current"]);
    Taro.pxTransform = getPxTransform(Taro);
} ]);
"
`;
